../Core/Src/main.c:135:5:main	8	static
../Core/Src/main.c:275:6:SystemClock_Config	88	static
../Core/Src/main.c:329:13:MX_ADC1_Init	24	static
../Core/Src/main.c:399:13:MX_CAN1_Init	8	static
../Core/Src/main.c:436:13:MX_UART4_Init	8	static
../Core/Src/main.c:469:13:MX_DMA_Init	16	static
../Core/Src/main.c:487:13:MX_GPIO_Init	24	static
../Core/Src/main.c:503:6:HAL_CAN_TxMailbox0CompleteCallback	16	static
../Core/Src/main.c:508:6:HAL_CAN_RxFifo0MsgPendingCallback	16	static
../Core/Src/main.c:517:6:HAL_ADC_ConvCpltCallback	16	static
../Core/Src/main.c:532:6:StartDefaultTask	16	static
../Core/Src/main.c:552:6:CAN_Transmit	16	static
../Core/Src/main.c:573:6:usb_data	16	static
../Core/Src/main.c:591:6:maquina_estats	16	static
../Core/Src/main.c:609:6:LECTURA_ADCs	16	static
../Core/Src/main.c:629:6:HAL_TIM_PeriodElapsedCallback	16	static
../Core/Src/main.c:646:6:Error_Handler	4	static,ignoring_inline_asm
