../Core/Src/main.c:115:5:main	8	static
../Core/Src/main.c:249:6:SystemClock_Config	88	static
../Core/Src/main.c:303:13:MX_ADC1_Init	24	static
../Core/Src/main.c:373:13:MX_CAN1_Init	8	static
../Core/Src/main.c:410:13:MX_UART4_Init	8	static
../Core/Src/main.c:443:13:MX_DMA_Init	16	static
../Core/Src/main.c:461:13:MX_GPIO_Init	24	static
../Core/Src/main.c:477:6:HAL_CAN_TxMailbox0CompleteCallback	16	static
../Core/Src/main.c:482:6:HAL_CAN_RxFifo0MsgPendingCallback	16	static
../Core/Src/main.c:491:6:HAL_ADC_ConvCpltCallback	24	static
../Core/Src/main.c:510:6:Maquina_estats	16	static
../Core/Src/main.c:530:6:CAN_Transmit	16	static
../Core/Src/main.c:551:6:usb_data	16	static
../Core/Src/main.c:570:6:HAL_TIM_PeriodElapsedCallback	16	static
../Core/Src/main.c:587:6:Error_Handler	4	static,ignoring_inline_asm
