../Core/Src/main.c:80:5:main	16	static
../Core/Src/main.c:182:6:SystemClock_Config	96	static
../Core/Src/main.c:243:13:MX_CAN1_Init	8	static
../Core/Src/main.c:280:13:MX_LPUART1_UART_Init	8	static
../Core/Src/main.c:314:13:MX_USB_OTG_FS_PCD_Init	8	static
../Core/Src/main.c:349:13:MX_GPIO_Init	56	static
../Core/Src/main.c:401:6:HAL_CAN_TxMailbox0CompleteCallback	16	static
../Core/Src/main.c:408:6:HAL_CAN_RxFifo0MsgPendingCallback	16	static
../Core/Src/main.c:425:6:Error_Handler	4	static,ignoring_inline_asm
