Archive member included to satisfy reference by file (symbol)

C:/ST/STM32CubeIDE_1.13.2/STM32CubeIDE/plugins/com.st.stm32cube.ide.mcu.externaltools.gnu-tools-for-stm32.11.3.rel1.win32_1.1.1.202309131626/tools/bin/../lib/gcc/arm-none-eabi/11.3.1/../../../../arm-none-eabi/lib/thumb/v7e-m+dp/hard\libc_nano.a(libc_a-exit.o)
                              C:/ST/STM32CubeIDE_1.13.2/STM32CubeIDE/plugins/com.st.stm32cube.ide.mcu.externaltools.gnu-tools-for-stm32.11.3.rel1.win32_1.1.1.202309131626/tools/bin/../lib/gcc/arm-none-eabi/11.3.1/../../../../arm-none-eabi/lib/thumb/v7e-m+dp/hard/crt0.o (exit)
C:/ST/STM32CubeIDE_1.13.2/STM32CubeIDE/plugins/com.st.stm32cube.ide.mcu.externaltools.gnu-tools-for-stm32.11.3.rel1.win32_1.1.1.202309131626/tools/bin/../lib/gcc/arm-none-eabi/11.3.1/../../../../arm-none-eabi/lib/thumb/v7e-m+dp/hard\libc_nano.a(libc_a-malloc.o)
                              ./Middlewares/ST/STM32_USB_Device_Library/Class/CDC/Src/usbd_cdc.o (malloc)
C:/ST/STM32CubeIDE_1.13.2/STM32CubeIDE/plugins/com.st.stm32cube.ide.mcu.externaltools.gnu-tools-for-stm32.11.3.rel1.win32_1.1.1.202309131626/tools/bin/../lib/gcc/arm-none-eabi/11.3.1/../../../../arm-none-eabi/lib/thumb/v7e-m+dp/hard\libc_nano.a(libc_a-mallocr.o)
                              C:/ST/STM32CubeIDE_1.13.2/STM32CubeIDE/plugins/com.st.stm32cube.ide.mcu.externaltools.gnu-tools-for-stm32.11.3.rel1.win32_1.1.1.202309131626/tools/bin/../lib/gcc/arm-none-eabi/11.3.1/../../../../arm-none-eabi/lib/thumb/v7e-m+dp/hard\libc_nano.a(libc_a-malloc.o) (_malloc_r)
C:/ST/STM32CubeIDE_1.13.2/STM32CubeIDE/plugins/com.st.stm32cube.ide.mcu.externaltools.gnu-tools-for-stm32.11.3.rel1.win32_1.1.1.202309131626/tools/bin/../lib/gcc/arm-none-eabi/11.3.1/../../../../arm-none-eabi/lib/thumb/v7e-m+dp/hard\libc_nano.a(libc_a-mlock.o)
                              C:/ST/STM32CubeIDE_1.13.2/STM32CubeIDE/plugins/com.st.stm32cube.ide.mcu.externaltools.gnu-tools-for-stm32.11.3.rel1.win32_1.1.1.202309131626/tools/bin/../lib/gcc/arm-none-eabi/11.3.1/../../../../arm-none-eabi/lib/thumb/v7e-m+dp/hard\libc_nano.a(libc_a-mallocr.o) (__malloc_lock)
C:/ST/STM32CubeIDE_1.13.2/STM32CubeIDE/plugins/com.st.stm32cube.ide.mcu.externaltools.gnu-tools-for-stm32.11.3.rel1.win32_1.1.1.202309131626/tools/bin/../lib/gcc/arm-none-eabi/11.3.1/../../../../arm-none-eabi/lib/thumb/v7e-m+dp/hard\libc_nano.a(libc_a-findfp.o)
                              C:/ST/STM32CubeIDE_1.13.2/STM32CubeIDE/plugins/com.st.stm32cube.ide.mcu.externaltools.gnu-tools-for-stm32.11.3.rel1.win32_1.1.1.202309131626/tools/bin/../lib/gcc/arm-none-eabi/11.3.1/../../../../arm-none-eabi/lib/thumb/v7e-m+dp/hard\libc_nano.a(libc_a-exit.o) (__stdio_exit_handler)
C:/ST/STM32CubeIDE_1.13.2/STM32CubeIDE/plugins/com.st.stm32cube.ide.mcu.externaltools.gnu-tools-for-stm32.11.3.rel1.win32_1.1.1.202309131626/tools/bin/../lib/gcc/arm-none-eabi/11.3.1/../../../../arm-none-eabi/lib/thumb/v7e-m+dp/hard\libc_nano.a(libc_a-fwalk.o)
                              C:/ST/STM32CubeIDE_1.13.2/STM32CubeIDE/plugins/com.st.stm32cube.ide.mcu.externaltools.gnu-tools-for-stm32.11.3.rel1.win32_1.1.1.202309131626/tools/bin/../lib/gcc/arm-none-eabi/11.3.1/../../../../arm-none-eabi/lib/thumb/v7e-m+dp/hard\libc_nano.a(libc_a-findfp.o) (_fwalk_sglue)
C:/ST/STM32CubeIDE_1.13.2/STM32CubeIDE/plugins/com.st.stm32cube.ide.mcu.externaltools.gnu-tools-for-stm32.11.3.rel1.win32_1.1.1.202309131626/tools/bin/../lib/gcc/arm-none-eabi/11.3.1/../../../../arm-none-eabi/lib/thumb/v7e-m+dp/hard\libc_nano.a(libc_a-sprintf.o)
                              ./Core/Src/main.o (sprintf)
C:/ST/STM32CubeIDE_1.13.2/STM32CubeIDE/plugins/com.st.stm32cube.ide.mcu.externaltools.gnu-tools-for-stm32.11.3.rel1.win32_1.1.1.202309131626/tools/bin/../lib/gcc/arm-none-eabi/11.3.1/../../../../arm-none-eabi/lib/thumb/v7e-m+dp/hard\libc_nano.a(libc_a-stdio.o)
                              C:/ST/STM32CubeIDE_1.13.2/STM32CubeIDE/plugins/com.st.stm32cube.ide.mcu.externaltools.gnu-tools-for-stm32.11.3.rel1.win32_1.1.1.202309131626/tools/bin/../lib/gcc/arm-none-eabi/11.3.1/../../../../arm-none-eabi/lib/thumb/v7e-m+dp/hard\libc_nano.a(libc_a-findfp.o) (__sread)
C:/ST/STM32CubeIDE_1.13.2/STM32CubeIDE/plugins/com.st.stm32cube.ide.mcu.externaltools.gnu-tools-for-stm32.11.3.rel1.win32_1.1.1.202309131626/tools/bin/../lib/gcc/arm-none-eabi/11.3.1/../../../../arm-none-eabi/lib/thumb/v7e-m+dp/hard\libc_nano.a(libc_a-memset.o)
                              C:/ST/STM32CubeIDE_1.13.2/STM32CubeIDE/plugins/com.st.stm32cube.ide.mcu.externaltools.gnu-tools-for-stm32.11.3.rel1.win32_1.1.1.202309131626/tools/bin/../lib/gcc/arm-none-eabi/11.3.1/../../../../arm-none-eabi/lib/thumb/v7e-m+dp/hard/crt0.o (memset)
C:/ST/STM32CubeIDE_1.13.2/STM32CubeIDE/plugins/com.st.stm32cube.ide.mcu.externaltools.gnu-tools-for-stm32.11.3.rel1.win32_1.1.1.202309131626/tools/bin/../lib/gcc/arm-none-eabi/11.3.1/../../../../arm-none-eabi/lib/thumb/v7e-m+dp/hard\libc_nano.a(libc_a-closer.o)
[...]
Memory Configuration

Name             Origin             Length             Attributes
RAM              0x0000000020000000 0x0000000000080000 xrw
FLASH            0x0000000008000000 0x0000000000200000 xr
*default*        0x0000000000000000 0xffffffffffffffff

Linker script and memory map

LOAD C:/ST/STM32CubeIDE_1.13.2/STM32CubeIDE/plugins/com.st.stm32cube.ide.mcu.externaltools.gnu-tools-for-stm32.11.3.rel1.win32_1.1.1.202309131626/tools/bin/../lib/gcc/arm-none-eabi/11.3.1/thumb/v7e-m+dp/hard/crti.o
LOAD C:/ST/STM32CubeIDE_1.13.2/STM32CubeIDE/plugins/com.st.stm32cube.ide.mcu.externaltools.gnu-tools-for-stm32.11.3.rel1.win32_1.1.1.202309131626/tools/bin/../lib/gcc/arm-none-eabi/11.3.1/thumb/v7e-m+dp/hard/crtbegin.o
LOAD C:/ST/STM32CubeIDE_1.13.2/STM32CubeIDE/plugins/com.st.stm32cube.ide.mcu.externaltools.gnu-tools-for-stm32.11.3.rel1.win32_1.1.1.202309131626/tools/bin/../lib/gcc/arm-none-eabi/11.3.1/../../../../arm-none-eabi/lib/thumb/v7e-m+dp/hard/crt0.o
LOAD ./Core/Src/freertos.o
LOAD ./Core/Src/main.o
LOAD ./Core/Src/stm32f7xx_hal_msp.o
LOAD ./Core/Src/stm32f7xx_hal_timebase_tim.o
LOAD ./Core/Src/stm32f7xx_it.o
LOAD ./Core/Src/syscalls.o
LOAD ./Core/Src/sysmem.o
LOAD ./Core/Src/system_stm32f7xx.o
LOAD ./Core/Startup/startup_stm32f777vitx.o
LOAD ./Drivers/STM32F7xx_HAL_Driver/Src/stm32f7xx_hal.o
LOAD ./Drivers/STM32F7xx_HAL_Driver/Src/stm32f7xx_hal_adc.o
LOAD ./Drivers/STM32F7xx_HAL_Driver/Src/stm32f7xx_hal_adc_ex.o
LOAD ./Drivers/STM32F7xx_HAL_Driver/Src/stm32f7xx_hal_can.o
LOAD ./Drivers/STM32F7xx_HAL_Driver/Src/stm32f7xx_hal_cortex.o
LOAD ./Drivers/STM32F7xx_HAL_Driver/Src/stm32f7xx_hal_dma.o
LOAD ./Drivers/STM32F7xx_HAL_Driver/Src/stm32f7xx_hal_dma_ex.o
LOAD ./Drivers/STM32F7xx_HAL_Driver/Src/stm32f7xx_hal_exti.o
LOAD ./Drivers/STM32F7xx_HAL_Driver/Src/stm32f7xx_hal_flash.o
LOAD ./Drivers/STM32F7xx_HAL_Driver/Src/stm32f7xx_hal_flash_ex.o
LOAD ./Drivers/STM32F7xx_HAL_Driver/Src/stm32f7xx_hal_gpio.o
LOAD ./Drivers/STM32F7xx_HAL_Driver/Src/stm32f7xx_hal_i2c.o
LOAD ./Drivers/STM32F7xx_HAL_Driver/Src/stm32f7xx_hal_i2c_ex.o
LOAD ./Drivers/STM32F7xx_HAL_Driver/Src/stm32f7xx_hal_pcd.o
LOAD ./Drivers/STM32F7xx_HAL_Driver/Src/stm32f7xx_hal_pcd_ex.o
LOAD ./Drivers/STM32F7xx_HAL_Driver/Src/stm32f7xx_hal_pwr.o
LOAD ./Drivers/STM32F7xx_HAL_Driver/Src/stm32f7xx_hal_pwr_ex.o
LOAD ./Drivers/STM32F7xx_HAL_Driver/Src/stm32f7xx_hal_rcc.o
LOAD ./Drivers/STM32F7xx_HAL_Driver/Src/stm32f7xx_hal_rcc_ex.o
LOAD ./Drivers/STM32F7xx_HAL_Driver/Src/stm32f7xx_hal_tim.o
LOAD ./Drivers/STM32F7xx_HAL_Driver/Src/stm32f7xx_hal_tim_ex.o
LOAD ./Drivers/STM32F7xx_HAL_Driver/Src/stm32f7xx_hal_uart.o
LOAD ./Drivers/STM32F7xx_HAL_Driver/Src/stm32f7xx_hal_uart_ex.o
LOAD ./Drivers/STM32F7xx_HAL_Driver/Src/stm32f7xx_ll_usb.o
LOAD ./Middlewares/ST/STM32_USB_Device_Library/Class/CDC/Src/usbd_cdc.o
LOAD ./Middlewares/ST/STM32_USB_Device_Library/Core/Src/usbd_core.o
LOAD ./Middlewares/ST/STM32_USB_Device_Library/Core/Src/usbd_ctlreq.o
LOAD ./Middlewares/ST/STM32_USB_Device_Library/Core/Src/usbd_ioreq.o
LOAD ./Middlewares/Third_Party/FreeRTOS/Source/CMSIS_RTOS_V2/cmsis_os2.o
LOAD ./Middlewares/Third_Party/FreeRTOS/Source/croutine.o
LOAD ./Middlewares/Third_Party/FreeRTOS/Source/event_groups.o
LOAD ./Middlewares/Third_Party/FreeRTOS/Source/list.o
LOAD ./Middlewares/Third_Party/FreeRTOS/Source/queue.o
LOAD ./Middlewares/Third_Party/FreeRTOS/Source/stream_buffer.o
LOAD ./Middlewares/Third_Party/FreeRTOS/Source/tasks.o
LOAD ./Middlewares/Third_Party/FreeRTOS/Source/timers.o
LOAD ./Middlewares/Third_Party/FreeRTOS/Source/portable/GCC/ARM_CM7/r0p1/port.o
LOAD ./Middlewares/Third_Party/FreeRTOS/Source/portable/MemMang/heap_4.o
LOAD ./USB_DEVICE/App/usb_device.o
LOAD ./USB_DEVICE/App/usbd_cdc_if.o
LOAD ./USB_DEVICE/App/usbd_desc.o
LOAD ./USB_DEVICE/Target/usbd_conf.o
START GROUP
LOAD C:/ST/STM32CubeIDE_1.13.2/STM32CubeIDE/plugins/com.st.stm32cube.ide.mcu.externaltools.gnu-tools-for-stm32.11.3.rel1.win32_1.1.1.202309131626/tools/bin/../lib/gcc/arm-none-eabi/11.3.1/../../../../arm-none-eabi/lib/thumb/v7e-m+dp/hard\libc_nano.a
LOAD C:/ST/STM32CubeIDE_1.13.2/STM32CubeIDE/plugins/com.st.stm32cube.ide.mcu.externaltools.gnu-tools-for-stm32.11.3.rel1.win32_1.1.1.202309131626/tools/bin/../lib/gcc/arm-none-eabi/11.3.1/../../../../arm-none-eabi/lib/thumb/v7e-m+dp/hard\libm.a
END GROUP
START GROUP
LOAD C:/ST/STM32CubeIDE_1.13.2/STM32CubeIDE/plugins/com.st.stm32cube.ide.mcu.externaltools.gnu-tools-for-stm32.11.3.rel1.win32_1.1.1.202309131626/tools/bin/../lib/gcc/arm-none-eabi/11.3.1/thumb/v7e-m+dp/hard\libgcc.a
LOAD C:/ST/STM32CubeIDE_1.13.2/STM32CubeIDE/plugins/com.st.stm32cube.ide.mcu.externaltools.gnu-tools-for-stm32.11.3.rel1.win32_1.1.1.202309131626/tools/bin/../lib/gcc/arm-none-eabi/11.3.1/../../../../arm-none-eabi/lib/thumb/v7e-m+dp/hard\libc_nano.a
END GROUP
START GROUP
LOAD C:/ST/STM32CubeIDE_1.13.2/STM32CubeIDE/plugins/com.st.stm32cube.ide.mcu.externaltools.gnu-tools-for-stm32.11.3.rel1.win32_1.1.1.202309131626/tools/bin/../lib/gcc/arm-none-eabi/11.3.1/thumb/v7e-m+dp/hard\libgcc.a
LOAD C:/ST/STM32CubeIDE_1.13.2/STM32CubeIDE/plugins/com.st.stm32cube.ide.mcu.externaltools.gnu-tools-for-stm32.11.3.rel1.win32_1.1.1.202309131626/tools/bin/../lib/gcc/arm-none-eabi/11.3.1/../../../../arm-none-eabi/lib/thumb/v7e-m+dp/hard\libc_nano.a
LOAD C:/ST/STM32CubeIDE_1.13.2/STM32CubeIDE/plugins/com.st.stm32cube.ide.mcu.externaltools.gnu-tools-for-stm32.11.3.rel1.win32_1.1.1.202309131626/tools/bin/../lib/gcc/arm-none-eabi/11.3.1/../../../../arm-none-eabi/lib/thumb/v7e-m+dp/hard\libnosys.a
END GROUP
START GROUP
LOAD C:/ST/STM32CubeIDE_1.13.2/STM32CubeIDE/plugins/com.st.stm32cube.ide.mcu.externaltools.gnu-tools-for-stm32.11.3.rel1.win32_1.1.1.202309131626/tools/bin/../lib/gcc/arm-none-eabi/11.3.1/thumb/v7e-m+dp/hard\libgcc.a
LOAD C:/ST/STM32CubeIDE_1.13.2/STM32CubeIDE/plugins/com.st.stm32cube.ide.mcu.externaltools.gnu-tools-for-stm32.11.3.rel1.win32_1.1.1.202309131626/tools/bin/../lib/gcc/arm-none-eabi/11.3.1/../../../../arm-none-eabi/lib/thumb/v7e-m+dp/hard\libc_nano.a
LOAD C:/ST/STM32CubeIDE_1.13.2/STM32CubeIDE/plugins/com.st.stm32cube.ide.mcu.externaltools.gnu-tools-for-stm32.11.3.rel1.win32_1.1.1.202309131626/tools/bin/../lib/gcc/arm-none-eabi/11.3.1/../../../../arm-none-eabi/lib/thumb/v7e-m+dp/hard\libnosys.a
END GROUP
LOAD C:/ST/STM32CubeIDE_1.13.2/STM32CubeIDE/plugins/com.st.stm32cube.ide.mcu.externaltools.gnu-tools-for-stm32.11.3.rel1.win32_1.1.1.202309131626/tools/bin/../lib/gcc/arm-none-eabi/11.3.1/thumb/v7e-m+dp/hard/crtend.o
LOAD C:/ST/STM32CubeIDE_1.13.2/STM32CubeIDE/plugins/com.st.stm32cube.ide.mcu.externaltools.gnu-tools-for-stm32.11.3.rel1.win32_1.1.1.202309131626/tools/bin/../lib/gcc/arm-none-eabi/11.3.1/thumb/v7e-m+dp/hard/crtn.o
                0x0000000020080000                _estack = (ORIGIN (RAM) + LENGTH (RAM))
                0x0000000000000200                _Min_Heap_Size = 0x200
                0x0000000000000400                _Min_Stack_Size = 0x400

.isr_vector     0x0000000008000000      0x1f8
                0x0000000008000000                . = ALIGN (0x4)
 *(.isr_vector)
 .isr_vector    0x0000000008000000      0x1f8 ./Core/Startup/startup_stm32f777vitx.o
                0x0000000008000000                g_pfnVectors
                0x00000000080001f8                . = ALIGN (0x4)

.text           0x0000000008000200     0xeb48
                0x0000000008000200                . = ALIGN (0x4)
 *(.text)
 .text          0x0000000008000200       0x40 C:/ST/STM32CubeIDE_1.13.2/STM32CubeIDE/plugins/com.st.stm32cube.ide.mcu.externaltools.gnu-tools-for-stm32.11.3.rel1.win32_1.1.1.202309131626/tools/bin/../lib/gcc/arm-none-eabi/11.3.1/thumb/v7e-m+dp/hard/crtbegin.o
 .text          0x0000000008000240       0x10 C:/ST/STM32CubeIDE_1.13.2/STM32CubeIDE/plugins/com.st.stm32cube.ide.mcu.externaltools.gnu-tools-for-stm32.11.3.rel1.win32_1.1.1.202309131626/tools/bin/../lib/gcc/arm-none-eabi/11.3.1/../../../../arm-none-eabi/lib/thumb/v7e-m+dp/hard\libc_nano.a(libc_a-strlen.o)
                0x0000000008000240                strlen
 .text          0x0000000008000250       0xa0 C:/ST/STM32CubeIDE_1.13.2/STM32CubeIDE/plugins/com.st.stm32cube.ide.mcu.externaltools.gnu-tools-for-stm32.11.3.rel1.win32_1.1.1.202309131626/tools/bin/../lib/gcc/arm-none-eabi/11.3.1/../../../../arm-none-eabi/lib/thumb/v7e-m+dp/hard\libc_nano.a(libc_a-memchr.o)
                0x0000000008000250                memchr
 .text          0x00000000080002f0       0x30 C:/ST/STM32CubeIDE_1.13.2/STM32CubeIDE/plugins/com.st.stm32cube.ide.mcu.externaltools.gnu-tools-for-stm32.11.3.rel1.win32_1.1.1.202309131626/tools/bin/../lib/gcc/arm-none-eabi/11.3.1/thumb/v7e-m+dp/hard\libgcc.a(_aeabi_uldivmod.o)
                0x00000000080002f0                __aeabi_uldivmod
 .text          0x0000000008000320      0x2c8 C:/ST/STM32CubeIDE_1.13.2/STM32CubeIDE/plugins/com.st.stm32cube.ide.mcu.externaltools.gnu-tools-for-stm32.11.3.rel1.win32_1.1.1.202309131626/tools/bin/../lib/gcc/arm-none-eabi/11.3.1/thumb/v7e-m+dp/hard\libgcc.a(_udivmoddi4.o)
                0x0000000008000320                __udivmoddi4
 .text          0x00000000080005e8        0x4 C:/ST/STM32CubeIDE_1.13.2/STM32CubeIDE/plugins/com.st.stm32cube.ide.mcu.externaltools.gnu-tools-for-stm32.11.3.rel1.win32_1.1.1.202309131626/tools/bin/../lib/gcc/arm-none-eabi/11.3.1/thumb/v7e-m+dp/hard\libgcc.a(_dvmd_tls.o)
                0x00000000080005e8                __aeabi_idiv0
                0x00000000080005e8                __aeabi_ldiv0
 *(.text*)
 .text.main     0x00000000080005ec      0x1a0 ./Core/Src/main.o
                0x00000000080005ec                main
 .text.SystemClock_Config
                0x000000000800078c       0xdc ./Core/Src/main.o
                0x000000000800078c                SystemClock_Config
 .text.MX_ADC1_Init
                0x0000000008000868       0xdc ./Core/Src/main.o
 .text.MX_CAN1_Init
                0x0000000008000944       0x6c ./Core/Src/main.o
 .text.MX_UART4_Init
                0x00000000080009b0       0x60 ./Core/Src/main.o
 .text.MX_DMA_Init
                0x0000000008000a10       0x3c ./Core/Src/main.o
 .text.MX_GPIO_Init
                0x0000000008000a4c       0x78 ./Core/Src/main.o
 .text.HAL_CAN_TxMailbox0CompleteCallback
                0x0000000008000ac4       0x1c ./Core/Src/main.o
                0x0000000008000ac4                HAL_CAN_TxMailbox0CompleteCallback
 .text.HAL_CAN_RxFifo0MsgPendingCallback
                0x0000000008000ae0       0x38 ./Core/Src/main.o
                0x0000000008000ae0                HAL_CAN_RxFifo0MsgPendingCallback
 .text.HAL_ADC_ConvCpltCallback
                0x0000000008000b18       0x40 ./Core/Src/main.o
                0x0000000008000b18                HAL_ADC_ConvCpltCallback
 .text.StartDefaultTask
                0x0000000008000b58       0x14 ./Core/Src/main.o
                0x0000000008000b58                StartDefaultTask
 .text.CAN_Transmit
                0x0000000008000b6c       0x40 ./Core/Src/main.o
                0x0000000008000b6c                CAN_Transmit
 .text.usb_data
                0x0000000008000bac       0x10 ./Core/Src/main.o
                0x0000000008000bac                usb_data
 .text.maquina_estats
                0x0000000008000bbc       0x10 ./Core/Src/main.o
                0x0000000008000bbc                maquina_estats
 .text.LECTURA_ADCs
                0x0000000008000bcc        0xa ./Core/Src/main.o
                0x0000000008000bcc                LECTURA_ADCs
 *fill*         0x0000000008000bd6        0x2 
 .text.HAL_TIM_PeriodElapsedCallback
                0x0000000008000bd8       0x24 ./Core/Src/main.o
                0x0000000008000bd8                HAL_TIM_PeriodElapsedCallback
 .text.Error_Handler
                0x0000000008000bfc        0xa ./Core/Src/main.o
                0x0000000008000bfc                Error_Handler
 *fill*         0x0000000008000c06        0x2 
 .text.HAL_MspInit
                0x0000000008000c08       0x50 ./Core/Src/stm32f7xx_hal_msp.o
                0x0000000008000c08                HAL_MspInit
 .text.HAL_ADC_MspInit
                0x0000000008000c58       0xf8 ./Core/Src/stm32f7xx_hal_msp.o
                0x0000000008000c58                HAL_ADC_MspInit
 .text.HAL_CAN_MspInit
                0x0000000008000d50       0xa8 ./Core/Src/stm32f7xx_hal_msp.o
                0x0000000008000d50                HAL_CAN_MspInit
 .text.HAL_UART_MspInit
                0x0000000008000df8       0xcc ./Core/Src/stm32f7xx_hal_msp.o
                0x0000000008000df8                HAL_UART_MspInit
 .text.HAL_InitTick
                0x0000000008000ec4       0xf4 ./Core/Src/stm32f7xx_hal_timebase_tim.o
                0x0000000008000ec4                HAL_InitTick
 .text.NMI_Handler
                0x0000000008000fb8        0x6 ./Core/Src/stm32f7xx_it.o
                0x0000000008000fb8                NMI_Handler
 .text.HardFault_Handler
                0x0000000008000fbe        0x6 ./Core/Src/stm32f7xx_it.o
                0x0000000008000fbe                HardFault_Handler
 .text.MemManage_Handler
                0x0000000008000fc4        0x6 ./Core/Src/stm32f7xx_it.o
                0x0000000008000fc4                MemManage_Handler
 .text.BusFault_Handler
                0x0000000008000fca        0x6 ./Core/Src/stm32f7xx_it.o
                0x0000000008000fca                BusFault_Handler
 .text.UsageFault_Handler
                0x0000000008000fd0        0x6 ./Core/Src/stm32f7xx_it.o
                0x0000000008000fd0                UsageFault_Handler
 .text.DebugMon_Handler
                0x0000000008000fd6        0xe ./Core/Src/stm32f7xx_it.o
                0x0000000008000fd6                DebugMon_Handler
 .text.ADC_IRQHandler
                0x0000000008000fe4       0x14 ./Core/Src/stm32f7xx_it.o
                0x0000000008000fe4                ADC_IRQHandler
 .text.CAN1_RX0_IRQHandler
                0x0000000008000ff8       0x14 ./Core/Src/stm32f7xx_it.o
                0x0000000008000ff8                CAN1_RX0_IRQHandler
 .text.CAN1_RX1_IRQHandler
                0x000000000800100c       0x14 ./Core/Src/stm32f7xx_it.o
                0x000000000800100c                CAN1_RX1_IRQHandler
 .text.UART4_IRQHandler
                0x0000000008001020       0x14 ./Core/Src/stm32f7xx_it.o
                0x0000000008001020                UART4_IRQHandler
 .text.TIM6_DAC_IRQHandler
                0x0000000008001034       0x14 ./Core/Src/stm32f7xx_it.o
                0x0000000008001034                TIM6_DAC_IRQHandler
 .text.DMA2_Stream0_IRQHandler
                0x0000000008001048       0x14 ./Core/Src/stm32f7xx_it.o
                0x0000000008001048                DMA2_Stream0_IRQHandler
 .text.OTG_FS_IRQHandler
                0x000000000800105c       0x14 ./Core/Src/stm32f7xx_it.o
                0x000000000800105c                OTG_FS_IRQHandler
 .text._sbrk    0x0000000008001070       0x6c ./Core/Src/sysmem.o
                0x0000000008001070                _sbrk
 .text.SystemInit
                0x00000000080010dc       0x24 ./Core/Src/system_stm32f7xx.o
                0x00000000080010dc                SystemInit
 .text.Reset_Handler
                0x0000000008001100       0x50 ./Core/Startup/startup_stm32f777vitx.o
                0x0000000008001100                Reset_Handler
 .text.Default_Handler
                0x0000000008001150        0x2 ./Core/Startup/startup_stm32f777vitx.o
                0x0000000008001150                RTC_Alarm_IRQHandler
                0x0000000008001150                HASH_RNG_IRQHandler
                0x0000000008001150                EXTI2_IRQHandler
                0x0000000008001150                TIM8_CC_IRQHandler
                0x0000000008001150                UART8_IRQHandler
                0x0000000008001150                SPI4_IRQHandler
                0x0000000008001150                TIM1_CC_IRQHandler
                0x0000000008001150                DMA2_Stream5_IRQHandler
                0x0000000008001150                JPEG_IRQHandler
                0x0000000008001150                DMA1_Stream5_IRQHandler
                0x0000000008001150                CAN3_RX1_IRQHandler
                0x0000000008001150                PVD_IRQHandler
                0x0000000008001150                TAMP_STAMP_IRQHandler
                0x0000000008001150                CAN2_RX1_IRQHandler
                0x0000000008001150                EXTI3_IRQHandler
                0x0000000008001150                TIM8_TRG_COM_TIM14_IRQHandler
                0x0000000008001150                DFSDM1_FLT1_IRQHandler
                0x0000000008001150                TIM1_UP_TIM10_IRQHandler
                0x0000000008001150                TIM8_UP_TIM13_IRQHandler
                0x0000000008001150                I2C3_ER_IRQHandler
                0x0000000008001150                DFSDM1_FLT2_IRQHandler
                0x0000000008001150                EXTI0_IRQHandler
                0x0000000008001150                I2C2_EV_IRQHandler
                0x0000000008001150                DMA1_Stream2_IRQHandler
                0x0000000008001150                FPU_IRQHandler
                0x0000000008001150                OTG_HS_WKUP_IRQHandler
                0x0000000008001150                CAN3_SCE_IRQHandler
                0x0000000008001150                LTDC_ER_IRQHandler
                0x0000000008001150                CAN2_SCE_IRQHandler
                0x0000000008001150                DMA2_Stream2_IRQHandler
                0x0000000008001150                SPI1_IRQHandler
                0x0000000008001150                TIM1_BRK_TIM9_IRQHandler
                0x0000000008001150                DCMI_IRQHandler
                0x0000000008001150                CAN2_RX0_IRQHandler
                0x0000000008001150                DMA2_Stream3_IRQHandler
                0x0000000008001150                SAI2_IRQHandler
                0x0000000008001150                DFSDM1_FLT3_IRQHandler
                0x0000000008001150                USART6_IRQHandler
                0x0000000008001150                CAN3_RX0_IRQHandler
                0x0000000008001150                USART3_IRQHandler
                0x0000000008001150                CRYP_IRQHandler
                0x0000000008001150                UART5_IRQHandler
                0x0000000008001150                TIM4_IRQHandler
                0x0000000008001150                QUADSPI_IRQHandler
                0x0000000008001150                I2C1_EV_IRQHandler
                0x0000000008001150                DMA1_Stream6_IRQHandler
                0x0000000008001150                DMA1_Stream1_IRQHandler
                0x0000000008001150                TIM3_IRQHandler
                0x0000000008001150                RCC_IRQHandler
                0x0000000008001150                TIM8_BRK_TIM12_IRQHandler
                0x0000000008001150                Default_Handler
                0x0000000008001150                CEC_IRQHandler
                0x0000000008001150                EXTI15_10_IRQHandler
                0x0000000008001150                DMA1_Stream7_IRQHandler
                0x0000000008001150                SPI5_IRQHandler
                0x0000000008001150                TIM7_IRQHandler
                0x0000000008001150                SDMMC1_IRQHandler
                0x0000000008001150                CAN2_TX_IRQHandler
                0x0000000008001150                TIM5_IRQHandler
                0x0000000008001150                DMA2_Stream7_IRQHandler
                0x0000000008001150                I2C3_EV_IRQHandler
                0x0000000008001150                EXTI9_5_IRQHandler
                0x0000000008001150                RTC_WKUP_IRQHandler
                0x0000000008001150                LTDC_IRQHandler
                0x0000000008001150                ETH_WKUP_IRQHandler
                0x0000000008001150                SPDIF_RX_IRQHandler
                0x0000000008001150                SPI2_IRQHandler
                0x0000000008001150                OTG_HS_EP1_IN_IRQHandler
                0x0000000008001150                DMA1_Stream0_IRQHandler
                0x0000000008001150                CAN1_TX_IRQHandler
                0x0000000008001150                EXTI4_IRQHandler
                0x0000000008001150                ETH_IRQHandler
                0x0000000008001150                OTG_HS_EP1_OUT_IRQHandler
                0x0000000008001150                WWDG_IRQHandler
                0x0000000008001150                SPI6_IRQHandler
                0x0000000008001150                MDIOS_IRQHandler
                0x0000000008001150                I2C4_EV_IRQHandler
                0x0000000008001150                CAN3_TX_IRQHandler
                0x0000000008001150                TIM2_IRQHandler
                0x0000000008001150                OTG_FS_WKUP_IRQHandler
                0x0000000008001150                TIM1_TRG_COM_TIM11_IRQHandler
                0x0000000008001150                OTG_HS_IRQHandler
                0x0000000008001150                DMA2D_IRQHandler
                0x0000000008001150                EXTI1_IRQHandler
                0x0000000008001150                SDMMC2_IRQHandler
                0x0000000008001150                UART7_IRQHandler
                0x0000000008001150                USART2_IRQHandler
                0x0000000008001150                DFSDM1_FLT0_IRQHandler
                0x0000000008001150                I2C2_ER_IRQHandler
                0x0000000008001150                DMA2_Stream1_IRQHandler
                0x0000000008001150                CAN1_SCE_IRQHandler
                0x0000000008001150                FLASH_IRQHandler
                0x0000000008001150                DMA2_Stream4_IRQHandler
                0x0000000008001150                USART1_IRQHandler
                0x0000000008001150                SPI3_IRQHandler
                0x0000000008001150                DMA1_Stream4_IRQHandler
                0x0000000008001150                I2C1_ER_IRQHandler
                0x0000000008001150                FMC_IRQHandler
                0x0000000008001150                LPTIM1_IRQHandler
                0x0000000008001150                I2C4_ER_IRQHandler
                0x0000000008001150                DMA2_Stream6_IRQHandler
                0x0000000008001150                SAI1_IRQHandler
                0x0000000008001150                DMA1_Stream3_IRQHandler
 .text.HAL_Init
                0x0000000008001152       0x1a ./Drivers/STM32F7xx_HAL_Driver/Src/stm32f7xx_hal.o
                0x0000000008001152                HAL_Init
 .text.HAL_IncTick
                0x000000000800116c       0x28 ./Drivers/STM32F7xx_HAL_Driver/Src/stm32f7xx_hal.o
                0x000000000800116c                HAL_IncTick
 .text.HAL_GetTick
                0x0000000008001194       0x18 ./Drivers/STM32F7xx_HAL_Driver/Src/stm32f7xx_hal.o
                0x0000000008001194                HAL_GetTick
 .text.HAL_Delay
                0x00000000080011ac       0x48 ./Drivers/STM32F7xx_HAL_Driver/Src/stm32f7xx_hal.o
                0x00000000080011ac                HAL_Delay
 .text.HAL_ADC_Init
                0x00000000080011f4       0x88 ./Drivers/STM32F7xx_HAL_Driver/Src/stm32f7xx_hal_adc.o
                0x00000000080011f4                HAL_ADC_Init
 .text.HAL_ADC_IRQHandler
                0x000000000800127c      0x220 ./Drivers/STM32F7xx_HAL_Driver/Src/stm32f7xx_hal_adc.o
                0x000000000800127c                HAL_ADC_IRQHandler
 .text.HAL_ADC_Start_DMA
                0x000000000800149c      0x1f4 ./Drivers/STM32F7xx_HAL_Driver/Src/stm32f7xx_hal_adc.o
                0x000000000800149c                HAL_ADC_Start_DMA
 .text.HAL_ADC_ConvHalfCpltCallback
                0x0000000008001690       0x14 ./Drivers/STM32F7xx_HAL_Driver/Src/stm32f7xx_hal_adc.o
                0x0000000008001690                HAL_ADC_ConvHalfCpltCallback
 .text.HAL_ADC_LevelOutOfWindowCallback
                0x00000000080016a4       0x14 ./Drivers/STM32F7xx_HAL_Driver/Src/stm32f7xx_hal_adc.o
                0x00000000080016a4                HAL_ADC_LevelOutOfWindowCallback
 .text.HAL_ADC_ErrorCallback
                0x00000000080016b8       0x14 ./Drivers/STM32F7xx_HAL_Driver/Src/stm32f7xx_hal_adc.o
                0x00000000080016b8                HAL_ADC_ErrorCallback
 .text.HAL_ADC_ConfigChannel
                0x00000000080016cc      0x2ac ./Drivers/STM32F7xx_HAL_Driver/Src/stm32f7xx_hal_adc.o
                0x00000000080016cc                HAL_ADC_ConfigChannel
 .text.ADC_Init
                0x0000000008001978      0x1f4 ./Drivers/STM32F7xx_HAL_Driver/Src/stm32f7xx_hal_adc.o
 .text.ADC_DMAConvCplt
                0x0000000008001b6c       0xba ./Drivers/STM32F7xx_HAL_Driver/Src/stm32f7xx_hal_adc.o
 .text.ADC_DMAHalfConvCplt
                0x0000000008001c26       0x1c ./Drivers/STM32F7xx_HAL_Driver/Src/stm32f7xx_hal_adc.o
 .text.ADC_DMAError
                0x0000000008001c42       0x2e ./Drivers/STM32F7xx_HAL_Driver/Src/stm32f7xx_hal_adc.o
 .text.HAL_ADCEx_InjectedConvCpltCallback
                0x0000000008001c70       0x14 ./Drivers/STM32F7xx_HAL_Driver/Src/stm32f7xx_hal_adc_ex.o
                0x0000000008001c70                HAL_ADCEx_InjectedConvCpltCallback
 .text.HAL_CAN_Init
                0x0000000008001c84      0x1f6 ./Drivers/STM32F7xx_HAL_Driver/Src/stm32f7xx_hal_can.o
                0x0000000008001c84                HAL_CAN_Init
 *fill*         0x0000000008001e7a        0x2 
 .text.HAL_CAN_ConfigFilter
                0x0000000008001e7c      0x1d8 ./Drivers/STM32F7xx_HAL_Driver/Src/stm32f7xx_hal_can.o
                0x0000000008001e7c                HAL_CAN_ConfigFilter
 .text.HAL_CAN_Start
                0x0000000008002054       0x88 ./Drivers/STM32F7xx_HAL_Driver/Src/stm32f7xx_hal_can.o
                0x0000000008002054                HAL_CAN_Start
 .text.HAL_CAN_AddTxMessage
                0x00000000080020dc      0x1a0 ./Drivers/STM32F7xx_HAL_Driver/Src/stm32f7xx_hal_can.o
                0x00000000080020dc                HAL_CAN_AddTxMessage
 .text.HAL_CAN_GetRxMessage
                0x000000000800227c      0x224 ./Drivers/STM32F7xx_HAL_Driver/Src/stm32f7xx_hal_can.o
                0x000000000800227c                HAL_CAN_GetRxMessage
 .text.HAL_CAN_ActivateNotification
                0x00000000080024a0       0x4c ./Drivers/STM32F7xx_HAL_Driver/Src/stm32f7xx_hal_can.o
                0x00000000080024a0                HAL_CAN_ActivateNotification
 .text.HAL_CAN_IRQHandler
                0x00000000080024ec      0x36e ./Drivers/STM32F7xx_HAL_Driver/Src/stm32f7xx_hal_can.o
                0x00000000080024ec                HAL_CAN_IRQHandler
 .text.HAL_CAN_TxMailbox1CompleteCallback
                0x000000000800285a       0x14 ./Drivers/STM32F7xx_HAL_Driver/Src/stm32f7xx_hal_can.o
                0x000000000800285a                HAL_CAN_TxMailbox1CompleteCallback
 .text.HAL_CAN_TxMailbox2CompleteCallback
                0x000000000800286e       0x14 ./Drivers/STM32F7xx_HAL_Driver/Src/stm32f7xx_hal_can.o
                0x000000000800286e                HAL_CAN_TxMailbox2CompleteCallback
 .text.HAL_CAN_TxMailbox0AbortCallback
                0x0000000008002882       0x14 ./Drivers/STM32F7xx_HAL_Driver/Src/stm32f7xx_hal_can.o
                0x0000000008002882                HAL_CAN_TxMailbox0AbortCallback
 .text.HAL_CAN_TxMailbox1AbortCallback
                0x0000000008002896       0x14 ./Drivers/STM32F7xx_HAL_Driver/Src/stm32f7xx_hal_can.o
                0x0000000008002896                HAL_CAN_TxMailbox1AbortCallback
 .text.HAL_CAN_TxMailbox2AbortCallback
                0x00000000080028aa       0x14 ./Drivers/STM32F7xx_HAL_Driver/Src/stm32f7xx_hal_can.o
                0x00000000080028aa                HAL_CAN_TxMailbox2AbortCallback
 .text.HAL_CAN_RxFifo0FullCallback
                0x00000000080028be       0x14 ./Drivers/STM32F7xx_HAL_Driver/Src/stm32f7xx_hal_can.o
                0x00000000080028be                HAL_CAN_RxFifo0FullCallback
 .text.HAL_CAN_RxFifo1MsgPendingCallback
                0x00000000080028d2       0x14 ./Drivers/STM32F7xx_HAL_Driver/Src/stm32f7xx_hal_can.o
                0x00000000080028d2                HAL_CAN_RxFifo1MsgPendingCallback
 .text.HAL_CAN_RxFifo1FullCallback
                0x00000000080028e6       0x14 ./Drivers/STM32F7xx_HAL_Driver/Src/stm32f7xx_hal_can.o
                0x00000000080028e6                HAL_CAN_RxFifo1FullCallback
 .text.HAL_CAN_SleepCallback
                0x00000000080028fa       0x14 ./Drivers/STM32F7xx_HAL_Driver/Src/stm32f7xx_hal_can.o
                0x00000000080028fa                HAL_CAN_SleepCallback
 .text.HAL_CAN_WakeUpFromRxMsgCallback
                0x000000000800290e       0x14 ./Drivers/STM32F7xx_HAL_Driver/Src/stm32f7xx_hal_can.o
                0x000000000800290e                HAL_CAN_WakeUpFromRxMsgCallback
 .text.HAL_CAN_ErrorCallback
                0x0000000008002922       0x14 ./Drivers/STM32F7xx_HAL_Driver/Src/stm32f7xx_hal_can.o
                0x0000000008002922                HAL_CAN_ErrorCallback
 *fill*         0x0000000008002936        0x2 
 .text.__NVIC_SetPriorityGrouping
                0x0000000008002938       0x48 ./Drivers/STM32F7xx_HAL_Driver/Src/stm32f7xx_hal_cortex.o
 .text.__NVIC_GetPriorityGrouping
                0x0000000008002980       0x1c ./Drivers/STM32F7xx_HAL_Driver/Src/stm32f7xx_hal_cortex.o
 .text.__NVIC_EnableIRQ
                0x000000000800299c       0x3c ./Drivers/STM32F7xx_HAL_Driver/Src/stm32f7xx_hal_cortex.o
 .text.__NVIC_SetPriority
                0x00000000080029d8       0x54 ./Drivers/STM32F7xx_HAL_Driver/Src/stm32f7xx_hal_cortex.o
 .text.NVIC_EncodePriority
                0x0000000008002a2c       0x66 ./Drivers/STM32F7xx_HAL_Driver/Src/stm32f7xx_hal_cortex.o
 .text.HAL_NVIC_SetPriorityGrouping
                0x0000000008002a92       0x16 ./Drivers/STM32F7xx_HAL_Driver/Src/stm32f7xx_hal_cortex.o
                0x0000000008002a92                HAL_NVIC_SetPriorityGrouping
 .text.HAL_NVIC_SetPriority
                0x0000000008002aa8       0x38 ./Drivers/STM32F7xx_HAL_Driver/Src/stm32f7xx_hal_cortex.o
                0x0000000008002aa8                HAL_NVIC_SetPriority
 .text.HAL_NVIC_EnableIRQ
                0x0000000008002ae0       0x1c ./Drivers/STM32F7xx_HAL_Driver/Src/stm32f7xx_hal_cortex.o
                0x0000000008002ae0                HAL_NVIC_EnableIRQ
 .text.HAL_DMA_Init
                0x0000000008002afc      0x15c ./Drivers/STM32F7xx_HAL_Driver/Src/stm32f7xx_hal_dma.o
                0x0000000008002afc                HAL_DMA_Init
 .text.HAL_DMA_Start_IT
                0x0000000008002c58       0xc0 ./Drivers/STM32F7xx_HAL_Driver/Src/stm32f7xx_hal_dma.o
                0x0000000008002c58                HAL_DMA_Start_IT
 .text.HAL_DMA_Abort
                0x0000000008002d18       0xe0 ./Drivers/STM32F7xx_HAL_Driver/Src/stm32f7xx_hal_dma.o
                0x0000000008002d18                HAL_DMA_Abort
 .text.HAL_DMA_Abort_IT
                0x0000000008002df8       0x44 ./Drivers/STM32F7xx_HAL_Driver/Src/stm32f7xx_hal_dma.o
                0x0000000008002df8                HAL_DMA_Abort_IT
 .text.HAL_DMA_IRQHandler
                0x0000000008002e3c      0x314 ./Drivers/STM32F7xx_HAL_Driver/Src/stm32f7xx_hal_dma.o
                0x0000000008002e3c                HAL_DMA_IRQHandler
 .text.DMA_SetConfig
                0x0000000008003150       0x5c ./Drivers/STM32F7xx_HAL_Driver/Src/stm32f7xx_hal_dma.o
 .text.DMA_CalcBaseAndBitshift
                0x00000000080031ac       0x6c ./Drivers/STM32F7xx_HAL_Driver/Src/stm32f7xx_hal_dma.o
 .text.DMA_CheckFifoParam
                0x0000000008003218       0xf8 ./Drivers/STM32F7xx_HAL_Driver/Src/stm32f7xx_hal_dma.o
 .text.HAL_GPIO_Init
                0x0000000008003310      0x358 ./Drivers/STM32F7xx_HAL_Driver/Src/stm32f7xx_hal_gpio.o
                0x0000000008003310                HAL_GPIO_Init
 .text.HAL_GPIO_TogglePin
                0x0000000008003668       0x34 ./Drivers/STM32F7xx_HAL_Driver/Src/stm32f7xx_hal_gpio.o
                0x0000000008003668                HAL_GPIO_TogglePin
 .text.HAL_PCD_Init
                0x000000000800369c      0x248 ./Drivers/STM32F7xx_HAL_Driver/Src/stm32f7xx_hal_pcd.o
                0x000000000800369c                HAL_PCD_Init
 .text.HAL_PCD_Start
                0x00000000080038e4       0x44 ./Drivers/STM32F7xx_HAL_Driver/Src/stm32f7xx_hal_pcd.o
                0x00000000080038e4                HAL_PCD_Start
 .text.HAL_PCD_IRQHandler
                0x0000000008003928      0x998 ./Drivers/STM32F7xx_HAL_Driver/Src/stm32f7xx_hal_pcd.o
                0x0000000008003928                HAL_PCD_IRQHandler
 .text.HAL_PCD_SetAddress
                0x00000000080042c0       0x4a ./Drivers/STM32F7xx_HAL_Driver/Src/stm32f7xx_hal_pcd.o
                0x00000000080042c0                HAL_PCD_SetAddress
 .text.HAL_PCD_EP_Open
                0x000000000800430a       0xd0 ./Drivers/STM32F7xx_HAL_Driver/Src/stm32f7xx_hal_pcd.o
                0x000000000800430a                HAL_PCD_EP_Open
 .text.HAL_PCD_EP_Close
                0x00000000080043da       0x94 ./Drivers/STM32F7xx_HAL_Driver/Src/stm32f7xx_hal_pcd.o
                0x00000000080043da                HAL_PCD_EP_Close
 .text.HAL_PCD_EP_Receive
                0x000000000800446e       0x96 ./Drivers/STM32F7xx_HAL_Driver/Src/stm32f7xx_hal_pcd.o
                0x000000000800446e                HAL_PCD_EP_Receive
 .text.HAL_PCD_EP_GetRxCount
                0x0000000008004504       0x30 ./Drivers/STM32F7xx_HAL_Driver/Src/stm32f7xx_hal_pcd.o
                0x0000000008004504                HAL_PCD_EP_GetRxCount
 .text.HAL_PCD_EP_Transmit
                0x0000000008004534       0x94 ./Drivers/STM32F7xx_HAL_Driver/Src/stm32f7xx_hal_pcd.o
                0x0000000008004534                HAL_PCD_EP_Transmit
 .text.HAL_PCD_EP_SetStall
                0x00000000080045c8       0xc8 ./Drivers/STM32F7xx_HAL_Driver/Src/stm32f7xx_hal_pcd.o
                0x00000000080045c8                HAL_PCD_EP_SetStall
 .text.HAL_PCD_EP_ClrStall
                0x0000000008004690       0xac ./Drivers/STM32F7xx_HAL_Driver/Src/stm32f7xx_hal_pcd.o
                0x0000000008004690                HAL_PCD_EP_ClrStall
 .text.HAL_PCD_EP_Abort
                0x000000000800473c       0x62 ./Drivers/STM32F7xx_HAL_Driver/Src/stm32f7xx_hal_pcd.o
                0x000000000800473c                HAL_PCD_EP_Abort
 .text.PCD_WriteEmptyTxFifo
                0x000000000800479e      0x11a ./Drivers/STM32F7xx_HAL_Driver/Src/stm32f7xx_hal_pcd.o
 .text.PCD_EP_OutXfrComplete_int
                0x00000000080048b8      0x1d0 ./Drivers/STM32F7xx_HAL_Driver/Src/stm32f7xx_hal_pcd.o
 .text.PCD_EP_OutSetupPacket_int
                0x0000000008004a88       0x8c ./Drivers/STM32F7xx_HAL_Driver/Src/stm32f7xx_hal_pcd.o
 .text.HAL_PCDEx_SetTxFiFo
                0x0000000008004b14       0x8e ./Drivers/STM32F7xx_HAL_Driver/Src/stm32f7xx_hal_pcd_ex.o
                0x0000000008004b14                HAL_PCDEx_SetTxFiFo
 .text.HAL_PCDEx_SetRxFiFo
                0x0000000008004ba2       0x22 ./Drivers/STM32F7xx_HAL_Driver/Src/stm32f7xx_hal_pcd_ex.o
                0x0000000008004ba2                HAL_PCDEx_SetRxFiFo
 .text.HAL_PCDEx_ActivateLPM
                0x0000000008004bc4       0x48 ./Drivers/STM32F7xx_HAL_Driver/Src/stm32f7xx_hal_pcd_ex.o
                0x0000000008004bc4                HAL_PCDEx_ActivateLPM
 .text.HAL_PWREx_EnableOverDrive
                0x0000000008004c0c       0xa0 ./Drivers/STM32F7xx_HAL_Driver/Src/stm32f7xx_hal_pwr_ex.o
                0x0000000008004c0c                HAL_PWREx_EnableOverDrive
 .text.HAL_RCC_OscConfig
                0x0000000008004cac      0x55c ./Drivers/STM32F7xx_HAL_Driver/Src/stm32f7xx_hal_rcc.o
                0x0000000008004cac                HAL_RCC_OscConfig
 .text.HAL_RCC_ClockConfig
                0x0000000008005208      0x1d8 ./Drivers/STM32F7xx_HAL_Driver/Src/stm32f7xx_hal_rcc.o
                0x0000000008005208                HAL_RCC_ClockConfig
 .text.HAL_RCC_GetSysClockFreq
                0x00000000080053e0      0x18c ./Drivers/STM32F7xx_HAL_Driver/Src/stm32f7xx_hal_rcc.o
                0x00000000080053e0                HAL_RCC_GetSysClockFreq
 .text.HAL_RCC_GetHCLKFreq
                0x000000000800556c       0x18 ./Drivers/STM32F7xx_HAL_Driver/Src/stm32f7xx_hal_rcc.o
                0x000000000800556c                HAL_RCC_GetHCLKFreq
 .text.HAL_RCC_GetPCLK1Freq
                0x0000000008005584       0x28 ./Drivers/STM32F7xx_HAL_Driver/Src/stm32f7xx_hal_rcc.o
                0x0000000008005584                HAL_RCC_GetPCLK1Freq
 .text.HAL_RCC_GetPCLK2Freq
                0x00000000080055ac       0x28 ./Drivers/STM32F7xx_HAL_Driver/Src/stm32f7xx_hal_rcc.o
                0x00000000080055ac                HAL_RCC_GetPCLK2Freq
 .text.HAL_RCC_GetClockConfig
                0x00000000080055d4       0x64 ./Drivers/STM32F7xx_HAL_Driver/Src/stm32f7xx_hal_rcc.o
                0x00000000080055d4                HAL_RCC_GetClockConfig
 .text.HAL_RCCEx_PeriphCLKConfig
                0x0000000008005638      0x850 ./Drivers/STM32F7xx_HAL_Driver/Src/stm32f7xx_hal_rcc_ex.o
                0x0000000008005638                HAL_RCCEx_PeriphCLKConfig
 .text.HAL_TIM_Base_Init
                0x0000000008005e88       0xae ./Drivers/STM32F7xx_HAL_Driver/Src/stm32f7xx_hal_tim.o
                0x0000000008005e88                HAL_TIM_Base_Init
 .text.HAL_TIM_Base_MspInit
                0x0000000008005f36       0x14 ./Drivers/STM32F7xx_HAL_Driver/Src/stm32f7xx_hal_tim.o
                0x0000000008005f36                HAL_TIM_Base_MspInit
 *fill*         0x0000000008005f4a        0x2 
 .text.HAL_TIM_Base_Start_IT
                0x0000000008005f4c       0xf0 ./Drivers/STM32F7xx_HAL_Driver/Src/stm32f7xx_hal_tim.o
                0x0000000008005f4c                HAL_TIM_Base_Start_IT
 .text.HAL_TIM_IRQHandler
                0x000000000800603c      0x23e ./Drivers/STM32F7xx_HAL_Driver/Src/stm32f7xx_hal_tim.o
                0x000000000800603c                HAL_TIM_IRQHandler
 .text.HAL_TIM_OC_DelayElapsedCallback
                0x000000000800627a       0x14 ./Drivers/STM32F7xx_HAL_Driver/Src/stm32f7xx_hal_tim.o
                0x000000000800627a                HAL_TIM_OC_DelayElapsedCallback
 .text.HAL_TIM_IC_CaptureCallback
                0x000000000800628e       0x14 ./Drivers/STM32F7xx_HAL_Driver/Src/stm32f7xx_hal_tim.o
                0x000000000800628e                HAL_TIM_IC_CaptureCallback
 .text.HAL_TIM_PWM_PulseFinishedCallback
                0x00000000080062a2       0x14 ./Drivers/STM32F7xx_HAL_Driver/Src/stm32f7xx_hal_tim.o
                0x00000000080062a2                HAL_TIM_PWM_PulseFinishedCallback
 .text.HAL_TIM_TriggerCallback
                0x00000000080062b6       0x14 ./Drivers/STM32F7xx_HAL_Driver/Src/stm32f7xx_hal_tim.o
                0x00000000080062b6                HAL_TIM_TriggerCallback
 *fill*         0x00000000080062ca        0x2 
 .text.TIM_Base_SetConfig
                0x00000000080062cc      0x140 ./Drivers/STM32F7xx_HAL_Driver/Src/stm32f7xx_hal_tim.o
                0x00000000080062cc                TIM_Base_SetConfig
 .text.HAL_TIMEx_CommutCallback
                0x000000000800640c       0x14 ./Drivers/STM32F7xx_HAL_Driver/Src/stm32f7xx_hal_tim_ex.o
                0x000000000800640c                HAL_TIMEx_CommutCallback
 .text.HAL_TIMEx_BreakCallback
                0x0000000008006420       0x14 ./Drivers/STM32F7xx_HAL_Driver/Src/stm32f7xx_hal_tim_ex.o
                0x0000000008006420                HAL_TIMEx_BreakCallback
 .text.HAL_TIMEx_Break2Callback
                0x0000000008006434       0x14 ./Drivers/STM32F7xx_HAL_Driver/Src/stm32f7xx_hal_tim_ex.o
                0x0000000008006434                HAL_TIMEx_Break2Callback
 .text.HAL_UART_Init
                0x0000000008006448       0x9c ./Drivers/STM32F7xx_HAL_Driver/Src/stm32f7xx_hal_uart.o
                0x0000000008006448                HAL_UART_Init
 .text.HAL_UART_IRQHandler
                0x00000000080064e4      0x5d0 ./Drivers/STM32F7xx_HAL_Driver/Src/stm32f7xx_hal_uart.o
                0x00000000080064e4                HAL_UART_IRQHandler
 .text.HAL_UART_TxCpltCallback
                0x0000000008006ab4       0x14 ./Drivers/STM32F7xx_HAL_Driver/Src/stm32f7xx_hal_uart.o
                0x0000000008006ab4                HAL_UART_TxCpltCallback
 .text.HAL_UART_ErrorCallback
                0x0000000008006ac8       0x14 ./Drivers/STM32F7xx_HAL_Driver/Src/stm32f7xx_hal_uart.o
                0x0000000008006ac8                HAL_UART_ErrorCallback
 .text.HAL_UARTEx_RxEventCallback
                0x0000000008006adc       0x18 ./Drivers/STM32F7xx_HAL_Driver/Src/stm32f7xx_hal_uart.o
                0x0000000008006adc                HAL_UARTEx_RxEventCallback
 .text.HAL_UARTEx_WakeupCallback
                0x0000000008006af4       0x14 ./Drivers/STM32F7xx_HAL_Driver/Src/stm32f7xx_hal_uart.o
                0x0000000008006af4                HAL_UARTEx_WakeupCallback
 .text.UART_SetConfig
                0x0000000008006b08      0x4c8 ./Drivers/STM32F7xx_HAL_Driver/Src/stm32f7xx_hal_uart.o
                0x0000000008006b08                UART_SetConfig
 .text.UART_AdvFeatureConfig
                0x0000000008006fd0      0x144 ./Drivers/STM32F7xx_HAL_Driver/Src/stm32f7xx_hal_uart.o
                0x0000000008006fd0                UART_AdvFeatureConfig
 .text.UART_CheckIdleState
                0x0000000008007114       0x9a ./Drivers/STM32F7xx_HAL_Driver/Src/stm32f7xx_hal_uart.o
                0x0000000008007114                UART_CheckIdleState
 .text.UART_WaitOnFlagUntilTimeout
                0x00000000080071ae      0x18c ./Drivers/STM32F7xx_HAL_Driver/Src/stm32f7xx_hal_uart.o
                0x00000000080071ae                UART_WaitOnFlagUntilTimeout
 .text.UART_EndRxTransfer
                0x000000000800733a       0xc8 ./Drivers/STM32F7xx_HAL_Driver/Src/stm32f7xx_hal_uart.o
 .text.UART_DMAAbortOnError
                0x0000000008007402       0x2c ./Drivers/STM32F7xx_HAL_Driver/Src/stm32f7xx_hal_uart.o
 .text.UART_EndTransmit_IT
                0x000000000800742e       0x54 ./Drivers/STM32F7xx_HAL_Driver/Src/stm32f7xx_hal_uart.o
 *fill*         0x0000000008007482        0x2 
 .text.USB_CoreInit
                0x0000000008007484       0xb0 ./Drivers/STM32F7xx_HAL_Driver/Src/stm32f7xx_ll_usb.o
                0x0000000008007484                USB_CoreInit
 .text.USB_SetTurnaroundTime
                0x0000000008007534      0x144 ./Drivers/STM32F7xx_HAL_Driver/Src/stm32f7xx_ll_usb.o
                0x0000000008007534                USB_SetTurnaroundTime
 .text.USB_EnableGlobalInt
                0x0000000008007678       0x22 ./Drivers/STM32F7xx_HAL_Driver/Src/stm32f7xx_ll_usb.o
                0x0000000008007678                USB_EnableGlobalInt
 .text.USB_DisableGlobalInt
                0x000000000800769a       0x22 ./Drivers/STM32F7xx_HAL_Driver/Src/stm32f7xx_ll_usb.o
                0x000000000800769a                USB_DisableGlobalInt
 .text.USB_SetCurrentMode
                0x00000000080076bc       0x98 ./Drivers/STM32F7xx_HAL_Driver/Src/stm32f7xx_ll_usb.o
                0x00000000080076bc                USB_SetCurrentMode
 .text.USB_DevInit
                0x0000000008007754      0x2bc ./Drivers/STM32F7xx_HAL_Driver/Src/stm32f7xx_ll_usb.o
                0x0000000008007754                USB_DevInit
 .text.USB_FlushTxFifo
                0x0000000008007a10       0x68 ./Drivers/STM32F7xx_HAL_Driver/Src/stm32f7xx_ll_usb.o
                0x0000000008007a10                USB_FlushTxFifo
 .text.USB_FlushRxFifo
                0x0000000008007a78       0x60 ./Drivers/STM32F7xx_HAL_Driver/Src/stm32f7xx_ll_usb.o
                0x0000000008007a78                USB_FlushRxFifo
 .text.USB_SetDevSpeed
                0x0000000008007ad8       0x32 ./Drivers/STM32F7xx_HAL_Driver/Src/stm32f7xx_ll_usb.o
                0x0000000008007ad8                USB_SetDevSpeed
 .text.USB_GetDevSpeed
                0x0000000008007b0a       0x4a ./Drivers/STM32F7xx_HAL_Driver/Src/stm32f7xx_ll_usb.o
                0x0000000008007b0a                USB_GetDevSpeed
 .text.USB_ActivateEndpoint
                0x0000000008007b54      0x110 ./Drivers/STM32F7xx_HAL_Driver/Src/stm32f7xx_ll_usb.o
                0x0000000008007b54                USB_ActivateEndpoint
 .text.USB_DeactivateEndpoint
                0x0000000008007c64      0x1b8 ./Drivers/STM32F7xx_HAL_Driver/Src/stm32f7xx_ll_usb.o
                0x0000000008007c64                USB_DeactivateEndpoint
 .text.USB_EPStartXfer
                0x0000000008007e1c      0x4a0 ./Drivers/STM32F7xx_HAL_Driver/Src/stm32f7xx_ll_usb.o
                0x0000000008007e1c                USB_EPStartXfer
 .text.USB_EP0StartXfer
                0x00000000080082bc      0x2b8 ./Drivers/STM32F7xx_HAL_Driver/Src/stm32f7xx_ll_usb.o
                0x00000000080082bc                USB_EP0StartXfer
 .text.USB_EPStopXfer
                0x0000000008008574      0x154 ./Drivers/STM32F7xx_HAL_Driver/Src/stm32f7xx_ll_usb.o
                0x0000000008008574                USB_EPStopXfer
 .text.USB_WritePacket
                0x00000000080086c8       0x7c ./Drivers/STM32F7xx_HAL_Driver/Src/stm32f7xx_ll_usb.o
                0x00000000080086c8                USB_WritePacket
 .text.USB_ReadPacket
                0x0000000008008744       0xb0 ./Drivers/STM32F7xx_HAL_Driver/Src/stm32f7xx_ll_usb.o
                0x0000000008008744                USB_ReadPacket
 .text.USB_EPSetStall
                0x00000000080087f4       0xdc ./Drivers/STM32F7xx_HAL_Driver/Src/stm32f7xx_ll_usb.o
                0x00000000080087f4                USB_EPSetStall
 .text.USB_EPClearStall
                0x00000000080088d0       0xcc ./Drivers/STM32F7xx_HAL_Driver/Src/stm32f7xx_ll_usb.o
                0x00000000080088d0                USB_EPClearStall
 .text.USB_SetDevAddress
                0x000000000800899c       0x4c ./Drivers/STM32F7xx_HAL_Driver/Src/stm32f7xx_ll_usb.o
                0x000000000800899c                USB_SetDevAddress
 .text.USB_DevConnect
                0x00000000080089e8       0x42 ./Drivers/STM32F7xx_HAL_Driver/Src/stm32f7xx_ll_usb.o
                0x00000000080089e8                USB_DevConnect
 .text.USB_DevDisconnect
                0x0000000008008a2a       0x42 ./Drivers/STM32F7xx_HAL_Driver/Src/stm32f7xx_ll_usb.o
                0x0000000008008a2a                USB_DevDisconnect
 .text.USB_ReadInterrupts
                0x0000000008008a6c       0x26 ./Drivers/STM32F7xx_HAL_Driver/Src/stm32f7xx_ll_usb.o
                0x0000000008008a6c                USB_ReadInterrupts
 .text.USB_ReadDevAllOutEpInterrupt
                0x0000000008008a92       0x34 ./Drivers/STM32F7xx_HAL_Driver/Src/stm32f7xx_ll_usb.o
                0x0000000008008a92                USB_ReadDevAllOutEpInterrupt
 .text.USB_ReadDevAllInEpInterrupt
                0x0000000008008ac6       0x34 ./Drivers/STM32F7xx_HAL_Driver/Src/stm32f7xx_ll_usb.o
                0x0000000008008ac6                USB_ReadDevAllInEpInterrupt
 .text.USB_ReadDevOutEPInterrupt
                0x0000000008008afa       0x3c ./Drivers/STM32F7xx_HAL_Driver/Src/stm32f7xx_ll_usb.o
                0x0000000008008afa                USB_ReadDevOutEPInterrupt
 .text.USB_ReadDevInEPInterrupt
                0x0000000008008b36       0x5c ./Drivers/STM32F7xx_HAL_Driver/Src/stm32f7xx_ll_usb.o
                0x0000000008008b36                USB_ReadDevInEPInterrupt
 .text.USB_GetMode
                0x0000000008008b92       0x1c ./Drivers/STM32F7xx_HAL_Driver/Src/stm32f7xx_ll_usb.o
                0x0000000008008b92                USB_GetMode
 *fill*         0x0000000008008bae        0x2 
 .text.USB_ActivateSetup
                0x0000000008008bb0       0x48 ./Drivers/STM32F7xx_HAL_Driver/Src/stm32f7xx_ll_usb.o
                0x0000000008008bb0                USB_ActivateSetup
 .text.USB_EP0_OutStart
                0x0000000008008bf8       0xbc ./Drivers/STM32F7xx_HAL_Driver/Src/stm32f7xx_ll_usb.o
                0x0000000008008bf8                USB_EP0_OutStart
 .text.USB_CoreReset
                0x0000000008008cb4       0x68 ./Drivers/STM32F7xx_HAL_Driver/Src/stm32f7xx_ll_usb.o
 .text.USBD_CDC_Init
                0x0000000008008d1c      0x1f0 ./Middlewares/ST/STM32_USB_Device_Library/Class/CDC/Src/usbd_cdc.o
 .text.USBD_CDC_DeInit
                0x0000000008008f0c      0x104 ./Middlewares/ST/STM32_USB_Device_Library/Class/CDC/Src/usbd_cdc.o
 .text.USBD_CDC_Setup
                0x0000000008009010      0x1b8 ./Middlewares/ST/STM32_USB_Device_Library/Class/CDC/Src/usbd_cdc.o
 .text.USBD_CDC_DataIn
                0x00000000080091c8       0xfe ./Middlewares/ST/STM32_USB_Device_Library/Class/CDC/Src/usbd_cdc.o
 .text.USBD_CDC_DataOut
                0x00000000080092c6       0x70 ./Middlewares/ST/STM32_USB_Device_Library/Class/CDC/Src/usbd_cdc.o
 .text.USBD_CDC_EP0_RxReady
                0x0000000008009336       0x76 ./Middlewares/ST/STM32_USB_Device_Library/Class/CDC/Src/usbd_cdc.o
 .text.USBD_CDC_GetFSCfgDesc
                0x00000000080093ac       0x70 ./Middlewares/ST/STM32_USB_Device_Library/Class/CDC/Src/usbd_cdc.o
 .text.USBD_CDC_GetHSCfgDesc
                0x000000000800941c       0x70 ./Middlewares/ST/STM32_USB_Device_Library/Class/CDC/Src/usbd_cdc.o
 .text.USBD_CDC_GetOtherSpeedCfgDesc
                0x000000000800948c       0x70 ./Middlewares/ST/STM32_USB_Device_Library/Class/CDC/Src/usbd_cdc.o
 .text.USBD_CDC_GetDeviceQualifierDescriptor
                0x00000000080094fc       0x20 ./Middlewares/ST/STM32_USB_Device_Library/Class/CDC/Src/usbd_cdc.o
                0x00000000080094fc                USBD_CDC_GetDeviceQualifierDescriptor
 .text.USBD_CDC_RegisterInterface
                0x000000000800951c       0x34 ./Middlewares/ST/STM32_USB_Device_Library/Class/CDC/Src/usbd_cdc.o
                0x000000000800951c                USBD_CDC_RegisterInterface
 .text.USBD_CDC_SetTxBuffer
                0x0000000008009550       0x44 ./Middlewares/ST/STM32_USB_Device_Library/Class/CDC/Src/usbd_cdc.o
                0x0000000008009550                USBD_CDC_SetTxBuffer
 .text.USBD_CDC_SetRxBuffer
                0x0000000008009594       0x3a ./Middlewares/ST/STM32_USB_Device_Library/Class/CDC/Src/usbd_cdc.o
                0x0000000008009594                USBD_CDC_SetRxBuffer
 *fill*         0x00000000080095ce        0x2 
 .text.USBD_CDC_TransmitPacket
                0x00000000080095d0       0x80 ./Middlewares/ST/STM32_USB_Device_Library/Class/CDC/Src/usbd_cdc.o
                0x00000000080095d0                USBD_CDC_TransmitPacket
 .text.USBD_CDC_ReceivePacket
                0x0000000008009650       0x6c ./Middlewares/ST/STM32_USB_Device_Library/Class/CDC/Src/usbd_cdc.o
                0x0000000008009650                USBD_CDC_ReceivePacket
 .text.USBD_Init
                0x00000000080096bc       0x60 ./Middlewares/ST/STM32_USB_Device_Library/Core/Src/usbd_core.o
                0x00000000080096bc                USBD_Init
 .text.USBD_RegisterClass
                0x000000000800971c       0x6c ./Middlewares/ST/STM32_USB_Device_Library/Core/Src/usbd_core.o
                0x000000000800971c                USBD_RegisterClass
 .text.USBD_Start
                0x0000000008009788       0x18 ./Middlewares/ST/STM32_USB_Device_Library/Core/Src/usbd_core.o
                0x0000000008009788                USBD_Start
 .text.USBD_RunTestMode
                0x00000000080097a0       0x16 ./Middlewares/ST/STM32_USB_Device_Library/Core/Src/usbd_core.o
                0x00000000080097a0                USBD_RunTestMode
 .text.USBD_SetClassConfig
                0x00000000080097b6       0x38 ./Middlewares/ST/STM32_USB_Device_Library/Core/Src/usbd_core.o
                0x00000000080097b6                USBD_SetClassConfig
 .text.USBD_ClrClassConfig
                0x00000000080097ee       0x34 ./Middlewares/ST/STM32_USB_Device_Library/Core/Src/usbd_core.o
                0x00000000080097ee                USBD_ClrClassConfig
 .text.USBD_LL_SetupStage
                0x0000000008009822       0xaa ./Middlewares/ST/STM32_USB_Device_Library/Core/Src/usbd_core.o
                0x0000000008009822                USBD_LL_SetupStage
 .text.USBD_LL_DataOutStage
                0x00000000080098cc      0x166 ./Middlewares/ST/STM32_USB_Device_Library/Core/Src/usbd_core.o
                0x00000000080098cc                USBD_LL_DataOutStage
 .text.USBD_LL_DataInStage
                0x0000000008009a32      0x164 ./Middlewares/ST/STM32_USB_Device_Library/Core/Src/usbd_core.o
                0x0000000008009a32                USBD_LL_DataInStage
 .text.USBD_LL_Reset
                0x0000000008009b96       0xa4 ./Middlewares/ST/STM32_USB_Device_Library/Core/Src/usbd_core.o
                0x0000000008009b96                USBD_LL_Reset
 .text.USBD_LL_SetSpeed
                0x0000000008009c3a       0x20 ./Middlewares/ST/STM32_USB_Device_Library/Core/Src/usbd_core.o
                0x0000000008009c3a                USBD_LL_SetSpeed
 .text.USBD_LL_Suspend
                0x0000000008009c5a       0x2c ./Middlewares/ST/STM32_USB_Device_Library/Core/Src/usbd_core.o
                0x0000000008009c5a                USBD_LL_Suspend
 .text.USBD_LL_Resume
                0x0000000008009c86       0x30 ./Middlewares/ST/STM32_USB_Device_Library/Core/Src/usbd_core.o
                0x0000000008009c86                USBD_LL_Resume
 .text.USBD_LL_SOF
                0x0000000008009cb6       0x40 ./Middlewares/ST/STM32_USB_Device_Library/Core/Src/usbd_core.o
                0x0000000008009cb6                USBD_LL_SOF
 .text.USBD_LL_IsoINIncomplete
                0x0000000008009cf6       0x64 ./Middlewares/ST/STM32_USB_Device_Library/Core/Src/usbd_core.o
                0x0000000008009cf6                USBD_LL_IsoINIncomplete
 .text.USBD_LL_IsoOUTIncomplete
                0x0000000008009d5a       0x64 ./Middlewares/ST/STM32_USB_Device_Library/Core/Src/usbd_core.o
                0x0000000008009d5a                USBD_LL_IsoOUTIncomplete
 .text.USBD_LL_DevConnected
                0x0000000008009dbe       0x16 ./Middlewares/ST/STM32_USB_Device_Library/Core/Src/usbd_core.o
                0x0000000008009dbe                USBD_LL_DevConnected
 .text.USBD_LL_DevDisconnected
                0x0000000008009dd4       0x46 ./Middlewares/ST/STM32_USB_Device_Library/Core/Src/usbd_core.o
                0x0000000008009dd4                USBD_LL_DevDisconnected
 .text.USBD_CoreFindIF
                0x0000000008009e1a       0x1a ./Middlewares/ST/STM32_USB_Device_Library/Core/Src/usbd_core.o
                0x0000000008009e1a                USBD_CoreFindIF
 .text.USBD_CoreFindEP
                0x0000000008009e34       0x1a ./Middlewares/ST/STM32_USB_Device_Library/Core/Src/usbd_core.o
                0x0000000008009e34                USBD_CoreFindEP
 .text.USBD_GetEpDesc
                0x0000000008009e4e       0x74 ./Middlewares/ST/STM32_USB_Device_Library/Core/Src/usbd_core.o
                0x0000000008009e4e                USBD_GetEpDesc
 .text.USBD_GetNextDesc
                0x0000000008009ec2       0x3a ./Middlewares/ST/STM32_USB_Device_Library/Core/Src/usbd_core.o
                0x0000000008009ec2                USBD_GetNextDesc
 .text.SWAPBYTE
                0x0000000008009efc       0x3c ./Middlewares/ST/STM32_USB_Device_Library/Core/Src/usbd_ctlreq.o
 .text.USBD_StdDevReq
                0x0000000008009f38       0xe4 ./Middlewares/ST/STM32_USB_Device_Library/Core/Src/usbd_ctlreq.o
                0x0000000008009f38                USBD_StdDevReq
 .text.USBD_StdItfReq
                0x000000000800a01c       0xd8 ./Middlewares/ST/STM32_USB_Device_Library/Core/Src/usbd_ctlreq.o
                0x000000000800a01c                USBD_StdItfReq
 .text.USBD_StdEPReq
                0x000000000800a0f4      0x33a ./Middlewares/ST/STM32_USB_Device_Library/Core/Src/usbd_ctlreq.o
                0x000000000800a0f4                USBD_StdEPReq
 *fill*         0x000000000800a42e        0x2 
 .text.USBD_GetDescriptor
                0x000000000800a430      0x328 ./Middlewares/ST/STM32_USB_Device_Library/Core/Src/usbd_ctlreq.o
 .text.USBD_SetAddress
                0x000000000800a758       0x88 ./Middlewares/ST/STM32_USB_Device_Library/Core/Src/usbd_ctlreq.o
 .text.USBD_SetConfig
                0x000000000800a7e0      0x154 ./Middlewares/ST/STM32_USB_Device_Library/Core/Src/usbd_ctlreq.o
 .text.USBD_GetConfig
                0x000000000800a934       0x6c ./Middlewares/ST/STM32_USB_Device_Library/Core/Src/usbd_ctlreq.o
 .text.USBD_GetStatus
                0x000000000800a9a0       0x68 ./Middlewares/ST/STM32_USB_Device_Library/Core/Src/usbd_ctlreq.o
 .text.USBD_SetFeature
                0x000000000800aa08       0x52 ./Middlewares/ST/STM32_USB_Device_Library/Core/Src/usbd_ctlreq.o
 .text.USBD_ClrFeature
                0x000000000800aa5a       0x44 ./Middlewares/ST/STM32_USB_Device_Library/Core/Src/usbd_ctlreq.o
 .text.USBD_ParseSetupRequest
                0x000000000800aa9e       0x74 ./Middlewares/ST/STM32_USB_Device_Library/Core/Src/usbd_ctlreq.o
                0x000000000800aa9e                USBD_ParseSetupRequest
 .text.USBD_CtlError
                0x000000000800ab12       0x22 ./Middlewares/ST/STM32_USB_Device_Library/Core/Src/usbd_ctlreq.o
                0x000000000800ab12                USBD_CtlError
 .text.USBD_GetString
                0x000000000800ab34       0x8c ./Middlewares/ST/STM32_USB_Device_Library/Core/Src/usbd_ctlreq.o
                0x000000000800ab34                USBD_GetString
 .text.USBD_GetLen
                0x000000000800abc0       0x34 ./Middlewares/ST/STM32_USB_Device_Library/Core/Src/usbd_ctlreq.o
 .text.USBD_CtlSendData
                0x000000000800abf4       0x36 ./Middlewares/ST/STM32_USB_Device_Library/Core/Src/usbd_ioreq.o
                0x000000000800abf4                USBD_CtlSendData
 .text.USBD_CtlContinueSendData
                0x000000000800ac2a       0x22 ./Middlewares/ST/STM32_USB_Device_Library/Core/Src/usbd_ioreq.o
                0x000000000800ac2a                USBD_CtlContinueSendData
 .text.USBD_CtlPrepareRx
                0x000000000800ac4c       0x3a ./Middlewares/ST/STM32_USB_Device_Library/Core/Src/usbd_ioreq.o
                0x000000000800ac4c                USBD_CtlPrepareRx
 .text.USBD_CtlContinueRx
                0x000000000800ac86       0x22 ./Middlewares/ST/STM32_USB_Device_Library/Core/Src/usbd_ioreq.o
                0x000000000800ac86                USBD_CtlContinueRx
 .text.USBD_CtlSendStatus
                0x000000000800aca8       0x26 ./Middlewares/ST/STM32_USB_Device_Library/Core/Src/usbd_ioreq.o
                0x000000000800aca8                USBD_CtlSendStatus
 .text.USBD_CtlReceiveStatus
                0x000000000800acce       0x26 ./Middlewares/ST/STM32_USB_Device_Library/Core/Src/usbd_ioreq.o
                0x000000000800acce                USBD_CtlReceiveStatus
 .text.SVC_Setup
                0x000000000800acf4        0xe ./Middlewares/Third_Party/FreeRTOS/Source/CMSIS_RTOS_V2/cmsis_os2.o
 *fill*         0x000000000800ad02        0x2 
 .text.osKernelInitialize
                0x000000000800ad04       0x68 ./Middlewares/Third_Party/FreeRTOS/Source/CMSIS_RTOS_V2/cmsis_os2.o
                0x000000000800ad04                osKernelInitialize
 .text.osKernelStart
                0x000000000800ad6c       0x6c ./Middlewares/Third_Party/FreeRTOS/Source/CMSIS_RTOS_V2/cmsis_os2.o
                0x000000000800ad6c                osKernelStart
 .text.osThreadNew
                0x000000000800add8      0x14c ./Middlewares/Third_Party/FreeRTOS/Source/CMSIS_RTOS_V2/cmsis_os2.o
                0x000000000800add8                osThreadNew
 .text.osDelay  0x000000000800af24       0x5c ./Middlewares/Third_Party/FreeRTOS/Source/CMSIS_RTOS_V2/cmsis_os2.o
                0x000000000800af24                osDelay
 .text.vApplicationGetIdleTaskMemory
                0x000000000800af80       0x34 ./Middlewares/Third_Party/FreeRTOS/Source/CMSIS_RTOS_V2/cmsis_os2.o
                0x000000000800af80                vApplicationGetIdleTaskMemory
 .text.vApplicationGetTimerTaskMemory
                0x000000000800afb4       0x34 ./Middlewares/Third_Party/FreeRTOS/Source/CMSIS_RTOS_V2/cmsis_os2.o
                0x000000000800afb4                vApplicationGetTimerTaskMemory
 .text.vListInitialise
                0x000000000800afe8       0x40 ./Middlewares/Third_Party/FreeRTOS/Source/list.o
                0x000000000800afe8                vListInitialise
 .text.vListInitialiseItem
                0x000000000800b028       0x1a ./Middlewares/Third_Party/FreeRTOS/Source/list.o
                0x000000000800b028                vListInitialiseItem
 .text.vListInsertEnd
                0x000000000800b042       0x48 ./Middlewares/Third_Party/FreeRTOS/Source/list.o
                0x000000000800b042                vListInsertEnd
 .text.vListInsert
                0x000000000800b08a       0x72 ./Middlewares/Third_Party/FreeRTOS/Source/list.o
                0x000000000800b08a                vListInsert
 .text.uxListRemove
                0x000000000800b0fc       0x54 ./Middlewares/Third_Party/FreeRTOS/Source/list.o
                0x000000000800b0fc                uxListRemove
 .text.xQueueGenericReset
                0x000000000800b150       0xd4 ./Middlewares/Third_Party/FreeRTOS/Source/queue.o
                0x000000000800b150                xQueueGenericReset
 .text.xQueueGenericCreateStatic
                0x000000000800b224      0x104 ./Middlewares/Third_Party/FreeRTOS/Source/queue.o
                0x000000000800b224                xQueueGenericCreateStatic
 .text.prvInitialiseNewQueue
                0x000000000800b328       0x46 ./Middlewares/Third_Party/FreeRTOS/Source/queue.o
 *fill*         0x000000000800b36e        0x2 
 .text.xQueueGenericSend
                0x000000000800b370      0x20c ./Middlewares/Third_Party/FreeRTOS/Source/queue.o
                0x000000000800b370                xQueueGenericSend
 .text.xQueueGenericSendFromISR
                0x000000000800b57c      0x140 ./Middlewares/Third_Party/FreeRTOS/Source/queue.o
                0x000000000800b57c                xQueueGenericSendFromISR
 .text.xQueueReceive
                0x000000000800b6bc      0x1cc ./Middlewares/Third_Party/FreeRTOS/Source/queue.o
                0x000000000800b6bc                xQueueReceive
 .text.prvCopyDataToQueue
                0x000000000800b888       0xd4 ./Middlewares/Third_Party/FreeRTOS/Source/queue.o
 .text.prvCopyDataFromQueue
                0x000000000800b95c       0x4c ./Middlewares/Third_Party/FreeRTOS/Source/queue.o
 .text.prvUnlockQueue
                0x000000000800b9a8       0xa4 ./Middlewares/Third_Party/FreeRTOS/Source/queue.o
 .text.prvIsQueueEmpty
                0x000000000800ba4c       0x2c ./Middlewares/Third_Party/FreeRTOS/Source/queue.o
 .text.prvIsQueueFull
                0x000000000800ba78       0x30 ./Middlewares/Third_Party/FreeRTOS/Source/queue.o
 .text.vQueueAddToRegistry
                0x000000000800baa8       0x54 ./Middlewares/Third_Party/FreeRTOS/Source/queue.o
                0x000000000800baa8                vQueueAddToRegistry
 .text.vQueueWaitForMessageRestricted
                0x000000000800bafc       0x68 ./Middlewares/Third_Party/FreeRTOS/Source/queue.o
                0x000000000800bafc                vQueueWaitForMessageRestricted
 .text.xTaskCreateStatic
                0x000000000800bb64       0xc6 ./Middlewares/Third_Party/FreeRTOS/Source/tasks.o
                0x000000000800bb64                xTaskCreateStatic
 .text.xTaskCreate
                0x000000000800bc2a       0x8a ./Middlewares/Third_Party/FreeRTOS/Source/tasks.o
                0x000000000800bc2a                xTaskCreate
 .text.prvInitialiseNewTask
                0x000000000800bcb4      0x122 ./Middlewares/Third_Party/FreeRTOS/Source/tasks.o
 *fill*         0x000000000800bdd6        0x2 
 .text.prvAddNewTaskToReadyList
                0x000000000800bdd8       0xe0 ./Middlewares/Third_Party/FreeRTOS/Source/tasks.o
 .text.vTaskDelay
                0x000000000800beb8       0x6c ./Middlewares/Third_Party/FreeRTOS/Source/tasks.o
                0x000000000800beb8                vTaskDelay
 .text.vTaskStartScheduler
                0x000000000800bf24       0xd4 ./Middlewares/Third_Party/FreeRTOS/Source/tasks.o
                0x000000000800bf24                vTaskStartScheduler
 .text.vTaskSuspendAll
                0x000000000800bff8       0x1c ./Middlewares/Third_Party/FreeRTOS/Source/tasks.o
                0x000000000800bff8                vTaskSuspendAll
 .text.xTaskResumeAll
                0x000000000800c014      0x140 ./Middlewares/Third_Party/FreeRTOS/Source/tasks.o
                0x000000000800c014                xTaskResumeAll
 .text.xTaskGetTickCount
                0x000000000800c154       0x20 ./Middlewares/Third_Party/FreeRTOS/Source/tasks.o
                0x000000000800c154                xTaskGetTickCount
 .text.xTaskIncrementTick
                0x000000000800c174      0x178 ./Middlewares/Third_Party/FreeRTOS/Source/tasks.o
                0x000000000800c174                xTaskIncrementTick
 .text.vTaskSwitchContext
                0x000000000800c2ec       0xc0 ./Middlewares/Third_Party/FreeRTOS/Source/tasks.o
                0x000000000800c2ec                vTaskSwitchContext
 .text.vTaskPlaceOnEventList
                0x000000000800c3ac       0x4c ./Middlewares/Third_Party/FreeRTOS/Source/tasks.o
                0x000000000800c3ac                vTaskPlaceOnEventList
 .text.vTaskPlaceOnEventListRestricted
                0x000000000800c3f8       0x5c ./Middlewares/Third_Party/FreeRTOS/Source/tasks.o
                0x000000000800c3f8                vTaskPlaceOnEventListRestricted
 .text.xTaskRemoveFromEventList
                0x000000000800c454       0xcc ./Middlewares/Third_Party/FreeRTOS/Source/tasks.o
                0x000000000800c454                xTaskRemoveFromEventList
 .text.vTaskInternalSetTimeOutState
                0x000000000800c520       0x2c ./Middlewares/Third_Party/FreeRTOS/Source/tasks.o
                0x000000000800c520                vTaskInternalSetTimeOutState
 .text.xTaskCheckForTimeOut
                0x000000000800c54c       0xcc ./Middlewares/Third_Party/FreeRTOS/Source/tasks.o
                0x000000000800c54c                xTaskCheckForTimeOut
 .text.vTaskMissedYield
                0x000000000800c618       0x18 ./Middlewares/Third_Party/FreeRTOS/Source/tasks.o
                0x000000000800c618                vTaskMissedYield
 .text.prvIdleTask
                0x000000000800c630       0x30 ./Middlewares/Third_Party/FreeRTOS/Source/tasks.o
 .text.prvInitialiseTaskLists
                0x000000000800c660       0x80 ./Middlewares/Third_Party/FreeRTOS/Source/tasks.o
 .text.prvCheckTasksWaitingTermination
                0x000000000800c6e0       0x5c ./Middlewares/Third_Party/FreeRTOS/Source/tasks.o
 .text.prvDeleteTCB
                0x000000000800c73c       0x62 ./Middlewares/Third_Party/FreeRTOS/Source/tasks.o
 *fill*         0x000000000800c79e        0x2 
 .text.prvResetNextTaskUnblockTime
                0x000000000800c7a0       0x40 ./Middlewares/Third_Party/FreeRTOS/Source/tasks.o
 .text.xTaskGetSchedulerState
                0x000000000800c7e0       0x3c ./Middlewares/Third_Party/FreeRTOS/Source/tasks.o
                0x000000000800c7e0                xTaskGetSchedulerState
 .text.xTaskPriorityDisinherit
                0x000000000800c81c       0xe4 ./Middlewares/Third_Party/FreeRTOS/Source/tasks.o
                0x000000000800c81c                xTaskPriorityDisinherit
 .text.prvAddCurrentTaskToDelayedList
                0x000000000800c900       0xa8 ./Middlewares/Third_Party/FreeRTOS/Source/tasks.o
 .text.xTimerCreateTimerTask
                0x000000000800c9a8       0x94 ./Middlewares/Third_Party/FreeRTOS/Source/timers.o
                0x000000000800c9a8                xTimerCreateTimerTask
 .text.xTimerGenericCommand
                0x000000000800ca3c       0xa0 ./Middlewares/Third_Party/FreeRTOS/Source/timers.o
                0x000000000800ca3c                xTimerGenericCommand
 .text.prvProcessExpiredTimer
                0x000000000800cadc       0x9c ./Middlewares/Third_Party/FreeRTOS/Source/timers.o
 .text.prvTimerTask
                0x000000000800cb78       0x24 ./Middlewares/Third_Party/FreeRTOS/Source/timers.o
 .text.prvProcessTimerOrBlockTask
                0x000000000800cb9c       0x9c ./Middlewares/Third_Party/FreeRTOS/Source/timers.o
 .text.prvGetNextExpireTime
                0x000000000800cc38       0x48 ./Middlewares/Third_Party/FreeRTOS/Source/timers.o
 .text.prvSampleTimeNow
                0x000000000800cc80       0x40 ./Middlewares/Third_Party/FreeRTOS/Source/timers.o
 .text.prvInsertTimerInActiveList
                0x000000000800ccc0       0x84 ./Middlewares/Third_Party/FreeRTOS/Source/timers.o
 .text.prvProcessReceivedCommands
                0x000000000800cd44      0x1d0 ./Middlewares/Third_Party/FreeRTOS/Source/timers.o
 .text.prvSwitchTimerLists
                0x000000000800cf14       0xcc ./Middlewares/Third_Party/FreeRTOS/Source/timers.o
 .text.prvCheckForValidListAndQueue
                0x000000000800cfe0       0x80 ./Middlewares/Third_Party/FreeRTOS/Source/timers.o
 .text.pxPortInitialiseStack
                0x000000000800d060       0x68 ./Middlewares/Third_Party/FreeRTOS/Source/portable/GCC/ARM_CM7/r0p1/port.o
                0x000000000800d060                pxPortInitialiseStack
 .text.prvTaskExitError
                0x000000000800d0c8       0x60 ./Middlewares/Third_Party/FreeRTOS/Source/portable/GCC/ARM_CM7/r0p1/port.o
 *fill*         0x000000000800d128        0x8 
 .text.SVC_Handler
                0x000000000800d130       0x28 ./Middlewares/Third_Party/FreeRTOS/Source/portable/GCC/ARM_CM7/r0p1/port.o
                0x000000000800d130                SVC_Handler
 .text.prvPortStartFirstTask
                0x000000000800d158       0x28 ./Middlewares/Third_Party/FreeRTOS/Source/portable/GCC/ARM_CM7/r0p1/port.o
 .text.xPortStartScheduler
                0x000000000800d180       0xfc ./Middlewares/Third_Party/FreeRTOS/Source/portable/GCC/ARM_CM7/r0p1/port.o
                0x000000000800d180                xPortStartScheduler
 .text.vPortEnterCritical
                0x000000000800d27c       0x68 ./Middlewares/Third_Party/FreeRTOS/Source/portable/GCC/ARM_CM7/r0p1/port.o
                0x000000000800d27c                vPortEnterCritical
 .text.vPortExitCritical
                0x000000000800d2e4       0x58 ./Middlewares/Third_Party/FreeRTOS/Source/portable/GCC/ARM_CM7/r0p1/port.o
                0x000000000800d2e4                vPortExitCritical
 *fill*         0x000000000800d33c        0x4 
 .text.PendSV_Handler
                0x000000000800d340       0x68 ./Middlewares/Third_Party/FreeRTOS/Source/portable/GCC/ARM_CM7/r0p1/port.o
                0x000000000800d340                PendSV_Handler
 .text.SysTick_Handler
                0x000000000800d3a8       0x48 ./Middlewares/Third_Party/FreeRTOS/Source/portable/GCC/ARM_CM7/r0p1/port.o
                0x000000000800d3a8                SysTick_Handler
 .text.vPortSetupTimerInterrupt
                0x000000000800d3f0       0x48 ./Middlewares/Third_Party/FreeRTOS/Source/portable/GCC/ARM_CM7/r0p1/port.o
                0x000000000800d3f0                vPortSetupTimerInterrupt
 .text.vPortEnableVFP
                0x000000000800d438       0x14 ./Middlewares/Third_Party/FreeRTOS/Source/portable/GCC/ARM_CM7/r0p1/port.o
 .text.vPortValidateInterruptPriority
                0x000000000800d44c       0x88 ./Middlewares/Third_Party/FreeRTOS/Source/portable/GCC/ARM_CM7/r0p1/port.o
                0x000000000800d44c                vPortValidateInterruptPriority
 .text.pvPortMalloc
                0x000000000800d4d4      0x194 ./Middlewares/Third_Party/FreeRTOS/Source/portable/MemMang/heap_4.o
                0x000000000800d4d4                pvPortMalloc
 .text.vPortFree
                0x000000000800d668       0xbc ./Middlewares/Third_Party/FreeRTOS/Source/portable/MemMang/heap_4.o
                0x000000000800d668                vPortFree
 .text.prvHeapInit
                0x000000000800d724       0xc4 ./Middlewares/Third_Party/FreeRTOS/Source/portable/MemMang/heap_4.o
 .text.prvInsertBlockIntoFreeList
                0x000000000800d7e8       0xb4 ./Middlewares/Third_Party/FreeRTOS/Source/portable/MemMang/heap_4.o
 .text.MX_USB_DEVICE_Init
                0x000000000800d89c       0x60 ./USB_DEVICE/App/usb_device.o
                0x000000000800d89c                MX_USB_DEVICE_Init
 .text.CDC_Init_FS
                0x000000000800d8fc       0x28 ./USB_DEVICE/App/usbd_cdc_if.o
 .text.CDC_DeInit_FS
                0x000000000800d924       0x10 ./USB_DEVICE/App/usbd_cdc_if.o
 .text.CDC_Control_FS
                0x000000000800d934       0xbc ./USB_DEVICE/App/usbd_cdc_if.o
 .text.CDC_Receive_FS
                0x000000000800d9f0       0x28 ./USB_DEVICE/App/usbd_cdc_if.o
 .text.CDC_Transmit_FS
                0x000000000800da18       0x4c ./USB_DEVICE/App/usbd_cdc_if.o
                0x000000000800da18                CDC_Transmit_FS
 .text.CDC_TransmitCplt_FS
                0x000000000800da64       0x22 ./USB_DEVICE/App/usbd_cdc_if.o
 *fill*         0x000000000800da86        0x2 
 .text.USBD_FS_DeviceDescriptor
                0x000000000800da88       0x24 ./USB_DEVICE/App/usbd_desc.o
                0x000000000800da88                USBD_FS_DeviceDescriptor
 .text.USBD_FS_LangIDStrDescriptor
                0x000000000800daac       0x24 ./USB_DEVICE/App/usbd_desc.o
                0x000000000800daac                USBD_FS_LangIDStrDescriptor
 .text.USBD_FS_ProductStrDescriptor
                0x000000000800dad0       0x3c ./USB_DEVICE/App/usbd_desc.o
                0x000000000800dad0                USBD_FS_ProductStrDescriptor
 .text.USBD_FS_ManufacturerStrDescriptor
                0x000000000800db0c       0x28 ./USB_DEVICE/App/usbd_desc.o
                0x000000000800db0c                USBD_FS_ManufacturerStrDescriptor
 .text.USBD_FS_SerialStrDescriptor
                0x000000000800db34       0x24 ./USB_DEVICE/App/usbd_desc.o
                0x000000000800db34                USBD_FS_SerialStrDescriptor
 .text.USBD_FS_ConfigStrDescriptor
                0x000000000800db58       0x3c ./USB_DEVICE/App/usbd_desc.o
                0x000000000800db58                USBD_FS_ConfigStrDescriptor
 .text.USBD_FS_InterfaceStrDescriptor
                0x000000000800db94       0x3c ./USB_DEVICE/App/usbd_desc.o
                0x000000000800db94                USBD_FS_InterfaceStrDescriptor
 .text.USBD_FS_USR_BOSDescriptor
                0x000000000800dbd0       0x24 ./USB_DEVICE/App/usbd_desc.o
                0x000000000800dbd0                USBD_FS_USR_BOSDescriptor
 .text.Get_SerialNum
                0x000000000800dbf4       0x58 ./USB_DEVICE/App/usbd_desc.o
 .text.IntToUnicode
                0x000000000800dc4c       0x7e ./USB_DEVICE/App/usbd_desc.o
 *fill*         0x000000000800dcca        0x2 
 .text.HAL_PCD_MspInit
                0x000000000800dccc      0x104 ./USB_DEVICE/Target/usbd_conf.o
                0x000000000800dccc                HAL_PCD_MspInit
 .text.HAL_PCD_SetupStageCallback
                0x000000000800ddd0       0x24 ./USB_DEVICE/Target/usbd_conf.o
                0x000000000800ddd0                HAL_PCD_SetupStageCallback
 .text.HAL_PCD_DataOutStageCallback
                0x000000000800ddf4       0x36 ./USB_DEVICE/Target/usbd_conf.o
                0x000000000800ddf4                HAL_PCD_DataOutStageCallback
 .text.HAL_PCD_DataInStageCallback
                0x000000000800de2a       0x34 ./USB_DEVICE/Target/usbd_conf.o
                0x000000000800de2a                HAL_PCD_DataInStageCallback
 .text.HAL_PCD_SOFCallback
                0x000000000800de5e       0x1c ./USB_DEVICE/Target/usbd_conf.o
                0x000000000800de5e                HAL_PCD_SOFCallback
 .text.HAL_PCD_ResetCallback
                0x000000000800de7a       0x50 ./USB_DEVICE/Target/usbd_conf.o
                0x000000000800de7a                HAL_PCD_ResetCallback
 *fill*         0x000000000800deca        0x2 
 .text.HAL_PCD_SuspendCallback
                0x000000000800decc       0x4c ./USB_DEVICE/Target/usbd_conf.o
                0x000000000800decc                HAL_PCD_SuspendCallback
 .text.HAL_PCD_ResumeCallback
                0x000000000800df18       0x1c ./USB_DEVICE/Target/usbd_conf.o
                0x000000000800df18                HAL_PCD_ResumeCallback
 .text.HAL_PCD_ISOOUTIncompleteCallback
                0x000000000800df34       0x24 ./USB_DEVICE/Target/usbd_conf.o
                0x000000000800df34                HAL_PCD_ISOOUTIncompleteCallback
 .text.HAL_PCD_ISOINIncompleteCallback
                0x000000000800df58       0x24 ./USB_DEVICE/Target/usbd_conf.o
                0x000000000800df58                HAL_PCD_ISOINIncompleteCallback
 .text.HAL_PCD_ConnectCallback
                0x000000000800df7c       0x1c ./USB_DEVICE/Target/usbd_conf.o
                0x000000000800df7c                HAL_PCD_ConnectCallback
 .text.HAL_PCD_DisconnectCallback
                0x000000000800df98       0x1c ./USB_DEVICE/Target/usbd_conf.o
                0x000000000800df98                HAL_PCD_DisconnectCallback
 .text.USBD_LL_Init
                0x000000000800dfb4       0x98 ./USB_DEVICE/Target/usbd_conf.o
                0x000000000800dfb4                USBD_LL_Init
 .text.USBD_LL_Start
                0x000000000800e04c       0x36 ./USB_DEVICE/Target/usbd_conf.o
                0x000000000800e04c                USBD_LL_Start
 .text.USBD_LL_OpenEP
                0x000000000800e082       0x4c ./USB_DEVICE/Target/usbd_conf.o
                0x000000000800e082                USBD_LL_OpenEP
 .text.USBD_LL_CloseEP
                0x000000000800e0ce       0x3e ./USB_DEVICE/Target/usbd_conf.o
                0x000000000800e0ce                USBD_LL_CloseEP
 .text.USBD_LL_StallEP
                0x000000000800e10c       0x3e ./USB_DEVICE/Target/usbd_conf.o
                0x000000000800e10c                USBD_LL_StallEP
 .text.USBD_LL_ClearStallEP
                0x000000000800e14a       0x3e ./USB_DEVICE/Target/usbd_conf.o
                0x000000000800e14a                USBD_LL_ClearStallEP
 .text.USBD_LL_IsStallEP
                0x000000000800e188       0x58 ./USB_DEVICE/Target/usbd_conf.o
                0x000000000800e188                USBD_LL_IsStallEP
 .text.USBD_LL_SetUSBAddress
                0x000000000800e1e0       0x3e ./USB_DEVICE/Target/usbd_conf.o
                0x000000000800e1e0                USBD_LL_SetUSBAddress
 .text.USBD_LL_Transmit
                0x000000000800e21e       0x42 ./USB_DEVICE/Target/usbd_conf.o
                0x000000000800e21e                USBD_LL_Transmit
 .text.USBD_LL_PrepareReceive
                0x000000000800e260       0x42 ./USB_DEVICE/Target/usbd_conf.o
                0x000000000800e260                USBD_LL_PrepareReceive
 .text.USBD_LL_GetRxDataSize
                0x000000000800e2a2       0x26 ./USB_DEVICE/Target/usbd_conf.o
                0x000000000800e2a2                USBD_LL_GetRxDataSize
 .text.HAL_PCDEx_LPM_Callback
                0x000000000800e2c8       0x9c ./USB_DEVICE/Target/usbd_conf.o
                0x000000000800e2c8                HAL_PCDEx_LPM_Callback
 .text.SystemClockConfig_Resume
                0x000000000800e364        0xc ./USB_DEVICE/Target/usbd_conf.o
 .text.USBD_Get_USB_Status
                0x000000000800e370       0x58 ./USB_DEVICE/Target/usbd_conf.o
                0x000000000800e370                USBD_Get_USB_Status
 .text.malloc   0x000000000800e3c8       0x10 C:/ST/STM32CubeIDE_1.13.2/STM32CubeIDE/plugins/com.st.stm32cube.ide.mcu.externaltools.gnu-tools-for-stm32.11.3.rel1.win32_1.1.1.202309131626/tools/bin/../lib/gcc/arm-none-eabi/11.3.1/../../../../arm-none-eabi/lib/thumb/v7e-m+dp/hard\libc_nano.a(libc_a-malloc.o)
                0x000000000800e3c8                malloc
 .text.free     0x000000000800e3d8       0x10 C:/ST/STM32CubeIDE_1.13.2/STM32CubeIDE/plugins/com.st.stm32cube.ide.mcu.externaltools.gnu-tools-for-stm32.11.3.rel1.win32_1.1.1.202309131626/tools/bin/../lib/gcc/arm-none-eabi/11.3.1/../../../../arm-none-eabi/lib/thumb/v7e-m+dp/hard\libc_nano.a(libc_a-malloc.o)
                0x000000000800e3d8                free
 .text.sbrk_aligned
                0x000000000800e3e8       0x40 C:/ST/STM32CubeIDE_1.13.2/STM32CubeIDE/plugins/com.st.stm32cube.ide.mcu.externaltools.gnu-tools-for-stm32.11.3.rel1.win32_1.1.1.202309131626/tools/bin/../lib/gcc/arm-none-eabi/11.3.1/../../../../arm-none-eabi/lib/thumb/v7e-m+dp/hard\libc_nano.a(libc_a-mallocr.o)
 .text._malloc_r
                0x000000000800e428      0x100 C:/ST/STM32CubeIDE_1.13.2/STM32CubeIDE/plugins/com.st.stm32cube.ide.mcu.externaltools.gnu-tools-for-stm32.11.3.rel1.win32_1.1.1.202309131626/tools/bin/../lib/gcc/arm-none-eabi/11.3.1/../../../../arm-none-eabi/lib/thumb/v7e-m+dp/hard\libc_nano.a(libc_a-mallocr.o)
                0x000000000800e428                _malloc_r
 .text.__malloc_lock
                0x000000000800e528        0xc C:/ST/STM32CubeIDE_1.13.2/STM32CubeIDE/plugins/com.st.stm32cube.ide.mcu.externaltools.gnu-tools-for-stm32.11.3.rel1.win32_1.1.1.202309131626/tools/bin/../lib/gcc/arm-none-eabi/11.3.1/../../../../arm-none-eabi/lib/thumb/v7e-m+dp/hard\libc_nano.a(libc_a-mlock.o)
                0x000000000800e528                __malloc_lock
 .text.__malloc_unlock
                0x000000000800e534        0xc C:/ST/STM32CubeIDE_1.13.2/STM32CubeIDE/plugins/com.st.stm32cube.ide.mcu.externaltools.gnu-tools-for-stm32.11.3.rel1.win32_1.1.1.202309131626/tools/bin/../lib/gcc/arm-none-eabi/11.3.1/../../../../arm-none-eabi/lib/thumb/v7e-m+dp/hard\libc_nano.a(libc_a-mlock.o)
                0x000000000800e534                __malloc_unlock
 .text.sprintf  0x000000000800e540       0x40 C:/ST/STM32CubeIDE_1.13.2/STM32CubeIDE/plugins/com.st.stm32cube.ide.mcu.externaltools.gnu-tools-for-stm32.11.3.rel1.win32_1.1.1.202309131626/tools/bin/../lib/gcc/arm-none-eabi/11.3.1/../../../../arm-none-eabi/lib/thumb/v7e-m+dp/hard\libc_nano.a(libc_a-sprintf.o)
                0x000000000800e540                siprintf
                0x000000000800e540                sprintf
 .text.memset   0x000000000800e580       0x10 C:/ST/STM32CubeIDE_1.13.2/STM32CubeIDE/plugins/com.st.stm32cube.ide.mcu.externaltools.gnu-tools-for-stm32.11.3.rel1.win32_1.1.1.202309131626/tools/bin/../lib/gcc/arm-none-eabi/11.3.1/../../../../arm-none-eabi/lib/thumb/v7e-m+dp/hard\libc_nano.a(libc_a-memset.o)
                0x000000000800e580                memset
 .text._sbrk_r  0x000000000800e590       0x20 C:/ST/STM32CubeIDE_1.13.2/STM32CubeIDE/plugins/com.st.stm32cube.ide.mcu.externaltools.gnu-tools-for-stm32.11.3.rel1.win32_1.1.1.202309131626/tools/bin/../lib/gcc/arm-none-eabi/11.3.1/../../../../arm-none-eabi/lib/thumb/v7e-m+dp/hard\libc_nano.a(libc_a-sbrkr.o)
                0x000000000800e590                _sbrk_r
 .text.__errno  0x000000000800e5b0        0xc C:/ST/STM32CubeIDE_1.13.2/STM32CubeIDE/plugins/com.st.stm32cube.ide.mcu.externaltools.gnu-tools-for-stm32.11.3.rel1.win32_1.1.1.202309131626/tools/bin/../lib/gcc/arm-none-eabi/11.3.1/../../../../arm-none-eabi/lib/thumb/v7e-m+dp/hard\libc_nano.a(libc_a-errno.o)
                0x000000000800e5b0                __errno
 .text.__libc_init_array
                0x000000000800e5bc       0x48 C:/ST/STM32CubeIDE_1.13.2/STM32CubeIDE/plugins/com.st.stm32cube.ide.mcu.externaltools.gnu-tools-for-stm32.11.3.rel1.win32_1.1.1.202309131626/tools/bin/../lib/gcc/arm-none-eabi/11.3.1/../../../../arm-none-eabi/lib/thumb/v7e-m+dp/hard\libc_nano.a(libc_a-init.o)
                0x000000000800e5bc                __libc_init_array
 .text.__retarget_lock_acquire_recursive
                0x000000000800e604        0x2 C:/ST/STM32CubeIDE_1.13.2/STM32CubeIDE/plugins/com.st.stm32cube.ide.mcu.externaltools.gnu-tools-for-stm32.11.3.rel1.win32_1.1.1.202309131626/tools/bin/../lib/gcc/arm-none-eabi/11.3.1/../../../../arm-none-eabi/lib/thumb/v7e-m+dp/hard\libc_nano.a(libc_a-lock.o)
                0x000000000800e604                __retarget_lock_acquire_recursive
 .text.__retarget_lock_release_recursive
                0x000000000800e606        0x2 C:/ST/STM32CubeIDE_1.13.2/STM32CubeIDE/plugins/com.st.stm32cube.ide.mcu.externaltools.gnu-tools-for-stm32.11.3.rel1.win32_1.1.1.202309131626/tools/bin/../lib/gcc/arm-none-eabi/11.3.1/../../../../arm-none-eabi/lib/thumb/v7e-m+dp/hard\libc_nano.a(libc_a-lock.o)
                0x000000000800e606                __retarget_lock_release_recursive
 .text.memcpy   0x000000000800e608       0x1c C:/ST/STM32CubeIDE_1.13.2/STM32CubeIDE/plugins/com.st.stm32cube.ide.mcu.externaltools.gnu-tools-for-stm32.11.3.rel1.win32_1.1.1.202309131626/tools/bin/../lib/gcc/arm-none-eabi/11.3.1/../../../../arm-none-eabi/lib/thumb/v7e-m+dp/hard\libc_nano.a(libc_a-memcpy-stub.o)
                0x000000000800e608                memcpy
 .text._free_r  0x000000000800e624       0x98 C:/ST/STM32CubeIDE_1.13.2/STM32CubeIDE/plugins/com.st.stm32cube.ide.mcu.externaltools.gnu-tools-for-stm32.11.3.rel1.win32_1.1.1.202309131626/tools/bin/../lib/gcc/arm-none-eabi/11.3.1/../../../../arm-none-eabi/lib/thumb/v7e-m+dp/hard\libc_nano.a(libc_a-freer.o)
                0x000000000800e624                _free_r
 .text.__ssputs_r
                0x000000000800e6bc       0xb4 C:/ST/STM32CubeIDE_1.13.2/STM32CubeIDE/plugins/com.st.stm32cube.ide.mcu.externaltools.gnu-tools-for-stm32.11.3.rel1.win32_1.1.1.202309131626/tools/bin/../lib/gcc/arm-none-eabi/11.3.1/../../../../arm-none-eabi/lib/thumb/v7e-m+dp/hard\libc_nano.a(libc_a-nano-svfprintf.o)
                0x000000000800e6bc                __ssputs_r
 .text._svfprintf_r
                0x000000000800e770      0x1fc C:/ST/STM32CubeIDE_1.13.2/STM32CubeIDE/plugins/com.st.stm32cube.ide.mcu.externaltools.gnu-tools-for-stm32.11.3.rel1.win32_1.1.1.202309131626/tools/bin/../lib/gcc/arm-none-eabi/11.3.1/../../../../arm-none-eabi/lib/thumb/v7e-m+dp/hard\libc_nano.a(libc_a-nano-svfprintf.o)
                0x000000000800e770                _svfiprintf_r
                0x000000000800e770                _svfprintf_r
 .text._printf_common
                0x000000000800e96c       0xda C:/ST/STM32CubeIDE_1.13.2/STM32CubeIDE/plugins/com.st.stm32cube.ide.mcu.externaltools.gnu-tools-for-stm32.11.3.rel1.win32_1.1.1.202309131626/tools/bin/../lib/gcc/arm-none-eabi/11.3.1/../../../../arm-none-eabi/lib/thumb/v7e-m+dp/hard\libc_nano.a(libc_a-nano-vfprintf_i.o)
                0x000000000800e96c                _printf_common
 *fill*         0x000000000800ea46        0x2 
 .text._printf_i
                0x000000000800ea48      0x244 C:/ST/STM32CubeIDE_1.13.2/STM32CubeIDE/plugins/com.st.stm32cube.ide.mcu.externaltools.gnu-tools-for-stm32.11.3.rel1.win32_1.1.1.202309131626/tools/bin/../lib/gcc/arm-none-eabi/11.3.1/../../../../arm-none-eabi/lib/thumb/v7e-m+dp/hard\libc_nano.a(libc_a-nano-vfprintf_i.o)
                0x000000000800ea48                _printf_i
 .text.memmove  0x000000000800ec8c       0x34 C:/ST/STM32CubeIDE_1.13.2/STM32CubeIDE/plugins/com.st.stm32cube.ide.mcu.externaltools.gnu-tools-for-stm32.11.3.rel1.win32_1.1.1.202309131626/tools/bin/../lib/gcc/arm-none-eabi/11.3.1/../../../../arm-none-eabi/lib/thumb/v7e-m+dp/hard\libc_nano.a(libc_a-memmove.o)
                0x000000000800ec8c                memmove
 .text._realloc_r
                0x000000000800ecc0       0x5e C:/ST/STM32CubeIDE_1.13.2/STM32CubeIDE/plugins/com.st.stm32cube.ide.mcu.externaltools.gnu-tools-for-stm32.11.3.rel1.win32_1.1.1.202309131626/tools/bin/../lib/gcc/arm-none-eabi/11.3.1/../../../../arm-none-eabi/lib/thumb/v7e-m+dp/hard\libc_nano.a(libc_a-reallocr.o)
                0x000000000800ecc0                _realloc_r
 .text._malloc_usable_size_r
                0x000000000800ed1e       0x10 C:/ST/STM32CubeIDE_1.13.2/STM32CubeIDE/plugins/com.st.stm32cube.ide.mcu.externaltools.gnu-tools-for-stm32.11.3.rel1.win32_1.1.1.202309131626/tools/bin/../lib/gcc/arm-none-eabi/11.3.1/../../../../arm-none-eabi/lib/thumb/v7e-m+dp/hard\libc_nano.a(libc_a-msizer.o)
                0x000000000800ed1e                _malloc_usable_size_r
 *(.glue_7)
 .glue_7        0x000000000800ed2e        0x0 linker stubs
 *(.glue_7t)
 .glue_7t       0x000000000800ed2e        0x0 linker stubs
 *(.eh_frame)
 *fill*         0x000000000800ed2e        0x2 
 .eh_frame      0x000000000800ed30        0x0 C:/ST/STM32CubeIDE_1.13.2/STM32CubeIDE/plugins/com.st.stm32cube.ide.mcu.externaltools.gnu-tools-for-stm32.11.3.rel1.win32_1.1.1.202309131626/tools/bin/../lib/gcc/arm-none-eabi/11.3.1/thumb/v7e-m+dp/hard/crtbegin.o
 *(.init)
 .init          0x000000000800ed30        0x4 C:/ST/STM32CubeIDE_1.13.2/STM32CubeIDE/plugins/com.st.stm32cube.ide.mcu.externaltools.gnu-tools-for-stm32.11.3.rel1.win32_1.1.1.202309131626/tools/bin/../lib/gcc/arm-none-eabi/11.3.1/thumb/v7e-m+dp/hard/crti.o
                0x000000000800ed30                _init
 .init          0x000000000800ed34        0x8 C:/ST/STM32CubeIDE_1.13.2/STM32CubeIDE/plugins/com.st.stm32cube.ide.mcu.externaltools.gnu-tools-for-stm32.11.3.rel1.win32_1.1.1.202309131626/tools/bin/../lib/gcc/arm-none-eabi/11.3.1/thumb/v7e-m+dp/hard/crtn.o
 *(.fini)
 .fini          0x000000000800ed3c        0x4 C:/ST/STM32CubeIDE_1.13.2/STM32CubeIDE/plugins/com.st.stm32cube.ide.mcu.externaltools.gnu-tools-for-stm32.11.3.rel1.win32_1.1.1.202309131626/tools/bin/../lib/gcc/arm-none-eabi/11.3.1/thumb/v7e-m+dp/hard/crti.o
                0x000000000800ed3c                _fini
 .fini          0x000000000800ed40        0x8 C:/ST/STM32CubeIDE_1.13.2/STM32CubeIDE/plugins/com.st.stm32cube.ide.mcu.externaltools.gnu-tools-for-stm32.11.3.rel1.win32_1.1.1.202309131626/tools/bin/../lib/gcc/arm-none-eabi/11.3.1/thumb/v7e-m+dp/hard/crtn.o
                0x000000000800ed48                . = ALIGN (0x4)
                0x000000000800ed48                _etext = .

.vfp11_veneer   0x000000000800ed48        0x0
 .vfp11_veneer  0x000000000800ed48        0x0 linker stubs

.v4_bx          0x000000000800ed48        0x0
 .v4_bx         0x000000000800ed48        0x0 linker stubs

.iplt           0x000000000800ed48        0x0
 .iplt          0x000000000800ed48        0x0 C:/ST/STM32CubeIDE_1.13.2/STM32CubeIDE/plugins/com.st.stm32cube.ide.mcu.externaltools.gnu-tools-for-stm32.11.3.rel1.win32_1.1.1.202309131626/tools/bin/../lib/gcc/arm-none-eabi/11.3.1/thumb/v7e-m+dp/hard/crtbegin.o

.rodata         0x000000000800ed48      0x1ac
                0x000000000800ed48                . = ALIGN (0x4)
 *(.rodata)
 .rodata        0x000000000800ed48       0x42 ./Core/Src/main.o
 *fill*         0x000000000800ed8a        0x2 
 .rodata        0x000000000800ed8c        0x5 ./Middlewares/Third_Party/FreeRTOS/Source/tasks.o
 *fill*         0x000000000800ed91        0x3 
 .rodata        0x000000000800ed94        0xd ./Middlewares/Third_Party/FreeRTOS/Source/timers.o
 *fill*         0x000000000800eda1        0x3 
 .rodata        0x000000000800eda4       0x46 ./USB_DEVICE/App/usbd_desc.o
 *(.rodata*)
 *fill*         0x000000000800edea        0x2 
 .rodata.defaultTask_attributes
                0x000000000800edec       0x24 ./Core/Src/main.o
                0x000000000800edec                defaultTask_attributes
 .rodata.CAN_TX_attributes
                0x000000000800ee10       0x24 ./Core/Src/main.o
                0x000000000800ee10                CAN_TX_attributes
 .rodata.USB_TASK_attributes
                0x000000000800ee34       0x24 ./Core/Src/main.o
                0x000000000800ee34                USB_TASK_attributes
 .rodata.MAQUINA_ESTATS_attributes
                0x000000000800ee58       0x24 ./Core/Src/main.o
                0x000000000800ee58                MAQUINA_ESTATS_attributes
 .rodata.ADC_READ_attributes
                0x000000000800ee7c       0x24 ./Core/Src/main.o
                0x000000000800ee7c                ADC_READ_attributes
 .rodata.AHBPrescTable
                0x000000000800eea0       0x10 ./Core/Src/system_stm32f7xx.o
                0x000000000800eea0                AHBPrescTable
 .rodata.APBPrescTable
                0x000000000800eeb0        0x8 ./Core/Src/system_stm32f7xx.o
                0x000000000800eeb0                APBPrescTable
 .rodata.flagBitshiftOffset.0
                0x000000000800eeb8        0x8 ./Drivers/STM32F7xx_HAL_Driver/Src/stm32f7xx_hal_dma.o
 .rodata._svfprintf_r.str1.1
                0x000000000800eec0       0x11 C:/ST/STM32CubeIDE_1.13.2/STM32CubeIDE/plugins/com.st.stm32cube.ide.mcu.externaltools.gnu-tools-for-stm32.11.3.rel1.win32_1.1.1.202309131626/tools/bin/../lib/gcc/arm-none-eabi/11.3.1/../../../../arm-none-eabi/lib/thumb/v7e-m+dp/hard\libc_nano.a(libc_a-nano-svfprintf.o)
 .rodata._printf_i.str1.1
                0x000000000800eed1       0x22 C:/ST/STM32CubeIDE_1.13.2/STM32CubeIDE/plugins/com.st.stm32cube.ide.mcu.externaltools.gnu-tools-for-stm32.11.3.rel1.win32_1.1.1.202309131626/tools/bin/../lib/gcc/arm-none-eabi/11.3.1/../../../../arm-none-eabi/lib/thumb/v7e-m+dp/hard\libc_nano.a(libc_a-nano-vfprintf_i.o)
                0x000000000800eef4                . = ALIGN (0x4)
 *fill*         0x000000000800eef3        0x1 

.ARM.extab      0x000000000800eef4        0x0
                0x000000000800eef4                . = ALIGN (0x4)
 *(.ARM.extab* .gnu.linkonce.armextab.*)
                0x000000000800eef4                . = ALIGN (0x4)

.ARM            0x000000000800eef4        0x8
                0x000000000800eef4                . = ALIGN (0x4)
                0x000000000800eef4                __exidx_start = .
 *(.ARM.exidx*)
 .ARM.exidx     0x000000000800eef4        0x8 C:/ST/STM32CubeIDE_1.13.2/STM32CubeIDE/plugins/com.st.stm32cube.ide.mcu.externaltools.gnu-tools-for-stm32.11.3.rel1.win32_1.1.1.202309131626/tools/bin/../lib/gcc/arm-none-eabi/11.3.1/thumb/v7e-m+dp/hard\libgcc.a(_udivmoddi4.o)
                0x000000000800eefc                __exidx_end = .
                0x000000000800eefc                . = ALIGN (0x4)

.rel.dyn        0x000000000800eefc        0x0
 .rel.iplt      0x000000000800eefc        0x0 C:/ST/STM32CubeIDE_1.13.2/STM32CubeIDE/plugins/com.st.stm32cube.ide.mcu.externaltools.gnu-tools-for-stm32.11.3.rel1.win32_1.1.1.202309131626/tools/bin/../lib/gcc/arm-none-eabi/11.3.1/thumb/v7e-m+dp/hard/crtbegin.o

.preinit_array  0x000000000800eefc        0x0
                0x000000000800eefc                . = ALIGN (0x4)