Archive member included to satisfy reference by file (symbol)

C:/ST/STM32CubeIDE_1.13.2/STM32CubeIDE/plugins/com.st.stm32cube.ide.mcu.externaltools.gnu-tools-for-stm32.11.3.rel1.win32_1.1.100.202309141235/tools/bin/../lib/gcc/arm-none-eabi/11.3.1/../../../../arm-none-eabi/lib/thumb/v7e-m+dp/hard\libc_nano.a(libc_a-exit.o)
                              C:/ST/STM32CubeIDE_1.13.2/STM32CubeIDE/plugins/com.st.stm32cube.ide.mcu.externaltools.gnu-tools-for-stm32.11.3.rel1.win32_1.1.100.202309141235/tools/bin/../lib/gcc/arm-none-eabi/11.3.1/../../../../arm-none-eabi/lib/thumb/v7e-m+dp/hard/crt0.o (exit)
C:/ST/STM32CubeIDE_1.13.2/STM32CubeIDE/plugins/com.st.stm32cube.ide.mcu.externaltools.gnu-tools-for-stm32.11.3.rel1.win32_1.1.100.202309141235/tools/bin/../lib/gcc/arm-none-eabi/11.3.1/../../../../arm-none-eabi/lib/thumb/v7e-m+dp/hard\libc_nano.a(libc_a-malloc.o)
                              ./Middlewares/ST/STM32_USB_Device_Library/Class/CDC/Src/usbd_cdc.o (malloc)
C:/ST/STM32CubeIDE_1.13.2/STM32CubeIDE/plugins/com.st.stm32cube.ide.mcu.externaltools.gnu-tools-for-stm32.11.3.rel1.win32_1.1.100.202309141235/tools/bin/../lib/gcc/arm-none-eabi/11.3.1/../../../../arm-none-eabi/lib/thumb/v7e-m+dp/hard\libc_nano.a(libc_a-mallocr.o)
                              C:/ST/STM32CubeIDE_1.13.2/STM32CubeIDE/plugins/com.st.stm32cube.ide.mcu.externaltools.gnu-tools-for-stm32.11.3.rel1.win32_1.1.100.202309141235/tools/bin/../lib/gcc/arm-none-eabi/11.3.1/../../../../arm-none-eabi/lib/thumb/v7e-m+dp/hard\libc_nano.a(libc_a-malloc.o) (_malloc_r)
C:/ST/STM32CubeIDE_1.13.2/STM32CubeIDE/plugins/com.st.stm32cube.ide.mcu.externaltools.gnu-tools-for-stm32.11.3.rel1.win32_1.1.100.202309141235/tools/bin/../lib/gcc/arm-none-eabi/11.3.1/../../../../arm-none-eabi/lib/thumb/v7e-m+dp/hard\libc_nano.a(libc_a-mlock.o)
                              C:/ST/STM32CubeIDE_1.13.2/STM32CubeIDE/plugins/com.st.stm32cube.ide.mcu.externaltools.gnu-tools-for-stm32.11.3.rel1.win32_1.1.100.202309141235/tools/bin/../lib/gcc/arm-none-eabi/11.3.1/../../../../arm-none-eabi/lib/thumb/v7e-m+dp/hard\libc_nano.a(libc_a-mallocr.o) (__malloc_lock)
C:/ST/STM32CubeIDE_1.13.2/STM32CubeIDE/plugins/com.st.stm32cube.ide.mcu.externaltools.gnu-tools-for-stm32.11.3.rel1.win32_1.1.100.202309141235/tools/bin/../lib/gcc/arm-none-eabi/11.3.1/../../../../arm-none-eabi/lib/thumb/v7e-m+dp/hard\libc_nano.a(libc_a-findfp.o)
                              C:/ST/STM32CubeIDE_1.13.2/STM32CubeIDE/plugins/com.st.stm32cube.ide.mcu.externaltools.gnu-tools-for-stm32.11.3.rel1.win32_1.1.100.202309141235/tools/bin/../lib/gcc/arm-none-eabi/11.3.1/../../../../arm-none-eabi/lib/thumb/v7e-m+dp/hard\libc_nano.a(libc_a-exit.o) (__stdio_exit_handler)
C:/ST/STM32CubeIDE_1.13.2/STM32CubeIDE/plugins/com.st.stm32cube.ide.mcu.externaltools.gnu-tools-for-stm32.11.3.rel1.win32_1.1.100.202309141235/tools/bin/../lib/gcc/arm-none-eabi/11.3.1/../../../../arm-none-eabi/lib/thumb/v7e-m+dp/hard\libc_nano.a(libc_a-fwalk.o)
                              C:/ST/STM32CubeIDE_1.13.2/STM32CubeIDE/plugins/com.st.stm32cube.ide.mcu.externaltools.gnu-tools-for-stm32.11.3.rel1.win32_1.1.100.202309141235/tools/bin/../lib/gcc/arm-none-eabi/11.3.1/../../../../arm-none-eabi/lib/thumb/v7e-m+dp/hard\libc_nano.a(libc_a-findfp.o) (_fwalk_sglue)
C:/ST/STM32CubeIDE_1.13.2/STM32CubeIDE/plugins/com.st.stm32cube.ide.mcu.externaltools.gnu-tools-for-stm32.11.3.rel1.win32_1.1.100.202309141235/tools/bin/../lib/gcc/arm-none-eabi/11.3.1/../../../../arm-none-eabi/lib/thumb/v7e-m+dp/hard\libc_nano.a(libc_a-sprintf.o)
                              ./Core/Src/main.o (sprintf)
C:/ST/STM32CubeIDE_1.13.2/STM32CubeIDE/plugins/com.st.stm32cube.ide.mcu.externaltools.gnu-tools-for-stm32.11.3.rel1.win32_1.1.100.202309141235/tools/bin/../lib/gcc/arm-none-eabi/11.3.1/../../../../arm-none-eabi/lib/thumb/v7e-m+dp/hard\libc_nano.a(libc_a-stdio.o)
                              C:/ST/STM32CubeIDE_1.13.2/STM32CubeIDE/plugins/com.st.stm32cube.ide.mcu.externaltools.gnu-tools-for-stm32.11.3.rel1.win32_1.1.100.202309141235/tools/bin/../lib/gcc/arm-none-eabi/11.3.1/../../../../arm-none-eabi/lib/thumb/v7e-m+dp/hard\libc_nano.a(libc_a-findfp.o) (__sread)
C:/ST/STM32CubeIDE_1.13.2/STM32CubeIDE/plugins/com.st.stm32cube.ide.mcu.externaltools.gnu-tools-for-stm32.11.3.rel1.win32_1.1.100.202309141235/tools/bin/../lib/gcc/arm-none-eabi/11.3.1/../../../../arm-none-eabi/lib/thumb/v7e-m+dp/hard\libc_nano.a(libc_a-memset.o)
                              C:/ST/STM32CubeIDE_1.13.2/STM32CubeIDE/plugins/com.st.stm32cube.ide.mcu.externaltools.gnu-tools-for-stm32.11.3.rel1.win32_1.1.100.202309141235/tools/bin/../lib/gcc/arm-none-eabi/11.3.1/../../../../arm-none-eabi/lib/thumb/v7e-m+dp/hard/crt0.o (memset)
C:/ST/STM32CubeIDE_1.13.2/STM32CubeIDE/plugins/com.st.stm32cube.ide.mcu.externaltools.gnu-tools-for-stm32.11.3.rel1.win32_1.1.100.202309141235/tools/bin/../lib/gcc/arm-none-eabi/11.3.1/../../../../arm-none-eabi/lib/thumb/v7e-m+dp/hard\libc_nano.a(libc_a-closer.o)
[...]
Memory Configuration

Name             Origin             Length             Attributes
RAM              0x0000000020000000 0x0000000000080000 xrw
FLASH            0x0000000008000000 0x0000000000200000 xr
*default*        0x0000000000000000 0xffffffffffffffff

Linker script and memory map

LOAD C:/ST/STM32CubeIDE_1.13.2/STM32CubeIDE/plugins/com.st.stm32cube.ide.mcu.externaltools.gnu-tools-for-stm32.11.3.rel1.win32_1.1.100.202309141235/tools/bin/../lib/gcc/arm-none-eabi/11.3.1/thumb/v7e-m+dp/hard/crti.o
LOAD C:/ST/STM32CubeIDE_1.13.2/STM32CubeIDE/plugins/com.st.stm32cube.ide.mcu.externaltools.gnu-tools-for-stm32.11.3.rel1.win32_1.1.100.202309141235/tools/bin/../lib/gcc/arm-none-eabi/11.3.1/thumb/v7e-m+dp/hard/crtbegin.o
LOAD C:/ST/STM32CubeIDE_1.13.2/STM32CubeIDE/plugins/com.st.stm32cube.ide.mcu.externaltools.gnu-tools-for-stm32.11.3.rel1.win32_1.1.100.202309141235/tools/bin/../lib/gcc/arm-none-eabi/11.3.1/../../../../arm-none-eabi/lib/thumb/v7e-m+dp/hard/crt0.o
LOAD ./Core/Src/freertos.o
LOAD ./Core/Src/main.o
LOAD ./Core/Src/stm32f7xx_hal_msp.o
LOAD ./Core/Src/stm32f7xx_hal_timebase_tim.o
LOAD ./Core/Src/stm32f7xx_it.o
LOAD ./Core/Src/syscalls.o
LOAD ./Core/Src/sysmem.o
LOAD ./Core/Src/system_stm32f7xx.o
LOAD ./Core/Startup/startup_stm32f777vitx.o
LOAD ./Drivers/STM32F7xx_HAL_Driver/Src/stm32f7xx_hal.o
LOAD ./Drivers/STM32F7xx_HAL_Driver/Src/stm32f7xx_hal_adc.o
LOAD ./Drivers/STM32F7xx_HAL_Driver/Src/stm32f7xx_hal_adc_ex.o
LOAD ./Drivers/STM32F7xx_HAL_Driver/Src/stm32f7xx_hal_can.o
LOAD ./Drivers/STM32F7xx_HAL_Driver/Src/stm32f7xx_hal_cortex.o
LOAD ./Drivers/STM32F7xx_HAL_Driver/Src/stm32f7xx_hal_dma.o
LOAD ./Drivers/STM32F7xx_HAL_Driver/Src/stm32f7xx_hal_dma_ex.o
LOAD ./Drivers/STM32F7xx_HAL_Driver/Src/stm32f7xx_hal_exti.o
LOAD ./Drivers/STM32F7xx_HAL_Driver/Src/stm32f7xx_hal_flash.o
LOAD ./Drivers/STM32F7xx_HAL_Driver/Src/stm32f7xx_hal_flash_ex.o
LOAD ./Drivers/STM32F7xx_HAL_Driver/Src/stm32f7xx_hal_gpio.o
LOAD ./Drivers/STM32F7xx_HAL_Driver/Src/stm32f7xx_hal_i2c.o
LOAD ./Drivers/STM32F7xx_HAL_Driver/Src/stm32f7xx_hal_i2c_ex.o
LOAD ./Drivers/STM32F7xx_HAL_Driver/Src/stm32f7xx_hal_pcd.o
LOAD ./Drivers/STM32F7xx_HAL_Driver/Src/stm32f7xx_hal_pcd_ex.o
LOAD ./Drivers/STM32F7xx_HAL_Driver/Src/stm32f7xx_hal_pwr.o
LOAD ./Drivers/STM32F7xx_HAL_Driver/Src/stm32f7xx_hal_pwr_ex.o
LOAD ./Drivers/STM32F7xx_HAL_Driver/Src/stm32f7xx_hal_rcc.o
LOAD ./Drivers/STM32F7xx_HAL_Driver/Src/stm32f7xx_hal_rcc_ex.o
LOAD ./Drivers/STM32F7xx_HAL_Driver/Src/stm32f7xx_hal_tim.o
LOAD ./Drivers/STM32F7xx_HAL_Driver/Src/stm32f7xx_hal_tim_ex.o
LOAD ./Drivers/STM32F7xx_HAL_Driver/Src/stm32f7xx_hal_uart.o
LOAD ./Drivers/STM32F7xx_HAL_Driver/Src/stm32f7xx_hal_uart_ex.o
LOAD ./Drivers/STM32F7xx_HAL_Driver/Src/stm32f7xx_ll_usb.o
LOAD ./Middlewares/ST/STM32_USB_Device_Library/Class/CDC/Src/usbd_cdc.o
LOAD ./Middlewares/ST/STM32_USB_Device_Library/Core/Src/usbd_core.o
LOAD ./Middlewares/ST/STM32_USB_Device_Library/Core/Src/usbd_ctlreq.o
LOAD ./Middlewares/ST/STM32_USB_Device_Library/Core/Src/usbd_ioreq.o
LOAD ./Middlewares/Third_Party/FreeRTOS/Source/CMSIS_RTOS_V2/cmsis_os2.o
LOAD ./Middlewares/Third_Party/FreeRTOS/Source/croutine.o
LOAD ./Middlewares/Third_Party/FreeRTOS/Source/event_groups.o
LOAD ./Middlewares/Third_Party/FreeRTOS/Source/list.o
LOAD ./Middlewares/Third_Party/FreeRTOS/Source/queue.o
LOAD ./Middlewares/Third_Party/FreeRTOS/Source/stream_buffer.o
LOAD ./Middlewares/Third_Party/FreeRTOS/Source/tasks.o
LOAD ./Middlewares/Third_Party/FreeRTOS/Source/timers.o
LOAD ./Middlewares/Third_Party/FreeRTOS/Source/portable/GCC/ARM_CM7/r0p1/port.o
LOAD ./Middlewares/Third_Party/FreeRTOS/Source/portable/MemMang/heap_4.o
LOAD ./USB_DEVICE/App/usb_device.o
LOAD ./USB_DEVICE/App/usbd_cdc_if.o
LOAD ./USB_DEVICE/App/usbd_desc.o
LOAD ./USB_DEVICE/Target/usbd_conf.o
START GROUP
LOAD C:/ST/STM32CubeIDE_1.13.2/STM32CubeIDE/plugins/com.st.stm32cube.ide.mcu.externaltools.gnu-tools-for-stm32.11.3.rel1.win32_1.1.100.202309141235/tools/bin/../lib/gcc/arm-none-eabi/11.3.1/../../../../arm-none-eabi/lib/thumb/v7e-m+dp/hard\libc_nano.a
LOAD C:/ST/STM32CubeIDE_1.13.2/STM32CubeIDE/plugins/com.st.stm32cube.ide.mcu.externaltools.gnu-tools-for-stm32.11.3.rel1.win32_1.1.100.202309141235/tools/bin/../lib/gcc/arm-none-eabi/11.3.1/../../../../arm-none-eabi/lib/thumb/v7e-m+dp/hard\libm.a
END GROUP
START GROUP
LOAD C:/ST/STM32CubeIDE_1.13.2/STM32CubeIDE/plugins/com.st.stm32cube.ide.mcu.externaltools.gnu-tools-for-stm32.11.3.rel1.win32_1.1.100.202309141235/tools/bin/../lib/gcc/arm-none-eabi/11.3.1/thumb/v7e-m+dp/hard\libgcc.a
LOAD C:/ST/STM32CubeIDE_1.13.2/STM32CubeIDE/plugins/com.st.stm32cube.ide.mcu.externaltools.gnu-tools-for-stm32.11.3.rel1.win32_1.1.100.202309141235/tools/bin/../lib/gcc/arm-none-eabi/11.3.1/../../../../arm-none-eabi/lib/thumb/v7e-m+dp/hard\libc_nano.a
END GROUP
START GROUP
LOAD C:/ST/STM32CubeIDE_1.13.2/STM32CubeIDE/plugins/com.st.stm32cube.ide.mcu.externaltools.gnu-tools-for-stm32.11.3.rel1.win32_1.1.100.202309141235/tools/bin/../lib/gcc/arm-none-eabi/11.3.1/thumb/v7e-m+dp/hard\libgcc.a
LOAD C:/ST/STM32CubeIDE_1.13.2/STM32CubeIDE/plugins/com.st.stm32cube.ide.mcu.externaltools.gnu-tools-for-stm32.11.3.rel1.win32_1.1.100.202309141235/tools/bin/../lib/gcc/arm-none-eabi/11.3.1/../../../../arm-none-eabi/lib/thumb/v7e-m+dp/hard\libc_nano.a
LOAD C:/ST/STM32CubeIDE_1.13.2/STM32CubeIDE/plugins/com.st.stm32cube.ide.mcu.externaltools.gnu-tools-for-stm32.11.3.rel1.win32_1.1.100.202309141235/tools/bin/../lib/gcc/arm-none-eabi/11.3.1/../../../../arm-none-eabi/lib/thumb/v7e-m+dp/hard\libnosys.a
END GROUP
START GROUP
LOAD C:/ST/STM32CubeIDE_1.13.2/STM32CubeIDE/plugins/com.st.stm32cube.ide.mcu.externaltools.gnu-tools-for-stm32.11.3.rel1.win32_1.1.100.202309141235/tools/bin/../lib/gcc/arm-none-eabi/11.3.1/thumb/v7e-m+dp/hard\libgcc.a
LOAD C:/ST/STM32CubeIDE_1.13.2/STM32CubeIDE/plugins/com.st.stm32cube.ide.mcu.externaltools.gnu-tools-for-stm32.11.3.rel1.win32_1.1.100.202309141235/tools/bin/../lib/gcc/arm-none-eabi/11.3.1/../../../../arm-none-eabi/lib/thumb/v7e-m+dp/hard\libc_nano.a
LOAD C:/ST/STM32CubeIDE_1.13.2/STM32CubeIDE/plugins/com.st.stm32cube.ide.mcu.externaltools.gnu-tools-for-stm32.11.3.rel1.win32_1.1.100.202309141235/tools/bin/../lib/gcc/arm-none-eabi/11.3.1/../../../../arm-none-eabi/lib/thumb/v7e-m+dp/hard\libnosys.a
END GROUP
LOAD C:/ST/STM32CubeIDE_1.13.2/STM32CubeIDE/plugins/com.st.stm32cube.ide.mcu.externaltools.gnu-tools-for-stm32.11.3.rel1.win32_1.1.100.202309141235/tools/bin/../lib/gcc/arm-none-eabi/11.3.1/thumb/v7e-m+dp/hard/crtend.o
LOAD C:/ST/STM32CubeIDE_1.13.2/STM32CubeIDE/plugins/com.st.stm32cube.ide.mcu.externaltools.gnu-tools-for-stm32.11.3.rel1.win32_1.1.100.202309141235/tools/bin/../lib/gcc/arm-none-eabi/11.3.1/thumb/v7e-m+dp/hard/crtn.o
                0x0000000020080000                _estack = (ORIGIN (RAM) + LENGTH (RAM))
                0x0000000000000200                _Min_Heap_Size = 0x200
                0x0000000000000400                _Min_Stack_Size = 0x400

.isr_vector     0x0000000008000000      0x1f8
                0x0000000008000000                . = ALIGN (0x4)
 *(.isr_vector)
 .isr_vector    0x0000000008000000      0x1f8 ./Core/Startup/startup_stm32f777vitx.o
                0x0000000008000000                g_pfnVectors
                0x00000000080001f8                . = ALIGN (0x4)

.text           0x0000000008000200     0xedd8
                0x0000000008000200                . = ALIGN (0x4)
 *(.text)
 .text          0x0000000008000200       0x40 C:/ST/STM32CubeIDE_1.13.2/STM32CubeIDE/plugins/com.st.stm32cube.ide.mcu.externaltools.gnu-tools-for-stm32.11.3.rel1.win32_1.1.100.202309141235/tools/bin/../lib/gcc/arm-none-eabi/11.3.1/thumb/v7e-m+dp/hard/crtbegin.o
 .text          0x0000000008000240       0x10 C:/ST/STM32CubeIDE_1.13.2/STM32CubeIDE/plugins/com.st.stm32cube.ide.mcu.externaltools.gnu-tools-for-stm32.11.3.rel1.win32_1.1.100.202309141235/tools/bin/../lib/gcc/arm-none-eabi/11.3.1/../../../../arm-none-eabi/lib/thumb/v7e-m+dp/hard\libc_nano.a(libc_a-strlen.o)
                0x0000000008000240                strlen
 .text          0x0000000008000250       0xa0 C:/ST/STM32CubeIDE_1.13.2/STM32CubeIDE/plugins/com.st.stm32cube.ide.mcu.externaltools.gnu-tools-for-stm32.11.3.rel1.win32_1.1.100.202309141235/tools/bin/../lib/gcc/arm-none-eabi/11.3.1/../../../../arm-none-eabi/lib/thumb/v7e-m+dp/hard\libc_nano.a(libc_a-memchr.o)
                0x0000000008000250                memchr
 .text          0x00000000080002f0       0x30 C:/ST/STM32CubeIDE_1.13.2/STM32CubeIDE/plugins/com.st.stm32cube.ide.mcu.externaltools.gnu-tools-for-stm32.11.3.rel1.win32_1.1.100.202309141235/tools/bin/../lib/gcc/arm-none-eabi/11.3.1/thumb/v7e-m+dp/hard\libgcc.a(_aeabi_uldivmod.o)
                0x00000000080002f0                __aeabi_uldivmod
 .text          0x0000000008000320      0x2c8 C:/ST/STM32CubeIDE_1.13.2/STM32CubeIDE/plugins/com.st.stm32cube.ide.mcu.externaltools.gnu-tools-for-stm32.11.3.rel1.win32_1.1.100.202309141235/tools/bin/../lib/gcc/arm-none-eabi/11.3.1/thumb/v7e-m+dp/hard\libgcc.a(_udivmoddi4.o)
                0x0000000008000320                __udivmoddi4
 .text          0x00000000080005e8        0x4 C:/ST/STM32CubeIDE_1.13.2/STM32CubeIDE/plugins/com.st.stm32cube.ide.mcu.externaltools.gnu-tools-for-stm32.11.3.rel1.win32_1.1.100.202309141235/tools/bin/../lib/gcc/arm-none-eabi/11.3.1/thumb/v7e-m+dp/hard\libgcc.a(_dvmd_tls.o)
                0x00000000080005e8                __aeabi_idiv0
                0x00000000080005e8                __aeabi_ldiv0
 *(.text*)
 .text.main     0x00000000080005ec      0x1d8 ./Core/Src/main.o
                0x00000000080005ec                main
 .text.SystemClock_Config
                0x00000000080007c4       0xdc ./Core/Src/main.o
                0x00000000080007c4                SystemClock_Config
 .text.MX_ADC1_Init
                0x00000000080008a0       0xdc ./Core/Src/main.o
 .text.MX_CAN1_Init
                0x000000000800097c       0x6c ./Core/Src/main.o
 .text.MX_CAN2_Init
                0x00000000080009e8       0x6c ./Core/Src/main.o
 .text.MX_UART4_Init
                0x0000000008000a54       0x60 ./Core/Src/main.o
 .text.MX_DMA_Init
                0x0000000008000ab4       0x3c ./Core/Src/main.o
 .text.MX_GPIO_Init
                0x0000000008000af0       0xac ./Core/Src/main.o
 .text.HAL_CAN_TxMailbox0CompleteCallback
                0x0000000008000b9c       0x1c ./Core/Src/main.o
                0x0000000008000b9c                HAL_CAN_TxMailbox0CompleteCallback
 .text.HAL_CAN_RxFifo0MsgPendingCallback
                0x0000000008000bb8       0x50 ./Core/Src/main.o
                0x0000000008000bb8                HAL_CAN_RxFifo0MsgPendingCallback
 .text.HAL_ADC_ConvCpltCallback
                0x0000000008000c08       0x4c ./Core/Src/main.o
                0x0000000008000c08                HAL_ADC_ConvCpltCallback
 .text.Maquina_estats
                0x0000000008000c54       0x14 ./Core/Src/main.o
                0x0000000008000c54                Maquina_estats
 .text.CAN_Transmit
                0x0000000008000c68        0xa ./Core/Src/main.o
                0x0000000008000c68                CAN_Transmit
 .text.usb_data
                0x0000000008000c72       0x10 ./Core/Src/main.o
                0x0000000008000c72                usb_data
 *fill*         0x0000000008000c82        0x2 
 .text.HAL_TIM_PeriodElapsedCallback
                0x0000000008000c84       0x24 ./Core/Src/main.o
                0x0000000008000c84                HAL_TIM_PeriodElapsedCallback
 .text.Error_Handler
                0x0000000008000ca8        0xa ./Core/Src/main.o
                0x0000000008000ca8                Error_Handler
 *fill*         0x0000000008000cb2        0x2 
 .text.HAL_MspInit
                0x0000000008000cb4       0x50 ./Core/Src/stm32f7xx_hal_msp.o
                0x0000000008000cb4                HAL_MspInit
 .text.HAL_ADC_MspInit
                0x0000000008000d04       0xf8 ./Core/Src/stm32f7xx_hal_msp.o
                0x0000000008000d04                HAL_ADC_MspInit
 .text.HAL_CAN_MspInit
                0x0000000008000dfc      0x14c ./Core/Src/stm32f7xx_hal_msp.o
                0x0000000008000dfc                HAL_CAN_MspInit
 .text.HAL_UART_MspInit
                0x0000000008000f48       0xcc ./Core/Src/stm32f7xx_hal_msp.o
                0x0000000008000f48                HAL_UART_MspInit
 .text.HAL_InitTick
                0x0000000008001014       0xf4 ./Core/Src/stm32f7xx_hal_timebase_tim.o
                0x0000000008001014                HAL_InitTick
 .text.NMI_Handler
                0x0000000008001108        0x6 ./Core/Src/stm32f7xx_it.o
                0x0000000008001108                NMI_Handler
 .text.HardFault_Handler
                0x000000000800110e        0x6 ./Core/Src/stm32f7xx_it.o
                0x000000000800110e                HardFault_Handler
 .text.MemManage_Handler
                0x0000000008001114        0x6 ./Core/Src/stm32f7xx_it.o
                0x0000000008001114                MemManage_Handler
 .text.BusFault_Handler
                0x000000000800111a        0x6 ./Core/Src/stm32f7xx_it.o
                0x000000000800111a                BusFault_Handler
 .text.UsageFault_Handler
                0x0000000008001120        0x6 ./Core/Src/stm32f7xx_it.o
                0x0000000008001120                UsageFault_Handler
 .text.DebugMon_Handler
                0x0000000008001126        0xe ./Core/Src/stm32f7xx_it.o
                0x0000000008001126                DebugMon_Handler
 .text.ADC_IRQHandler
                0x0000000008001134       0x14 ./Core/Src/stm32f7xx_it.o
                0x0000000008001134                ADC_IRQHandler
 .text.CAN1_RX0_IRQHandler
                0x0000000008001148       0x14 ./Core/Src/stm32f7xx_it.o
                0x0000000008001148                CAN1_RX0_IRQHandler
 .text.CAN1_RX1_IRQHandler
                0x000000000800115c       0x14 ./Core/Src/stm32f7xx_it.o
                0x000000000800115c                CAN1_RX1_IRQHandler
 .text.UART4_IRQHandler
                0x0000000008001170       0x14 ./Core/Src/stm32f7xx_it.o
                0x0000000008001170                UART4_IRQHandler
 .text.TIM6_DAC_IRQHandler
                0x0000000008001184       0x14 ./Core/Src/stm32f7xx_it.o
                0x0000000008001184                TIM6_DAC_IRQHandler
 .text.DMA2_Stream0_IRQHandler
                0x0000000008001198       0x14 ./Core/Src/stm32f7xx_it.o
                0x0000000008001198                DMA2_Stream0_IRQHandler
 .text.OTG_FS_IRQHandler
                0x00000000080011ac       0x14 ./Core/Src/stm32f7xx_it.o
                0x00000000080011ac                OTG_FS_IRQHandler
 .text._sbrk    0x00000000080011c0       0x6c ./Core/Src/sysmem.o
                0x00000000080011c0                _sbrk
 .text.SystemInit
                0x000000000800122c       0x24 ./Core/Src/system_stm32f7xx.o
                0x000000000800122c                SystemInit
 .text.Reset_Handler
                0x0000000008001250       0x50 ./Core/Startup/startup_stm32f777vitx.o
                0x0000000008001250                Reset_Handler
 .text.Default_Handler
                0x00000000080012a0        0x2 ./Core/Startup/startup_stm32f777vitx.o
                0x00000000080012a0                RTC_Alarm_IRQHandler
                0x00000000080012a0                HASH_RNG_IRQHandler
                0x00000000080012a0                EXTI2_IRQHandler
                0x00000000080012a0                TIM8_CC_IRQHandler
                0x00000000080012a0                UART8_IRQHandler
                0x00000000080012a0                SPI4_IRQHandler
                0x00000000080012a0                TIM1_CC_IRQHandler
                0x00000000080012a0                DMA2_Stream5_IRQHandler
                0x00000000080012a0                JPEG_IRQHandler
                0x00000000080012a0                DMA1_Stream5_IRQHandler
                0x00000000080012a0                CAN3_RX1_IRQHandler
                0x00000000080012a0                PVD_IRQHandler
                0x00000000080012a0                TAMP_STAMP_IRQHandler
                0x00000000080012a0                CAN2_RX1_IRQHandler
                0x00000000080012a0                EXTI3_IRQHandler
                0x00000000080012a0                TIM8_TRG_COM_TIM14_IRQHandler
                0x00000000080012a0                DFSDM1_FLT1_IRQHandler
                0x00000000080012a0                TIM1_UP_TIM10_IRQHandler
                0x00000000080012a0                TIM8_UP_TIM13_IRQHandler
                0x00000000080012a0                I2C3_ER_IRQHandler
                0x00000000080012a0                DFSDM1_FLT2_IRQHandler
                0x00000000080012a0                EXTI0_IRQHandler
                0x00000000080012a0                I2C2_EV_IRQHandler
                0x00000000080012a0                DMA1_Stream2_IRQHandler
                0x00000000080012a0                FPU_IRQHandler
                0x00000000080012a0                OTG_HS_WKUP_IRQHandler
                0x00000000080012a0                CAN3_SCE_IRQHandler
                0x00000000080012a0                LTDC_ER_IRQHandler
                0x00000000080012a0                CAN2_SCE_IRQHandler
                0x00000000080012a0                DMA2_Stream2_IRQHandler
                0x00000000080012a0                SPI1_IRQHandler
                0x00000000080012a0                TIM1_BRK_TIM9_IRQHandler
                0x00000000080012a0                DCMI_IRQHandler
                0x00000000080012a0                CAN2_RX0_IRQHandler
                0x00000000080012a0                DMA2_Stream3_IRQHandler
                0x00000000080012a0                SAI2_IRQHandler
                0x00000000080012a0                DFSDM1_FLT3_IRQHandler
                0x00000000080012a0                USART6_IRQHandler
                0x00000000080012a0                CAN3_RX0_IRQHandler
                0x00000000080012a0                USART3_IRQHandler
                0x00000000080012a0                CRYP_IRQHandler
                0x00000000080012a0                UART5_IRQHandler
                0x00000000080012a0                TIM4_IRQHandler
                0x00000000080012a0                QUADSPI_IRQHandler
                0x00000000080012a0                I2C1_EV_IRQHandler
                0x00000000080012a0                DMA1_Stream6_IRQHandler
                0x00000000080012a0                DMA1_Stream1_IRQHandler
                0x00000000080012a0                TIM3_IRQHandler
                0x00000000080012a0                RCC_IRQHandler
                0x00000000080012a0                TIM8_BRK_TIM12_IRQHandler
                0x00000000080012a0                Default_Handler
                0x00000000080012a0                CEC_IRQHandler
                0x00000000080012a0                EXTI15_10_IRQHandler
                0x00000000080012a0                DMA1_Stream7_IRQHandler
                0x00000000080012a0                SPI5_IRQHandler
                0x00000000080012a0                TIM7_IRQHandler
                0x00000000080012a0                SDMMC1_IRQHandler
                0x00000000080012a0                CAN2_TX_IRQHandler
                0x00000000080012a0                TIM5_IRQHandler
                0x00000000080012a0                DMA2_Stream7_IRQHandler
                0x00000000080012a0                I2C3_EV_IRQHandler
                0x00000000080012a0                EXTI9_5_IRQHandler
                0x00000000080012a0                RTC_WKUP_IRQHandler
                0x00000000080012a0                LTDC_IRQHandler
                0x00000000080012a0                ETH_WKUP_IRQHandler
                0x00000000080012a0                SPDIF_RX_IRQHandler
                0x00000000080012a0                SPI2_IRQHandler
                0x00000000080012a0                OTG_HS_EP1_IN_IRQHandler
                0x00000000080012a0                DMA1_Stream0_IRQHandler
                0x00000000080012a0                CAN1_TX_IRQHandler
                0x00000000080012a0                EXTI4_IRQHandler
                0x00000000080012a0                ETH_IRQHandler
                0x00000000080012a0                OTG_HS_EP1_OUT_IRQHandler
                0x00000000080012a0                WWDG_IRQHandler
                0x00000000080012a0                SPI6_IRQHandler
                0x00000000080012a0                MDIOS_IRQHandler
                0x00000000080012a0                I2C4_EV_IRQHandler
                0x00000000080012a0                CAN3_TX_IRQHandler
                0x00000000080012a0                TIM2_IRQHandler
                0x00000000080012a0                OTG_FS_WKUP_IRQHandler
                0x00000000080012a0                TIM1_TRG_COM_TIM11_IRQHandler
                0x00000000080012a0                OTG_HS_IRQHandler
                0x00000000080012a0                DMA2D_IRQHandler
                0x00000000080012a0                EXTI1_IRQHandler
                0x00000000080012a0                SDMMC2_IRQHandler
                0x00000000080012a0                UART7_IRQHandler
                0x00000000080012a0                USART2_IRQHandler
                0x00000000080012a0                DFSDM1_FLT0_IRQHandler
                0x00000000080012a0                I2C2_ER_IRQHandler
                0x00000000080012a0                DMA2_Stream1_IRQHandler
                0x00000000080012a0                CAN1_SCE_IRQHandler
                0x00000000080012a0                FLASH_IRQHandler
                0x00000000080012a0                DMA2_Stream4_IRQHandler
                0x00000000080012a0                USART1_IRQHandler
                0x00000000080012a0                SPI3_IRQHandler
                0x00000000080012a0                DMA1_Stream4_IRQHandler
                0x00000000080012a0                I2C1_ER_IRQHandler
                0x00000000080012a0                FMC_IRQHandler
                0x00000000080012a0                LPTIM1_IRQHandler
                0x00000000080012a0                I2C4_ER_IRQHandler
                0x00000000080012a0                DMA2_Stream6_IRQHandler
                0x00000000080012a0                SAI1_IRQHandler
                0x00000000080012a0                DMA1_Stream3_IRQHandler
 .text.HAL_Init
                0x00000000080012a2       0x1a ./Drivers/STM32F7xx_HAL_Driver/Src/stm32f7xx_hal.o
                0x00000000080012a2                HAL_Init
 .text.HAL_IncTick
                0x00000000080012bc       0x28 ./Drivers/STM32F7xx_HAL_Driver/Src/stm32f7xx_hal.o
                0x00000000080012bc                HAL_IncTick
 .text.HAL_GetTick
                0x00000000080012e4       0x18 ./Drivers/STM32F7xx_HAL_Driver/Src/stm32f7xx_hal.o
                0x00000000080012e4                HAL_GetTick
 .text.HAL_Delay
                0x00000000080012fc       0x48 ./Drivers/STM32F7xx_HAL_Driver/Src/stm32f7xx_hal.o
                0x00000000080012fc                HAL_Delay
 .text.HAL_ADC_Init
                0x0000000008001344       0x88 ./Drivers/STM32F7xx_HAL_Driver/Src/stm32f7xx_hal_adc.o
                0x0000000008001344                HAL_ADC_Init
 .text.HAL_ADC_IRQHandler
                0x00000000080013cc      0x220 ./Drivers/STM32F7xx_HAL_Driver/Src/stm32f7xx_hal_adc.o
                0x00000000080013cc                HAL_ADC_IRQHandler
 .text.HAL_ADC_Start_DMA
                0x00000000080015ec      0x1f4 ./Drivers/STM32F7xx_HAL_Driver/Src/stm32f7xx_hal_adc.o
                0x00000000080015ec                HAL_ADC_Start_DMA
 .text.HAL_ADC_ConvHalfCpltCallback
                0x00000000080017e0       0x14 ./Drivers/STM32F7xx_HAL_Driver/Src/stm32f7xx_hal_adc.o
                0x00000000080017e0                HAL_ADC_ConvHalfCpltCallback
 .text.HAL_ADC_LevelOutOfWindowCallback
                0x00000000080017f4       0x14 ./Drivers/STM32F7xx_HAL_Driver/Src/stm32f7xx_hal_adc.o
                0x00000000080017f4                HAL_ADC_LevelOutOfWindowCallback
 .text.HAL_ADC_ErrorCallback
                0x0000000008001808       0x14 ./Drivers/STM32F7xx_HAL_Driver/Src/stm32f7xx_hal_adc.o
                0x0000000008001808                HAL_ADC_ErrorCallback
 .text.HAL_ADC_ConfigChannel
                0x000000000800181c      0x2ac ./Drivers/STM32F7xx_HAL_Driver/Src/stm32f7xx_hal_adc.o
                0x000000000800181c                HAL_ADC_ConfigChannel
 .text.ADC_Init
                0x0000000008001ac8      0x1f4 ./Drivers/STM32F7xx_HAL_Driver/Src/stm32f7xx_hal_adc.o
 .text.ADC_DMAConvCplt
                0x0000000008001cbc       0xba ./Drivers/STM32F7xx_HAL_Driver/Src/stm32f7xx_hal_adc.o
 .text.ADC_DMAHalfConvCplt
                0x0000000008001d76       0x1c ./Drivers/STM32F7xx_HAL_Driver/Src/stm32f7xx_hal_adc.o
 .text.ADC_DMAError
                0x0000000008001d92       0x2e ./Drivers/STM32F7xx_HAL_Driver/Src/stm32f7xx_hal_adc.o
 .text.HAL_ADCEx_InjectedConvCpltCallback
                0x0000000008001dc0       0x14 ./Drivers/STM32F7xx_HAL_Driver/Src/stm32f7xx_hal_adc_ex.o
                0x0000000008001dc0                HAL_ADCEx_InjectedConvCpltCallback
 .text.HAL_CAN_Init
                0x0000000008001dd4      0x1f6 ./Drivers/STM32F7xx_HAL_Driver/Src/stm32f7xx_hal_can.o
                0x0000000008001dd4                HAL_CAN_Init
 *fill*         0x0000000008001fca        0x2 
 .text.HAL_CAN_ConfigFilter
                0x0000000008001fcc      0x1d8 ./Drivers/STM32F7xx_HAL_Driver/Src/stm32f7xx_hal_can.o
                0x0000000008001fcc                HAL_CAN_ConfigFilter
 .text.HAL_CAN_Start
                0x00000000080021a4       0x88 ./Drivers/STM32F7xx_HAL_Driver/Src/stm32f7xx_hal_can.o
                0x00000000080021a4                HAL_CAN_Start
 .text.HAL_CAN_AddTxMessage
                0x000000000800222c      0x1a0 ./Drivers/STM32F7xx_HAL_Driver/Src/stm32f7xx_hal_can.o
                0x000000000800222c                HAL_CAN_AddTxMessage
 .text.HAL_CAN_GetRxMessage
                0x00000000080023cc      0x224 ./Drivers/STM32F7xx_HAL_Driver/Src/stm32f7xx_hal_can.o
                0x00000000080023cc                HAL_CAN_GetRxMessage
 .text.HAL_CAN_ActivateNotification
                0x00000000080025f0       0x4c ./Drivers/STM32F7xx_HAL_Driver/Src/stm32f7xx_hal_can.o
                0x00000000080025f0                HAL_CAN_ActivateNotification
 .text.HAL_CAN_IRQHandler
                0x000000000800263c      0x36e ./Drivers/STM32F7xx_HAL_Driver/Src/stm32f7xx_hal_can.o
                0x000000000800263c                HAL_CAN_IRQHandler
 .text.HAL_CAN_TxMailbox1CompleteCallback
                0x00000000080029aa       0x14 ./Drivers/STM32F7xx_HAL_Driver/Src/stm32f7xx_hal_can.o
                0x00000000080029aa                HAL_CAN_TxMailbox1CompleteCallback
 .text.HAL_CAN_TxMailbox2CompleteCallback
                0x00000000080029be       0x14 ./Drivers/STM32F7xx_HAL_Driver/Src/stm32f7xx_hal_can.o
                0x00000000080029be                HAL_CAN_TxMailbox2CompleteCallback
 .text.HAL_CAN_TxMailbox0AbortCallback
                0x00000000080029d2       0x14 ./Drivers/STM32F7xx_HAL_Driver/Src/stm32f7xx_hal_can.o
                0x00000000080029d2                HAL_CAN_TxMailbox0AbortCallback
 .text.HAL_CAN_TxMailbox1AbortCallback
                0x00000000080029e6       0x14 ./Drivers/STM32F7xx_HAL_Driver/Src/stm32f7xx_hal_can.o
                0x00000000080029e6                HAL_CAN_TxMailbox1AbortCallback
 .text.HAL_CAN_TxMailbox2AbortCallback
                0x00000000080029fa       0x14 ./Drivers/STM32F7xx_HAL_Driver/Src/stm32f7xx_hal_can.o
                0x00000000080029fa                HAL_CAN_TxMailbox2AbortCallback
 .text.HAL_CAN_RxFifo0FullCallback
                0x0000000008002a0e       0x14 ./Drivers/STM32F7xx_HAL_Driver/Src/stm32f7xx_hal_can.o
                0x0000000008002a0e                HAL_CAN_RxFifo0FullCallback
 .text.HAL_CAN_RxFifo1MsgPendingCallback
                0x0000000008002a22       0x14 ./Drivers/STM32F7xx_HAL_Driver/Src/stm32f7xx_hal_can.o
                0x0000000008002a22                HAL_CAN_RxFifo1MsgPendingCallback
 .text.HAL_CAN_RxFifo1FullCallback
                0x0000000008002a36       0x14 ./Drivers/STM32F7xx_HAL_Driver/Src/stm32f7xx_hal_can.o
                0x0000000008002a36                HAL_CAN_RxFifo1FullCallback
 .text.HAL_CAN_SleepCallback
                0x0000000008002a4a       0x14 ./Drivers/STM32F7xx_HAL_Driver/Src/stm32f7xx_hal_can.o
                0x0000000008002a4a                HAL_CAN_SleepCallback
 .text.HAL_CAN_WakeUpFromRxMsgCallback
                0x0000000008002a5e       0x14 ./Drivers/STM32F7xx_HAL_Driver/Src/stm32f7xx_hal_can.o
                0x0000000008002a5e                HAL_CAN_WakeUpFromRxMsgCallback
 .text.HAL_CAN_ErrorCallback
                0x0000000008002a72       0x14 ./Drivers/STM32F7xx_HAL_Driver/Src/stm32f7xx_hal_can.o
                0x0000000008002a72                HAL_CAN_ErrorCallback
 *fill*         0x0000000008002a86        0x2 
 .text.__NVIC_SetPriorityGrouping
                0x0000000008002a88       0x48 ./Drivers/STM32F7xx_HAL_Driver/Src/stm32f7xx_hal_cortex.o
 .text.__NVIC_GetPriorityGrouping
                0x0000000008002ad0       0x1c ./Drivers/STM32F7xx_HAL_Driver/Src/stm32f7xx_hal_cortex.o
 .text.__NVIC_EnableIRQ
                0x0000000008002aec       0x3c ./Drivers/STM32F7xx_HAL_Driver/Src/stm32f7xx_hal_cortex.o
 .text.__NVIC_SetPriority
                0x0000000008002b28       0x54 ./Drivers/STM32F7xx_HAL_Driver/Src/stm32f7xx_hal_cortex.o
 .text.NVIC_EncodePriority
                0x0000000008002b7c       0x66 ./Drivers/STM32F7xx_HAL_Driver/Src/stm32f7xx_hal_cortex.o
 .text.HAL_NVIC_SetPriorityGrouping
                0x0000000008002be2       0x16 ./Drivers/STM32F7xx_HAL_Driver/Src/stm32f7xx_hal_cortex.o
                0x0000000008002be2                HAL_NVIC_SetPriorityGrouping
 .text.HAL_NVIC_SetPriority
                0x0000000008002bf8       0x38 ./Drivers/STM32F7xx_HAL_Driver/Src/stm32f7xx_hal_cortex.o
                0x0000000008002bf8                HAL_NVIC_SetPriority
 .text.HAL_NVIC_EnableIRQ
                0x0000000008002c30       0x1c ./Drivers/STM32F7xx_HAL_Driver/Src/stm32f7xx_hal_cortex.o
                0x0000000008002c30                HAL_NVIC_EnableIRQ
 .text.HAL_DMA_Init
                0x0000000008002c4c      0x15c ./Drivers/STM32F7xx_HAL_Driver/Src/stm32f7xx_hal_dma.o
                0x0000000008002c4c                HAL_DMA_Init
 .text.HAL_DMA_Start_IT
                0x0000000008002da8       0xc0 ./Drivers/STM32F7xx_HAL_Driver/Src/stm32f7xx_hal_dma.o
                0x0000000008002da8                HAL_DMA_Start_IT
 .text.HAL_DMA_Abort
                0x0000000008002e68       0xe0 ./Drivers/STM32F7xx_HAL_Driver/Src/stm32f7xx_hal_dma.o
                0x0000000008002e68                HAL_DMA_Abort
 .text.HAL_DMA_Abort_IT
                0x0000000008002f48       0x44 ./Drivers/STM32F7xx_HAL_Driver/Src/stm32f7xx_hal_dma.o
                0x0000000008002f48                HAL_DMA_Abort_IT
 .text.HAL_DMA_IRQHandler
                0x0000000008002f8c      0x314 ./Drivers/STM32F7xx_HAL_Driver/Src/stm32f7xx_hal_dma.o
                0x0000000008002f8c                HAL_DMA_IRQHandler
 .text.DMA_SetConfig
                0x00000000080032a0       0x5c ./Drivers/STM32F7xx_HAL_Driver/Src/stm32f7xx_hal_dma.o
 .text.DMA_CalcBaseAndBitshift
                0x00000000080032fc       0x6c ./Drivers/STM32F7xx_HAL_Driver/Src/stm32f7xx_hal_dma.o
 .text.DMA_CheckFifoParam
                0x0000000008003368       0xf8 ./Drivers/STM32F7xx_HAL_Driver/Src/stm32f7xx_hal_dma.o
 .text.HAL_GPIO_Init
                0x0000000008003460      0x358 ./Drivers/STM32F7xx_HAL_Driver/Src/stm32f7xx_hal_gpio.o
                0x0000000008003460                HAL_GPIO_Init
 .text.HAL_GPIO_WritePin
                0x00000000080037b8       0x32 ./Drivers/STM32F7xx_HAL_Driver/Src/stm32f7xx_hal_gpio.o
                0x00000000080037b8                HAL_GPIO_WritePin
 .text.HAL_GPIO_TogglePin
                0x00000000080037ea       0x34 ./Drivers/STM32F7xx_HAL_Driver/Src/stm32f7xx_hal_gpio.o
                0x00000000080037ea                HAL_GPIO_TogglePin
 .text.HAL_PCD_Init
                0x000000000800381e      0x248 ./Drivers/STM32F7xx_HAL_Driver/Src/stm32f7xx_hal_pcd.o
                0x000000000800381e                HAL_PCD_Init
 .text.HAL_PCD_Start
                0x0000000008003a66       0x44 ./Drivers/STM32F7xx_HAL_Driver/Src/stm32f7xx_hal_pcd.o
                0x0000000008003a66                HAL_PCD_Start
 .text.HAL_PCD_IRQHandler
                0x0000000008003aaa      0x998 ./Drivers/STM32F7xx_HAL_Driver/Src/stm32f7xx_hal_pcd.o
                0x0000000008003aaa                HAL_PCD_IRQHandler
 .text.HAL_PCD_SetAddress
                0x0000000008004442       0x4a ./Drivers/STM32F7xx_HAL_Driver/Src/stm32f7xx_hal_pcd.o
                0x0000000008004442                HAL_PCD_SetAddress
 .text.HAL_PCD_EP_Open
                0x000000000800448c       0xd0 ./Drivers/STM32F7xx_HAL_Driver/Src/stm32f7xx_hal_pcd.o
                0x000000000800448c                HAL_PCD_EP_Open
 .text.HAL_PCD_EP_Close
                0x000000000800455c       0x94 ./Drivers/STM32F7xx_HAL_Driver/Src/stm32f7xx_hal_pcd.o
                0x000000000800455c                HAL_PCD_EP_Close
 .text.HAL_PCD_EP_Receive
                0x00000000080045f0       0x96 ./Drivers/STM32F7xx_HAL_Driver/Src/stm32f7xx_hal_pcd.o
                0x00000000080045f0                HAL_PCD_EP_Receive
 .text.HAL_PCD_EP_GetRxCount
                0x0000000008004686       0x30 ./Drivers/STM32F7xx_HAL_Driver/Src/stm32f7xx_hal_pcd.o
                0x0000000008004686                HAL_PCD_EP_GetRxCount
 .text.HAL_PCD_EP_Transmit
                0x00000000080046b6       0x94 ./Drivers/STM32F7xx_HAL_Driver/Src/stm32f7xx_hal_pcd.o
                0x00000000080046b6                HAL_PCD_EP_Transmit
 .text.HAL_PCD_EP_SetStall
                0x000000000800474a       0xc8 ./Drivers/STM32F7xx_HAL_Driver/Src/stm32f7xx_hal_pcd.o
                0x000000000800474a                HAL_PCD_EP_SetStall
 .text.HAL_PCD_EP_ClrStall
                0x0000000008004812       0xac ./Drivers/STM32F7xx_HAL_Driver/Src/stm32f7xx_hal_pcd.o
                0x0000000008004812                HAL_PCD_EP_ClrStall
 .text.HAL_PCD_EP_Abort
                0x00000000080048be       0x62 ./Drivers/STM32F7xx_HAL_Driver/Src/stm32f7xx_hal_pcd.o
                0x00000000080048be                HAL_PCD_EP_Abort
 .text.PCD_WriteEmptyTxFifo
                0x0000000008004920      0x11a ./Drivers/STM32F7xx_HAL_Driver/Src/stm32f7xx_hal_pcd.o
 *fill*         0x0000000008004a3a        0x2 
 .text.PCD_EP_OutXfrComplete_int
                0x0000000008004a3c      0x1d0 ./Drivers/STM32F7xx_HAL_Driver/Src/stm32f7xx_hal_pcd.o
 .text.PCD_EP_OutSetupPacket_int
                0x0000000008004c0c       0x8c ./Drivers/STM32F7xx_HAL_Driver/Src/stm32f7xx_hal_pcd.o
 .text.HAL_PCDEx_SetTxFiFo
                0x0000000008004c98       0x8e ./Drivers/STM32F7xx_HAL_Driver/Src/stm32f7xx_hal_pcd_ex.o
                0x0000000008004c98                HAL_PCDEx_SetTxFiFo
 .text.HAL_PCDEx_SetRxFiFo
                0x0000000008004d26       0x22 ./Drivers/STM32F7xx_HAL_Driver/Src/stm32f7xx_hal_pcd_ex.o
                0x0000000008004d26                HAL_PCDEx_SetRxFiFo
 .text.HAL_PCDEx_ActivateLPM
                0x0000000008004d48       0x48 ./Drivers/STM32F7xx_HAL_Driver/Src/stm32f7xx_hal_pcd_ex.o
                0x0000000008004d48                HAL_PCDEx_ActivateLPM
 .text.HAL_PWREx_EnableOverDrive
                0x0000000008004d90       0xa0 ./Drivers/STM32F7xx_HAL_Driver/Src/stm32f7xx_hal_pwr_ex.o
                0x0000000008004d90                HAL_PWREx_EnableOverDrive
 .text.HAL_RCC_OscConfig
                0x0000000008004e30      0x55c ./Drivers/STM32F7xx_HAL_Driver/Src/stm32f7xx_hal_rcc.o
                0x0000000008004e30                HAL_RCC_OscConfig
 .text.HAL_RCC_ClockConfig
                0x000000000800538c      0x1d8 ./Drivers/STM32F7xx_HAL_Driver/Src/stm32f7xx_hal_rcc.o
                0x000000000800538c                HAL_RCC_ClockConfig
 .text.HAL_RCC_GetSysClockFreq
                0x0000000008005564      0x18c ./Drivers/STM32F7xx_HAL_Driver/Src/stm32f7xx_hal_rcc.o
                0x0000000008005564                HAL_RCC_GetSysClockFreq
 .text.HAL_RCC_GetHCLKFreq
                0x00000000080056f0       0x18 ./Drivers/STM32F7xx_HAL_Driver/Src/stm32f7xx_hal_rcc.o
                0x00000000080056f0                HAL_RCC_GetHCLKFreq
 .text.HAL_RCC_GetPCLK1Freq
                0x0000000008005708       0x28 ./Drivers/STM32F7xx_HAL_Driver/Src/stm32f7xx_hal_rcc.o
                0x0000000008005708                HAL_RCC_GetPCLK1Freq
 .text.HAL_RCC_GetPCLK2Freq
                0x0000000008005730       0x28 ./Drivers/STM32F7xx_HAL_Driver/Src/stm32f7xx_hal_rcc.o
                0x0000000008005730                HAL_RCC_GetPCLK2Freq
 .text.HAL_RCC_GetClockConfig
                0x0000000008005758       0x64 ./Drivers/STM32F7xx_HAL_Driver/Src/stm32f7xx_hal_rcc.o
                0x0000000008005758                HAL_RCC_GetClockConfig
 .text.HAL_RCCEx_PeriphCLKConfig
                0x00000000080057bc      0x850 ./Drivers/STM32F7xx_HAL_Driver/Src/stm32f7xx_hal_rcc_ex.o
                0x00000000080057bc                HAL_RCCEx_PeriphCLKConfig
 .text.HAL_TIM_Base_Init
                0x000000000800600c       0xae ./Drivers/STM32F7xx_HAL_Driver/Src/stm32f7xx_hal_tim.o
                0x000000000800600c                HAL_TIM_Base_Init
 .text.HAL_TIM_Base_MspInit
                0x00000000080060ba       0x14 ./Drivers/STM32F7xx_HAL_Driver/Src/stm32f7xx_hal_tim.o
                0x00000000080060ba                HAL_TIM_Base_MspInit
 *fill*         0x00000000080060ce        0x2 
 .text.HAL_TIM_Base_Start_IT
                0x00000000080060d0       0xf0 ./Drivers/STM32F7xx_HAL_Driver/Src/stm32f7xx_hal_tim.o
                0x00000000080060d0                HAL_TIM_Base_Start_IT
 .text.HAL_TIM_IRQHandler
                0x00000000080061c0      0x23e ./Drivers/STM32F7xx_HAL_Driver/Src/stm32f7xx_hal_tim.o
                0x00000000080061c0                HAL_TIM_IRQHandler
 .text.HAL_TIM_OC_DelayElapsedCallback
                0x00000000080063fe       0x14 ./Drivers/STM32F7xx_HAL_Driver/Src/stm32f7xx_hal_tim.o
                0x00000000080063fe                HAL_TIM_OC_DelayElapsedCallback
 .text.HAL_TIM_IC_CaptureCallback
                0x0000000008006412       0x14 ./Drivers/STM32F7xx_HAL_Driver/Src/stm32f7xx_hal_tim.o
                0x0000000008006412                HAL_TIM_IC_CaptureCallback
 .text.HAL_TIM_PWM_PulseFinishedCallback
                0x0000000008006426       0x14 ./Drivers/STM32F7xx_HAL_Driver/Src/stm32f7xx_hal_tim.o
                0x0000000008006426                HAL_TIM_PWM_PulseFinishedCallback
 .text.HAL_TIM_TriggerCallback
                0x000000000800643a       0x14 ./Drivers/STM32F7xx_HAL_Driver/Src/stm32f7xx_hal_tim.o
                0x000000000800643a                HAL_TIM_TriggerCallback
 *fill*         0x000000000800644e        0x2 
 .text.TIM_Base_SetConfig
                0x0000000008006450      0x140 ./Drivers/STM32F7xx_HAL_Driver/Src/stm32f7xx_hal_tim.o
                0x0000000008006450                TIM_Base_SetConfig
 .text.HAL_TIMEx_CommutCallback
                0x0000000008006590       0x14 ./Drivers/STM32F7xx_HAL_Driver/Src/stm32f7xx_hal_tim_ex.o
                0x0000000008006590                HAL_TIMEx_CommutCallback
 .text.HAL_TIMEx_BreakCallback
                0x00000000080065a4       0x14 ./Drivers/STM32F7xx_HAL_Driver/Src/stm32f7xx_hal_tim_ex.o
                0x00000000080065a4                HAL_TIMEx_BreakCallback
 .text.HAL_TIMEx_Break2Callback
                0x00000000080065b8       0x14 ./Drivers/STM32F7xx_HAL_Driver/Src/stm32f7xx_hal_tim_ex.o
                0x00000000080065b8                HAL_TIMEx_Break2Callback
 .text.HAL_UART_Init
                0x00000000080065cc       0x9c ./Drivers/STM32F7xx_HAL_Driver/Src/stm32f7xx_hal_uart.o
                0x00000000080065cc                HAL_UART_Init
 .text.HAL_UART_Transmit
                0x0000000008006668      0x106 ./Drivers/STM32F7xx_HAL_Driver/Src/stm32f7xx_hal_uart.o
                0x0000000008006668                HAL_UART_Transmit
 *fill*         0x000000000800676e        0x2 
 .text.HAL_UART_IRQHandler
                0x0000000008006770      0x5d0 ./Drivers/STM32F7xx_HAL_Driver/Src/stm32f7xx_hal_uart.o
                0x0000000008006770                HAL_UART_IRQHandler
 .text.HAL_UART_TxCpltCallback
                0x0000000008006d40       0x14 ./Drivers/STM32F7xx_HAL_Driver/Src/stm32f7xx_hal_uart.o
                0x0000000008006d40                HAL_UART_TxCpltCallback
 .text.HAL_UART_ErrorCallback
                0x0000000008006d54       0x14 ./Drivers/STM32F7xx_HAL_Driver/Src/stm32f7xx_hal_uart.o
                0x0000000008006d54                HAL_UART_ErrorCallback
 .text.HAL_UARTEx_RxEventCallback
                0x0000000008006d68       0x18 ./Drivers/STM32F7xx_HAL_Driver/Src/stm32f7xx_hal_uart.o
                0x0000000008006d68                HAL_UARTEx_RxEventCallback
 .text.HAL_UARTEx_WakeupCallback
                0x0000000008006d80       0x14 ./Drivers/STM32F7xx_HAL_Driver/Src/stm32f7xx_hal_uart.o
                0x0000000008006d80                HAL_UARTEx_WakeupCallback
 .text.UART_SetConfig
                0x0000000008006d94      0x4c8 ./Drivers/STM32F7xx_HAL_Driver/Src/stm32f7xx_hal_uart.o
                0x0000000008006d94                UART_SetConfig
 .text.UART_AdvFeatureConfig
                0x000000000800725c      0x144 ./Drivers/STM32F7xx_HAL_Driver/Src/stm32f7xx_hal_uart.o
                0x000000000800725c                UART_AdvFeatureConfig
 .text.UART_CheckIdleState
                0x00000000080073a0       0x9a ./Drivers/STM32F7xx_HAL_Driver/Src/stm32f7xx_hal_uart.o
                0x00000000080073a0                UART_CheckIdleState
 .text.UART_WaitOnFlagUntilTimeout
                0x000000000800743a      0x18c ./Drivers/STM32F7xx_HAL_Driver/Src/stm32f7xx_hal_uart.o
                0x000000000800743a                UART_WaitOnFlagUntilTimeout
 .text.UART_EndRxTransfer
                0x00000000080075c6       0xc8 ./Drivers/STM32F7xx_HAL_Driver/Src/stm32f7xx_hal_uart.o
 .text.UART_DMAAbortOnError
                0x000000000800768e       0x2c ./Drivers/STM32F7xx_HAL_Driver/Src/stm32f7xx_hal_uart.o
 .text.UART_EndTransmit_IT
                0x00000000080076ba       0x54 ./Drivers/STM32F7xx_HAL_Driver/Src/stm32f7xx_hal_uart.o
 *fill*         0x000000000800770e        0x2 
 .text.USB_CoreInit
                0x0000000008007710       0xb0 ./Drivers/STM32F7xx_HAL_Driver/Src/stm32f7xx_ll_usb.o
                0x0000000008007710                USB_CoreInit
 .text.USB_SetTurnaroundTime
                0x00000000080077c0      0x144 ./Drivers/STM32F7xx_HAL_Driver/Src/stm32f7xx_ll_usb.o
                0x00000000080077c0                USB_SetTurnaroundTime
 .text.USB_EnableGlobalInt
                0x0000000008007904       0x22 ./Drivers/STM32F7xx_HAL_Driver/Src/stm32f7xx_ll_usb.o
                0x0000000008007904                USB_EnableGlobalInt
 .text.USB_DisableGlobalInt
                0x0000000008007926       0x22 ./Drivers/STM32F7xx_HAL_Driver/Src/stm32f7xx_ll_usb.o
                0x0000000008007926                USB_DisableGlobalInt
 .text.USB_SetCurrentMode
                0x0000000008007948       0x98 ./Drivers/STM32F7xx_HAL_Driver/Src/stm32f7xx_ll_usb.o
                0x0000000008007948                USB_SetCurrentMode
 .text.USB_DevInit
                0x00000000080079e0      0x2bc ./Drivers/STM32F7xx_HAL_Driver/Src/stm32f7xx_ll_usb.o
                0x00000000080079e0                USB_DevInit
 .text.USB_FlushTxFifo
                0x0000000008007c9c       0x68 ./Drivers/STM32F7xx_HAL_Driver/Src/stm32f7xx_ll_usb.o
                0x0000000008007c9c                USB_FlushTxFifo
 .text.USB_FlushRxFifo
                0x0000000008007d04       0x60 ./Drivers/STM32F7xx_HAL_Driver/Src/stm32f7xx_ll_usb.o
                0x0000000008007d04                USB_FlushRxFifo
 .text.USB_SetDevSpeed
                0x0000000008007d64       0x32 ./Drivers/STM32F7xx_HAL_Driver/Src/stm32f7xx_ll_usb.o
                0x0000000008007d64                USB_SetDevSpeed
 .text.USB_GetDevSpeed
                0x0000000008007d96       0x4a ./Drivers/STM32F7xx_HAL_Driver/Src/stm32f7xx_ll_usb.o
                0x0000000008007d96                USB_GetDevSpeed
 .text.USB_ActivateEndpoint
                0x0000000008007de0      0x110 ./Drivers/STM32F7xx_HAL_Driver/Src/stm32f7xx_ll_usb.o
                0x0000000008007de0                USB_ActivateEndpoint
 .text.USB_DeactivateEndpoint
                0x0000000008007ef0      0x1b8 ./Drivers/STM32F7xx_HAL_Driver/Src/stm32f7xx_ll_usb.o
                0x0000000008007ef0                USB_DeactivateEndpoint
 .text.USB_EPStartXfer
                0x00000000080080a8      0x4a0 ./Drivers/STM32F7xx_HAL_Driver/Src/stm32f7xx_ll_usb.o
                0x00000000080080a8                USB_EPStartXfer
 .text.USB_EP0StartXfer
                0x0000000008008548      0x2b8 ./Drivers/STM32F7xx_HAL_Driver/Src/stm32f7xx_ll_usb.o
                0x0000000008008548                USB_EP0StartXfer
 .text.USB_EPStopXfer
                0x0000000008008800      0x154 ./Drivers/STM32F7xx_HAL_Driver/Src/stm32f7xx_ll_usb.o
                0x0000000008008800                USB_EPStopXfer
 .text.USB_WritePacket
                0x0000000008008954       0x7c ./Drivers/STM32F7xx_HAL_Driver/Src/stm32f7xx_ll_usb.o
                0x0000000008008954                USB_WritePacket
 .text.USB_ReadPacket
                0x00000000080089d0       0xb0 ./Drivers/STM32F7xx_HAL_Driver/Src/stm32f7xx_ll_usb.o
                0x00000000080089d0                USB_ReadPacket
 .text.USB_EPSetStall
                0x0000000008008a80       0xdc ./Drivers/STM32F7xx_HAL_Driver/Src/stm32f7xx_ll_usb.o
                0x0000000008008a80                USB_EPSetStall
 .text.USB_EPClearStall
                0x0000000008008b5c       0xcc ./Drivers/STM32F7xx_HAL_Driver/Src/stm32f7xx_ll_usb.o
                0x0000000008008b5c                USB_EPClearStall
 .text.USB_SetDevAddress
                0x0000000008008c28       0x4c ./Drivers/STM32F7xx_HAL_Driver/Src/stm32f7xx_ll_usb.o
                0x0000000008008c28                USB_SetDevAddress
 .text.USB_DevConnect
                0x0000000008008c74       0x42 ./Drivers/STM32F7xx_HAL_Driver/Src/stm32f7xx_ll_usb.o
                0x0000000008008c74                USB_DevConnect
 .text.USB_DevDisconnect
                0x0000000008008cb6       0x42 ./Drivers/STM32F7xx_HAL_Driver/Src/stm32f7xx_ll_usb.o
                0x0000000008008cb6                USB_DevDisconnect
 .text.USB_ReadInterrupts
                0x0000000008008cf8       0x26 ./Drivers/STM32F7xx_HAL_Driver/Src/stm32f7xx_ll_usb.o
                0x0000000008008cf8                USB_ReadInterrupts
 .text.USB_ReadDevAllOutEpInterrupt
                0x0000000008008d1e       0x34 ./Drivers/STM32F7xx_HAL_Driver/Src/stm32f7xx_ll_usb.o
                0x0000000008008d1e                USB_ReadDevAllOutEpInterrupt
 .text.USB_ReadDevAllInEpInterrupt
                0x0000000008008d52       0x34 ./Drivers/STM32F7xx_HAL_Driver/Src/stm32f7xx_ll_usb.o
                0x0000000008008d52                USB_ReadDevAllInEpInterrupt
 .text.USB_ReadDevOutEPInterrupt
                0x0000000008008d86       0x3c ./Drivers/STM32F7xx_HAL_Driver/Src/stm32f7xx_ll_usb.o
                0x0000000008008d86                USB_ReadDevOutEPInterrupt
 .text.USB_ReadDevInEPInterrupt
                0x0000000008008dc2       0x5c ./Drivers/STM32F7xx_HAL_Driver/Src/stm32f7xx_ll_usb.o
                0x0000000008008dc2                USB_ReadDevInEPInterrupt
 .text.USB_GetMode
                0x0000000008008e1e       0x1c ./Drivers/STM32F7xx_HAL_Driver/Src/stm32f7xx_ll_usb.o
                0x0000000008008e1e                USB_GetMode
 *fill*         0x0000000008008e3a        0x2 
 .text.USB_ActivateSetup
                0x0000000008008e3c       0x48 ./Drivers/STM32F7xx_HAL_Driver/Src/stm32f7xx_ll_usb.o
                0x0000000008008e3c                USB_ActivateSetup
 .text.USB_EP0_OutStart
                0x0000000008008e84       0xbc ./Drivers/STM32F7xx_HAL_Driver/Src/stm32f7xx_ll_usb.o
                0x0000000008008e84                USB_EP0_OutStart
 .text.USB_CoreReset
                0x0000000008008f40       0x68 ./Drivers/STM32F7xx_HAL_Driver/Src/stm32f7xx_ll_usb.o
 .text.USBD_CDC_Init
                0x0000000008008fa8      0x1f0 ./Middlewares/ST/STM32_USB_Device_Library/Class/CDC/Src/usbd_cdc.o
 .text.USBD_CDC_DeInit
                0x0000000008009198      0x104 ./Middlewares/ST/STM32_USB_Device_Library/Class/CDC/Src/usbd_cdc.o
 .text.USBD_CDC_Setup
                0x000000000800929c      0x1b8 ./Middlewares/ST/STM32_USB_Device_Library/Class/CDC/Src/usbd_cdc.o
 .text.USBD_CDC_DataIn
                0x0000000008009454       0xfe ./Middlewares/ST/STM32_USB_Device_Library/Class/CDC/Src/usbd_cdc.o
 .text.USBD_CDC_DataOut
                0x0000000008009552       0x70 ./Middlewares/ST/STM32_USB_Device_Library/Class/CDC/Src/usbd_cdc.o
 .text.USBD_CDC_EP0_RxReady
                0x00000000080095c2       0x76 ./Middlewares/ST/STM32_USB_Device_Library/Class/CDC/Src/usbd_cdc.o
 .text.USBD_CDC_GetFSCfgDesc
                0x0000000008009638       0x70 ./Middlewares/ST/STM32_USB_Device_Library/Class/CDC/Src/usbd_cdc.o
 .text.USBD_CDC_GetHSCfgDesc
                0x00000000080096a8       0x70 ./Middlewares/ST/STM32_USB_Device_Library/Class/CDC/Src/usbd_cdc.o
 .text.USBD_CDC_GetOtherSpeedCfgDesc
                0x0000000008009718       0x70 ./Middlewares/ST/STM32_USB_Device_Library/Class/CDC/Src/usbd_cdc.o
 .text.USBD_CDC_GetDeviceQualifierDescriptor
                0x0000000008009788       0x20 ./Middlewares/ST/STM32_USB_Device_Library/Class/CDC/Src/usbd_cdc.o
                0x0000000008009788                USBD_CDC_GetDeviceQualifierDescriptor
 .text.USBD_CDC_RegisterInterface
                0x00000000080097a8       0x34 ./Middlewares/ST/STM32_USB_Device_Library/Class/CDC/Src/usbd_cdc.o
                0x00000000080097a8                USBD_CDC_RegisterInterface
 .text.USBD_CDC_SetTxBuffer
                0x00000000080097dc       0x44 ./Middlewares/ST/STM32_USB_Device_Library/Class/CDC/Src/usbd_cdc.o
                0x00000000080097dc                USBD_CDC_SetTxBuffer
 .text.USBD_CDC_SetRxBuffer
                0x0000000008009820       0x3a ./Middlewares/ST/STM32_USB_Device_Library/Class/CDC/Src/usbd_cdc.o
                0x0000000008009820                USBD_CDC_SetRxBuffer
 *fill*         0x000000000800985a        0x2 
 .text.USBD_CDC_TransmitPacket
                0x000000000800985c       0x80 ./Middlewares/ST/STM32_USB_Device_Library/Class/CDC/Src/usbd_cdc.o
                0x000000000800985c                USBD_CDC_TransmitPacket
 .text.USBD_CDC_ReceivePacket
                0x00000000080098dc       0x6c ./Middlewares/ST/STM32_USB_Device_Library/Class/CDC/Src/usbd_cdc.o
                0x00000000080098dc                USBD_CDC_ReceivePacket
 .text.USBD_Init
                0x0000000008009948       0x60 ./Middlewares/ST/STM32_USB_Device_Library/Core/Src/usbd_core.o
                0x0000000008009948                USBD_Init
 .text.USBD_RegisterClass
                0x00000000080099a8       0x6c ./Middlewares/ST/STM32_USB_Device_Library/Core/Src/usbd_core.o
                0x00000000080099a8                USBD_RegisterClass
 .text.USBD_Start
                0x0000000008009a14       0x18 ./Middlewares/ST/STM32_USB_Device_Library/Core/Src/usbd_core.o
                0x0000000008009a14                USBD_Start
 .text.USBD_RunTestMode
                0x0000000008009a2c       0x16 ./Middlewares/ST/STM32_USB_Device_Library/Core/Src/usbd_core.o
                0x0000000008009a2c                USBD_RunTestMode
 .text.USBD_SetClassConfig
                0x0000000008009a42       0x38 ./Middlewares/ST/STM32_USB_Device_Library/Core/Src/usbd_core.o
                0x0000000008009a42                USBD_SetClassConfig
 .text.USBD_ClrClassConfig
                0x0000000008009a7a       0x34 ./Middlewares/ST/STM32_USB_Device_Library/Core/Src/usbd_core.o
                0x0000000008009a7a                USBD_ClrClassConfig
 .text.USBD_LL_SetupStage
                0x0000000008009aae       0xaa ./Middlewares/ST/STM32_USB_Device_Library/Core/Src/usbd_core.o
                0x0000000008009aae                USBD_LL_SetupStage
 .text.USBD_LL_DataOutStage
                0x0000000008009b58      0x166 ./Middlewares/ST/STM32_USB_Device_Library/Core/Src/usbd_core.o
                0x0000000008009b58                USBD_LL_DataOutStage
 .text.USBD_LL_DataInStage
                0x0000000008009cbe      0x164 ./Middlewares/ST/STM32_USB_Device_Library/Core/Src/usbd_core.o
                0x0000000008009cbe                USBD_LL_DataInStage
 .text.USBD_LL_Reset
                0x0000000008009e22       0xa4 ./Middlewares/ST/STM32_USB_Device_Library/Core/Src/usbd_core.o
                0x0000000008009e22                USBD_LL_Reset
 .text.USBD_LL_SetSpeed
                0x0000000008009ec6       0x20 ./Middlewares/ST/STM32_USB_Device_Library/Core/Src/usbd_core.o
                0x0000000008009ec6                USBD_LL_SetSpeed
 .text.USBD_LL_Suspend
                0x0000000008009ee6       0x2c ./Middlewares/ST/STM32_USB_Device_Library/Core/Src/usbd_core.o
                0x0000000008009ee6                USBD_LL_Suspend
 .text.USBD_LL_Resume
                0x0000000008009f12       0x30 ./Middlewares/ST/STM32_USB_Device_Library/Core/Src/usbd_core.o
                0x0000000008009f12                USBD_LL_Resume
 .text.USBD_LL_SOF
                0x0000000008009f42       0x40 ./Middlewares/ST/STM32_USB_Device_Library/Core/Src/usbd_core.o
                0x0000000008009f42                USBD_LL_SOF
 .text.USBD_LL_IsoINIncomplete
                0x0000000008009f82       0x64 ./Middlewares/ST/STM32_USB_Device_Library/Core/Src/usbd_core.o
                0x0000000008009f82                USBD_LL_IsoINIncomplete
 .text.USBD_LL_IsoOUTIncomplete
                0x0000000008009fe6       0x64 ./Middlewares/ST/STM32_USB_Device_Library/Core/Src/usbd_core.o
                0x0000000008009fe6                USBD_LL_IsoOUTIncomplete
 .text.USBD_LL_DevConnected
                0x000000000800a04a       0x16 ./Middlewares/ST/STM32_USB_Device_Library/Core/Src/usbd_core.o
                0x000000000800a04a                USBD_LL_DevConnected
 .text.USBD_LL_DevDisconnected
                0x000000000800a060       0x46 ./Middlewares/ST/STM32_USB_Device_Library/Core/Src/usbd_core.o
                0x000000000800a060                USBD_LL_DevDisconnected
 .text.USBD_CoreFindIF
                0x000000000800a0a6       0x1a ./Middlewares/ST/STM32_USB_Device_Library/Core/Src/usbd_core.o
                0x000000000800a0a6                USBD_CoreFindIF
 .text.USBD_CoreFindEP
                0x000000000800a0c0       0x1a ./Middlewares/ST/STM32_USB_Device_Library/Core/Src/usbd_core.o
                0x000000000800a0c0                USBD_CoreFindEP
 .text.USBD_GetEpDesc
                0x000000000800a0da       0x74 ./Middlewares/ST/STM32_USB_Device_Library/Core/Src/usbd_core.o
                0x000000000800a0da                USBD_GetEpDesc
 .text.USBD_GetNextDesc
                0x000000000800a14e       0x3a ./Middlewares/ST/STM32_USB_Device_Library/Core/Src/usbd_core.o
                0x000000000800a14e                USBD_GetNextDesc
 .text.SWAPBYTE
                0x000000000800a188       0x3c ./Middlewares/ST/STM32_USB_Device_Library/Core/Src/usbd_ctlreq.o
 .text.USBD_StdDevReq
                0x000000000800a1c4       0xe4 ./Middlewares/ST/STM32_USB_Device_Library/Core/Src/usbd_ctlreq.o
                0x000000000800a1c4                USBD_StdDevReq
 .text.USBD_StdItfReq
                0x000000000800a2a8       0xd8 ./Middlewares/ST/STM32_USB_Device_Library/Core/Src/usbd_ctlreq.o
                0x000000000800a2a8                USBD_StdItfReq
 .text.USBD_StdEPReq
                0x000000000800a380      0x33a ./Middlewares/ST/STM32_USB_Device_Library/Core/Src/usbd_ctlreq.o
                0x000000000800a380                USBD_StdEPReq
 *fill*         0x000000000800a6ba        0x2 
 .text.USBD_GetDescriptor
                0x000000000800a6bc      0x328 ./Middlewares/ST/STM32_USB_Device_Library/Core/Src/usbd_ctlreq.o
 .text.USBD_SetAddress
                0x000000000800a9e4       0x88 ./Middlewares/ST/STM32_USB_Device_Library/Core/Src/usbd_ctlreq.o
 .text.USBD_SetConfig
                0x000000000800aa6c      0x154 ./Middlewares/ST/STM32_USB_Device_Library/Core/Src/usbd_ctlreq.o
 .text.USBD_GetConfig
                0x000000000800abc0       0x6c ./Middlewares/ST/STM32_USB_Device_Library/Core/Src/usbd_ctlreq.o
 .text.USBD_GetStatus
                0x000000000800ac2c       0x68 ./Middlewares/ST/STM32_USB_Device_Library/Core/Src/usbd_ctlreq.o
 .text.USBD_SetFeature
                0x000000000800ac94       0x52 ./Middlewares/ST/STM32_USB_Device_Library/Core/Src/usbd_ctlreq.o
 .text.USBD_ClrFeature
                0x000000000800ace6       0x44 ./Middlewares/ST/STM32_USB_Device_Library/Core/Src/usbd_ctlreq.o
 .text.USBD_ParseSetupRequest
                0x000000000800ad2a       0x74 ./Middlewares/ST/STM32_USB_Device_Library/Core/Src/usbd_ctlreq.o
                0x000000000800ad2a                USBD_ParseSetupRequest
 .text.USBD_CtlError
                0x000000000800ad9e       0x22 ./Middlewares/ST/STM32_USB_Device_Library/Core/Src/usbd_ctlreq.o
                0x000000000800ad9e                USBD_CtlError
 .text.USBD_GetString
                0x000000000800adc0       0x8c ./Middlewares/ST/STM32_USB_Device_Library/Core/Src/usbd_ctlreq.o
                0x000000000800adc0                USBD_GetString
 .text.USBD_GetLen
                0x000000000800ae4c       0x34 ./Middlewares/ST/STM32_USB_Device_Library/Core/Src/usbd_ctlreq.o
 .text.USBD_CtlSendData
                0x000000000800ae80       0x36 ./Middlewares/ST/STM32_USB_Device_Library/Core/Src/usbd_ioreq.o
                0x000000000800ae80                USBD_CtlSendData
 .text.USBD_CtlContinueSendData
                0x000000000800aeb6       0x22 ./Middlewares/ST/STM32_USB_Device_Library/Core/Src/usbd_ioreq.o
                0x000000000800aeb6                USBD_CtlContinueSendData
 .text.USBD_CtlPrepareRx
                0x000000000800aed8       0x3a ./Middlewares/ST/STM32_USB_Device_Library/Core/Src/usbd_ioreq.o
                0x000000000800aed8                USBD_CtlPrepareRx
 .text.USBD_CtlContinueRx
                0x000000000800af12       0x22 ./Middlewares/ST/STM32_USB_Device_Library/Core/Src/usbd_ioreq.o
                0x000000000800af12                USBD_CtlContinueRx
 .text.USBD_CtlSendStatus
                0x000000000800af34       0x26 ./Middlewares/ST/STM32_USB_Device_Library/Core/Src/usbd_ioreq.o
                0x000000000800af34                USBD_CtlSendStatus
 .text.USBD_CtlReceiveStatus
                0x000000000800af5a       0x26 ./Middlewares/ST/STM32_USB_Device_Library/Core/Src/usbd_ioreq.o
                0x000000000800af5a                USBD_CtlReceiveStatus
 .text.SVC_Setup
                0x000000000800af80        0xe ./Middlewares/Third_Party/FreeRTOS/Source/CMSIS_RTOS_V2/cmsis_os2.o
 *fill*         0x000000000800af8e        0x2 
 .text.osKernelInitialize
                0x000000000800af90       0x68 ./Middlewares/Third_Party/FreeRTOS/Source/CMSIS_RTOS_V2/cmsis_os2.o
                0x000000000800af90                osKernelInitialize
 .text.osKernelStart
                0x000000000800aff8       0x6c ./Middlewares/Third_Party/FreeRTOS/Source/CMSIS_RTOS_V2/cmsis_os2.o
                0x000000000800aff8                osKernelStart
 .text.osThreadNew
                0x000000000800b064      0x14c ./Middlewares/Third_Party/FreeRTOS/Source/CMSIS_RTOS_V2/cmsis_os2.o
                0x000000000800b064                osThreadNew
 .text.osDelay  0x000000000800b1b0       0x5c ./Middlewares/Third_Party/FreeRTOS/Source/CMSIS_RTOS_V2/cmsis_os2.o
                0x000000000800b1b0                osDelay
 .text.vApplicationGetIdleTaskMemory
                0x000000000800b20c       0x34 ./Middlewares/Third_Party/FreeRTOS/Source/CMSIS_RTOS_V2/cmsis_os2.o
                0x000000000800b20c                vApplicationGetIdleTaskMemory
 .text.vApplicationGetTimerTaskMemory
                0x000000000800b240       0x34 ./Middlewares/Third_Party/FreeRTOS/Source/CMSIS_RTOS_V2/cmsis_os2.o
                0x000000000800b240                vApplicationGetTimerTaskMemory
 .text.vListInitialise
                0x000000000800b274       0x40 ./Middlewares/Third_Party/FreeRTOS/Source/list.o
                0x000000000800b274                vListInitialise
 .text.vListInitialiseItem
                0x000000000800b2b4       0x1a ./Middlewares/Third_Party/FreeRTOS/Source/list.o
                0x000000000800b2b4                vListInitialiseItem
 .text.vListInsertEnd
                0x000000000800b2ce       0x48 ./Middlewares/Third_Party/FreeRTOS/Source/list.o
                0x000000000800b2ce                vListInsertEnd
 .text.vListInsert
                0x000000000800b316       0x72 ./Middlewares/Third_Party/FreeRTOS/Source/list.o
                0x000000000800b316                vListInsert
 .text.uxListRemove
                0x000000000800b388       0x54 ./Middlewares/Third_Party/FreeRTOS/Source/list.o
                0x000000000800b388                uxListRemove
 .text.xQueueGenericReset
                0x000000000800b3dc       0xd4 ./Middlewares/Third_Party/FreeRTOS/Source/queue.o
                0x000000000800b3dc                xQueueGenericReset
 .text.xQueueGenericCreateStatic
                0x000000000800b4b0      0x104 ./Middlewares/Third_Party/FreeRTOS/Source/queue.o
                0x000000000800b4b0                xQueueGenericCreateStatic
 .text.prvInitialiseNewQueue
                0x000000000800b5b4       0x46 ./Middlewares/Third_Party/FreeRTOS/Source/queue.o
 *fill*         0x000000000800b5fa        0x2 
 .text.xQueueGenericSend
                0x000000000800b5fc      0x20c ./Middlewares/Third_Party/FreeRTOS/Source/queue.o
                0x000000000800b5fc                xQueueGenericSend
 .text.xQueueGenericSendFromISR
                0x000000000800b808      0x140 ./Middlewares/Third_Party/FreeRTOS/Source/queue.o
                0x000000000800b808                xQueueGenericSendFromISR
 .text.xQueueReceive
                0x000000000800b948      0x1cc ./Middlewares/Third_Party/FreeRTOS/Source/queue.o
                0x000000000800b948                xQueueReceive
 .text.prvCopyDataToQueue
                0x000000000800bb14       0xd4 ./Middlewares/Third_Party/FreeRTOS/Source/queue.o
 .text.prvCopyDataFromQueue
                0x000000000800bbe8       0x4c ./Middlewares/Third_Party/FreeRTOS/Source/queue.o
 .text.prvUnlockQueue
                0x000000000800bc34       0xa4 ./Middlewares/Third_Party/FreeRTOS/Source/queue.o
 .text.prvIsQueueEmpty
                0x000000000800bcd8       0x2c ./Middlewares/Third_Party/FreeRTOS/Source/queue.o
 .text.prvIsQueueFull
                0x000000000800bd04       0x30 ./Middlewares/Third_Party/FreeRTOS/Source/queue.o
 .text.vQueueAddToRegistry
                0x000000000800bd34       0x54 ./Middlewares/Third_Party/FreeRTOS/Source/queue.o
                0x000000000800bd34                vQueueAddToRegistry
 .text.vQueueWaitForMessageRestricted
                0x000000000800bd88       0x68 ./Middlewares/Third_Party/FreeRTOS/Source/queue.o
                0x000000000800bd88                vQueueWaitForMessageRestricted
 .text.xTaskCreateStatic
                0x000000000800bdf0       0xc6 ./Middlewares/Third_Party/FreeRTOS/Source/tasks.o
                0x000000000800bdf0                xTaskCreateStatic
 .text.xTaskCreate
                0x000000000800beb6       0x8a ./Middlewares/Third_Party/FreeRTOS/Source/tasks.o
                0x000000000800beb6                xTaskCreate
 .text.prvInitialiseNewTask
                0x000000000800bf40      0x122 ./Middlewares/Third_Party/FreeRTOS/Source/tasks.o
 *fill*         0x000000000800c062        0x2 
 .text.prvAddNewTaskToReadyList
                0x000000000800c064       0xe0 ./Middlewares/Third_Party/FreeRTOS/Source/tasks.o
 .text.vTaskDelay
                0x000000000800c144       0x6c ./Middlewares/Third_Party/FreeRTOS/Source/tasks.o
                0x000000000800c144                vTaskDelay
 .text.vTaskStartScheduler
                0x000000000800c1b0       0xd4 ./Middlewares/Third_Party/FreeRTOS/Source/tasks.o
                0x000000000800c1b0                vTaskStartScheduler
 .text.vTaskSuspendAll
                0x000000000800c284       0x1c ./Middlewares/Third_Party/FreeRTOS/Source/tasks.o
                0x000000000800c284                vTaskSuspendAll
 .text.xTaskResumeAll
                0x000000000800c2a0      0x140 ./Middlewares/Third_Party/FreeRTOS/Source/tasks.o
                0x000000000800c2a0                xTaskResumeAll
 .text.xTaskGetTickCount
                0x000000000800c3e0       0x20 ./Middlewares/Third_Party/FreeRTOS/Source/tasks.o
                0x000000000800c3e0                xTaskGetTickCount
 .text.xTaskIncrementTick
                0x000000000800c400      0x178 ./Middlewares/Third_Party/FreeRTOS/Source/tasks.o
                0x000000000800c400                xTaskIncrementTick
 .text.vTaskSwitchContext
                0x000000000800c578       0xc0 ./Middlewares/Third_Party/FreeRTOS/Source/tasks.o
                0x000000000800c578                vTaskSwitchContext
 .text.vTaskPlaceOnEventList
                0x000000000800c638       0x4c ./Middlewares/Third_Party/FreeRTOS/Source/tasks.o
                0x000000000800c638                vTaskPlaceOnEventList
 .text.vTaskPlaceOnEventListRestricted
                0x000000000800c684       0x5c ./Middlewares/Third_Party/FreeRTOS/Source/tasks.o
                0x000000000800c684                vTaskPlaceOnEventListRestricted
 .text.xTaskRemoveFromEventList
                0x000000000800c6e0       0xcc ./Middlewares/Third_Party/FreeRTOS/Source/tasks.o
                0x000000000800c6e0                xTaskRemoveFromEventList
 .text.vTaskInternalSetTimeOutState
                0x000000000800c7ac       0x2c ./Middlewares/Third_Party/FreeRTOS/Source/tasks.o
                0x000000000800c7ac                vTaskInternalSetTimeOutState
 .text.xTaskCheckForTimeOut
                0x000000000800c7d8       0xcc ./Middlewares/Third_Party/FreeRTOS/Source/tasks.o
                0x000000000800c7d8                xTaskCheckForTimeOut
 .text.vTaskMissedYield
                0x000000000800c8a4       0x18 ./Middlewares/Third_Party/FreeRTOS/Source/tasks.o
                0x000000000800c8a4                vTaskMissedYield
 .text.prvIdleTask
                0x000000000800c8bc       0x30 ./Middlewares/Third_Party/FreeRTOS/Source/tasks.o
 .text.prvInitialiseTaskLists
                0x000000000800c8ec       0x80 ./Middlewares/Third_Party/FreeRTOS/Source/tasks.o
 .text.prvCheckTasksWaitingTermination
                0x000000000800c96c       0x5c ./Middlewares/Third_Party/FreeRTOS/Source/tasks.o
 .text.prvDeleteTCB
                0x000000000800c9c8       0x62 ./Middlewares/Third_Party/FreeRTOS/Source/tasks.o
 *fill*         0x000000000800ca2a        0x2 
 .text.prvResetNextTaskUnblockTime
                0x000000000800ca2c       0x40 ./Middlewares/Third_Party/FreeRTOS/Source/tasks.o
 .text.xTaskGetSchedulerState
                0x000000000800ca6c       0x3c ./Middlewares/Third_Party/FreeRTOS/Source/tasks.o
                0x000000000800ca6c                xTaskGetSchedulerState
 .text.xTaskPriorityDisinherit
                0x000000000800caa8       0xe4 ./Middlewares/Third_Party/FreeRTOS/Source/tasks.o
                0x000000000800caa8                xTaskPriorityDisinherit
 .text.prvAddCurrentTaskToDelayedList
                0x000000000800cb8c       0xa8 ./Middlewares/Third_Party/FreeRTOS/Source/tasks.o
 .text.xTimerCreateTimerTask
                0x000000000800cc34       0x94 ./Middlewares/Third_Party/FreeRTOS/Source/timers.o
                0x000000000800cc34                xTimerCreateTimerTask
 .text.xTimerGenericCommand
                0x000000000800ccc8       0xa0 ./Middlewares/Third_Party/FreeRTOS/Source/timers.o
                0x000000000800ccc8                xTimerGenericCommand
 .text.prvProcessExpiredTimer
                0x000000000800cd68       0x9c ./Middlewares/Third_Party/FreeRTOS/Source/timers.o
 .text.prvTimerTask
                0x000000000800ce04       0x24 ./Middlewares/Third_Party/FreeRTOS/Source/timers.o
 .text.prvProcessTimerOrBlockTask
                0x000000000800ce28       0x9c ./Middlewares/Third_Party/FreeRTOS/Source/timers.o
 .text.prvGetNextExpireTime
                0x000000000800cec4       0x48 ./Middlewares/Third_Party/FreeRTOS/Source/timers.o
 .text.prvSampleTimeNow
                0x000000000800cf0c       0x40 ./Middlewares/Third_Party/FreeRTOS/Source/timers.o
 .text.prvInsertTimerInActiveList
                0x000000000800cf4c       0x84 ./Middlewares/Third_Party/FreeRTOS/Source/timers.o
 .text.prvProcessReceivedCommands
                0x000000000800cfd0      0x1d0 ./Middlewares/Third_Party/FreeRTOS/Source/timers.o
 .text.prvSwitchTimerLists
                0x000000000800d1a0       0xcc ./Middlewares/Third_Party/FreeRTOS/Source/timers.o
 .text.prvCheckForValidListAndQueue
                0x000000000800d26c       0x80 ./Middlewares/Third_Party/FreeRTOS/Source/timers.o
 .text.pxPortInitialiseStack
                0x000000000800d2ec       0x68 ./Middlewares/Third_Party/FreeRTOS/Source/portable/GCC/ARM_CM7/r0p1/port.o
                0x000000000800d2ec                pxPortInitialiseStack
 .text.prvTaskExitError
                0x000000000800d354       0x60 ./Middlewares/Third_Party/FreeRTOS/Source/portable/GCC/ARM_CM7/r0p1/port.o
 *fill*         0x000000000800d3b4        0xc 
 .text.SVC_Handler
                0x000000000800d3c0       0x28 ./Middlewares/Third_Party/FreeRTOS/Source/portable/GCC/ARM_CM7/r0p1/port.o
                0x000000000800d3c0                SVC_Handler
 .text.prvPortStartFirstTask
                0x000000000800d3e8       0x28 ./Middlewares/Third_Party/FreeRTOS/Source/portable/GCC/ARM_CM7/r0p1/port.o
 .text.xPortStartScheduler
                0x000000000800d410       0xfc ./Middlewares/Third_Party/FreeRTOS/Source/portable/GCC/ARM_CM7/r0p1/port.o
                0x000000000800d410                xPortStartScheduler
 .text.vPortEnterCritical
                0x000000000800d50c       0x68 ./Middlewares/Third_Party/FreeRTOS/Source/portable/GCC/ARM_CM7/r0p1/port.o
                0x000000000800d50c                vPortEnterCritical
 .text.vPortExitCritical
                0x000000000800d574       0x58 ./Middlewares/Third_Party/FreeRTOS/Source/portable/GCC/ARM_CM7/r0p1/port.o
                0x000000000800d574                vPortExitCritical
 *fill*         0x000000000800d5cc        0x4 
 .text.PendSV_Handler
                0x000000000800d5d0       0x68 ./Middlewares/Third_Party/FreeRTOS/Source/portable/GCC/ARM_CM7/r0p1/port.o
                0x000000000800d5d0                PendSV_Handler
 .text.SysTick_Handler
                0x000000000800d638       0x48 ./Middlewares/Third_Party/FreeRTOS/Source/portable/GCC/ARM_CM7/r0p1/port.o
                0x000000000800d638                SysTick_Handler
 .text.vPortSetupTimerInterrupt
                0x000000000800d680       0x48 ./Middlewares/Third_Party/FreeRTOS/Source/portable/GCC/ARM_CM7/r0p1/port.o
                0x000000000800d680                vPortSetupTimerInterrupt
 .text.vPortEnableVFP
                0x000000000800d6c8       0x14 ./Middlewares/Third_Party/FreeRTOS/Source/portable/GCC/ARM_CM7/r0p1/port.o
 .text.vPortValidateInterruptPriority
                0x000000000800d6dc       0x88 ./Middlewares/Third_Party/FreeRTOS/Source/portable/GCC/ARM_CM7/r0p1/port.o
                0x000000000800d6dc                vPortValidateInterruptPriority
 .text.pvPortMalloc
                0x000000000800d764      0x194 ./Middlewares/Third_Party/FreeRTOS/Source/portable/MemMang/heap_4.o
                0x000000000800d764                pvPortMalloc
 .text.vPortFree
                0x000000000800d8f8       0xbc ./Middlewares/Third_Party/FreeRTOS/Source/portable/MemMang/heap_4.o
                0x000000000800d8f8                vPortFree
 .text.prvHeapInit
                0x000000000800d9b4       0xc4 ./Middlewares/Third_Party/FreeRTOS/Source/portable/MemMang/heap_4.o
 .text.prvInsertBlockIntoFreeList
                0x000000000800da78       0xb4 ./Middlewares/Third_Party/FreeRTOS/Source/portable/MemMang/heap_4.o
 .text.MX_USB_DEVICE_Init
                0x000000000800db2c       0x60 ./USB_DEVICE/App/usb_device.o
                0x000000000800db2c                MX_USB_DEVICE_Init
 .text.CDC_Init_FS
                0x000000000800db8c       0x28 ./USB_DEVICE/App/usbd_cdc_if.o
 .text.CDC_DeInit_FS
                0x000000000800dbb4       0x10 ./USB_DEVICE/App/usbd_cdc_if.o
 .text.CDC_Control_FS
                0x000000000800dbc4       0xbc ./USB_DEVICE/App/usbd_cdc_if.o
 .text.CDC_Receive_FS
                0x000000000800dc80       0x28 ./USB_DEVICE/App/usbd_cdc_if.o
 .text.CDC_Transmit_FS
                0x000000000800dca8       0x4c ./USB_DEVICE/App/usbd_cdc_if.o
                0x000000000800dca8                CDC_Transmit_FS
 .text.CDC_TransmitCplt_FS
                0x000000000800dcf4       0x22 ./USB_DEVICE/App/usbd_cdc_if.o
 *fill*         0x000000000800dd16        0x2 
 .text.USBD_FS_DeviceDescriptor
                0x000000000800dd18       0x24 ./USB_DEVICE/App/usbd_desc.o
                0x000000000800dd18                USBD_FS_DeviceDescriptor
 .text.USBD_FS_LangIDStrDescriptor
                0x000000000800dd3c       0x24 ./USB_DEVICE/App/usbd_desc.o
                0x000000000800dd3c                USBD_FS_LangIDStrDescriptor
 .text.USBD_FS_ProductStrDescriptor
                0x000000000800dd60       0x3c ./USB_DEVICE/App/usbd_desc.o
                0x000000000800dd60                USBD_FS_ProductStrDescriptor
 .text.USBD_FS_ManufacturerStrDescriptor
                0x000000000800dd9c       0x28 ./USB_DEVICE/App/usbd_desc.o
                0x000000000800dd9c                USBD_FS_ManufacturerStrDescriptor
 .text.USBD_FS_SerialStrDescriptor
                0x000000000800ddc4       0x24 ./USB_DEVICE/App/usbd_desc.o
                0x000000000800ddc4                USBD_FS_SerialStrDescriptor
 .text.USBD_FS_ConfigStrDescriptor
                0x000000000800dde8       0x3c ./USB_DEVICE/App/usbd_desc.o
                0x000000000800dde8                USBD_FS_ConfigStrDescriptor
 .text.USBD_FS_InterfaceStrDescriptor
                0x000000000800de24       0x3c ./USB_DEVICE/App/usbd_desc.o
                0x000000000800de24                USBD_FS_InterfaceStrDescriptor
 .text.USBD_FS_USR_BOSDescriptor
                0x000000000800de60       0x24 ./USB_DEVICE/App/usbd_desc.o
                0x000000000800de60                USBD_FS_USR_BOSDescriptor
 .text.Get_SerialNum
                0x000000000800de84       0x58 ./USB_DEVICE/App/usbd_desc.o
 .text.IntToUnicode
                0x000000000800dedc       0x7e ./USB_DEVICE/App/usbd_desc.o
 *fill*         0x000000000800df5a        0x2 
 .text.HAL_PCD_MspInit
                0x000000000800df5c      0x104 ./USB_DEVICE/Target/usbd_conf.o
                0x000000000800df5c                HAL_PCD_MspInit
 .text.HAL_PCD_SetupStageCallback
                0x000000000800e060       0x24 ./USB_DEVICE/Target/usbd_conf.o
                0x000000000800e060                HAL_PCD_SetupStageCallback
 .text.HAL_PCD_DataOutStageCallback
                0x000000000800e084       0x36 ./USB_DEVICE/Target/usbd_conf.o
                0x000000000800e084                HAL_PCD_DataOutStageCallback
 .text.HAL_PCD_DataInStageCallback
                0x000000000800e0ba       0x34 ./USB_DEVICE/Target/usbd_conf.o
                0x000000000800e0ba                HAL_PCD_DataInStageCallback
 .text.HAL_PCD_SOFCallback
                0x000000000800e0ee       0x1c ./USB_DEVICE/Target/usbd_conf.o
                0x000000000800e0ee                HAL_PCD_SOFCallback
 .text.HAL_PCD_ResetCallback
                0x000000000800e10a       0x50 ./USB_DEVICE/Target/usbd_conf.o
                0x000000000800e10a                HAL_PCD_ResetCallback
 *fill*         0x000000000800e15a        0x2 
 .text.HAL_PCD_SuspendCallback
                0x000000000800e15c       0x4c ./USB_DEVICE/Target/usbd_conf.o
                0x000000000800e15c                HAL_PCD_SuspendCallback
 .text.HAL_PCD_ResumeCallback
                0x000000000800e1a8       0x1c ./USB_DEVICE/Target/usbd_conf.o
                0x000000000800e1a8                HAL_PCD_ResumeCallback
 .text.HAL_PCD_ISOOUTIncompleteCallback
                0x000000000800e1c4       0x24 ./USB_DEVICE/Target/usbd_conf.o
                0x000000000800e1c4                HAL_PCD_ISOOUTIncompleteCallback
 .text.HAL_PCD_ISOINIncompleteCallback
                0x000000000800e1e8       0x24 ./USB_DEVICE/Target/usbd_conf.o
                0x000000000800e1e8                HAL_PCD_ISOINIncompleteCallback
 .text.HAL_PCD_ConnectCallback
                0x000000000800e20c       0x1c ./USB_DEVICE/Target/usbd_conf.o
                0x000000000800e20c                HAL_PCD_ConnectCallback
 .text.HAL_PCD_DisconnectCallback
                0x000000000800e228       0x1c ./USB_DEVICE/Target/usbd_conf.o
                0x000000000800e228                HAL_PCD_DisconnectCallback
 .text.USBD_LL_Init
                0x000000000800e244       0x98 ./USB_DEVICE/Target/usbd_conf.o
                0x000000000800e244                USBD_LL_Init
 .text.USBD_LL_Start
                0x000000000800e2dc       0x36 ./USB_DEVICE/Target/usbd_conf.o
                0x000000000800e2dc                USBD_LL_Start
 .text.USBD_LL_OpenEP
                0x000000000800e312       0x4c ./USB_DEVICE/Target/usbd_conf.o
                0x000000000800e312                USBD_LL_OpenEP
 .text.USBD_LL_CloseEP
                0x000000000800e35e       0x3e ./USB_DEVICE/Target/usbd_conf.o
                0x000000000800e35e                USBD_LL_CloseEP
 .text.USBD_LL_StallEP
                0x000000000800e39c       0x3e ./USB_DEVICE/Target/usbd_conf.o
                0x000000000800e39c                USBD_LL_StallEP
 .text.USBD_LL_ClearStallEP
                0x000000000800e3da       0x3e ./USB_DEVICE/Target/usbd_conf.o
                0x000000000800e3da                USBD_LL_ClearStallEP
 .text.USBD_LL_IsStallEP
                0x000000000800e418       0x58 ./USB_DEVICE/Target/usbd_conf.o
                0x000000000800e418                USBD_LL_IsStallEP
 .text.USBD_LL_SetUSBAddress
                0x000000000800e470       0x3e ./USB_DEVICE/Target/usbd_conf.o
                0x000000000800e470                USBD_LL_SetUSBAddress
 .text.USBD_LL_Transmit
                0x000000000800e4ae       0x42 ./USB_DEVICE/Target/usbd_conf.o
                0x000000000800e4ae                USBD_LL_Transmit
 .text.USBD_LL_PrepareReceive
                0x000000000800e4f0       0x42 ./USB_DEVICE/Target/usbd_conf.o
                0x000000000800e4f0                USBD_LL_PrepareReceive
 .text.USBD_LL_GetRxDataSize
                0x000000000800e532       0x26 ./USB_DEVICE/Target/usbd_conf.o
                0x000000000800e532                USBD_LL_GetRxDataSize
 .text.HAL_PCDEx_LPM_Callback
                0x000000000800e558       0x9c ./USB_DEVICE/Target/usbd_conf.o
                0x000000000800e558                HAL_PCDEx_LPM_Callback
 .text.SystemClockConfig_Resume
                0x000000000800e5f4        0xc ./USB_DEVICE/Target/usbd_conf.o
 .text.USBD_Get_USB_Status
                0x000000000800e600       0x58 ./USB_DEVICE/Target/usbd_conf.o
                0x000000000800e600                USBD_Get_USB_Status
 .text.malloc   0x000000000800e658       0x10 C:/ST/STM32CubeIDE_1.13.2/STM32CubeIDE/plugins/com.st.stm32cube.ide.mcu.externaltools.gnu-tools-for-stm32.11.3.rel1.win32_1.1.100.202309141235/tools/bin/../lib/gcc/arm-none-eabi/11.3.1/../../../../arm-none-eabi/lib/thumb/v7e-m+dp/hard\libc_nano.a(libc_a-malloc.o)
                0x000000000800e658                malloc
 .text.free     0x000000000800e668       0x10 C:/ST/STM32CubeIDE_1.13.2/STM32CubeIDE/plugins/com.st.stm32cube.ide.mcu.externaltools.gnu-tools-for-stm32.11.3.rel1.win32_1.1.100.202309141235/tools/bin/../lib/gcc/arm-none-eabi/11.3.1/../../../../arm-none-eabi/lib/thumb/v7e-m+dp/hard\libc_nano.a(libc_a-malloc.o)
                0x000000000800e668                free
 .text.sbrk_aligned
                0x000000000800e678       0x40 C:/ST/STM32CubeIDE_1.13.2/STM32CubeIDE/plugins/com.st.stm32cube.ide.mcu.externaltools.gnu-tools-for-stm32.11.3.rel1.win32_1.1.100.202309141235/tools/bin/../lib/gcc/arm-none-eabi/11.3.1/../../../../arm-none-eabi/lib/thumb/v7e-m+dp/hard\libc_nano.a(libc_a-mallocr.o)
 .text._malloc_r
                0x000000000800e6b8      0x100 C:/ST/STM32CubeIDE_1.13.2/STM32CubeIDE/plugins/com.st.stm32cube.ide.mcu.externaltools.gnu-tools-for-stm32.11.3.rel1.win32_1.1.100.202309141235/tools/bin/../lib/gcc/arm-none-eabi/11.3.1/../../../../arm-none-eabi/lib/thumb/v7e-m+dp/hard\libc_nano.a(libc_a-mallocr.o)
                0x000000000800e6b8                _malloc_r
 .text.__malloc_lock
                0x000000000800e7b8        0xc C:/ST/STM32CubeIDE_1.13.2/STM32CubeIDE/plugins/com.st.stm32cube.ide.mcu.externaltools.gnu-tools-for-stm32.11.3.rel1.win32_1.1.100.202309141235/tools/bin/../lib/gcc/arm-none-eabi/11.3.1/../../../../arm-none-eabi/lib/thumb/v7e-m+dp/hard\libc_nano.a(libc_a-mlock.o)
                0x000000000800e7b8                __malloc_lock
 .text.__malloc_unlock
                0x000000000800e7c4        0xc C:/ST/STM32CubeIDE_1.13.2/STM32CubeIDE/plugins/com.st.stm32cube.ide.mcu.externaltools.gnu-tools-for-stm32.11.3.rel1.win32_1.1.100.202309141235/tools/bin/../lib/gcc/arm-none-eabi/11.3.1/../../../../arm-none-eabi/lib/thumb/v7e-m+dp/hard\libc_nano.a(libc_a-mlock.o)
                0x000000000800e7c4                __malloc_unlock
 .text.sprintf  0x000000000800e7d0       0x40 C:/ST/STM32CubeIDE_1.13.2/STM32CubeIDE/plugins/com.st.stm32cube.ide.mcu.externaltools.gnu-tools-for-stm32.11.3.rel1.win32_1.1.100.202309141235/tools/bin/../lib/gcc/arm-none-eabi/11.3.1/../../../../arm-none-eabi/lib/thumb/v7e-m+dp/hard\libc_nano.a(libc_a-sprintf.o)
                0x000000000800e7d0                siprintf
                0x000000000800e7d0                sprintf
 .text.memset   0x000000000800e810       0x10 C:/ST/STM32CubeIDE_1.13.2/STM32CubeIDE/plugins/com.st.stm32cube.ide.mcu.externaltools.gnu-tools-for-stm32.11.3.rel1.win32_1.1.100.202309141235/tools/bin/../lib/gcc/arm-none-eabi/11.3.1/../../../../arm-none-eabi/lib/thumb/v7e-m+dp/hard\libc_nano.a(libc_a-memset.o)
                0x000000000800e810                memset
 .text._sbrk_r  0x000000000800e820       0x20 C:/ST/STM32CubeIDE_1.13.2/STM32CubeIDE/plugins/com.st.stm32cube.ide.mcu.externaltools.gnu-tools-for-stm32.11.3.rel1.win32_1.1.100.202309141235/tools/bin/../lib/gcc/arm-none-eabi/11.3.1/../../../../arm-none-eabi/lib/thumb/v7e-m+dp/hard\libc_nano.a(libc_a-sbrkr.o)
                0x000000000800e820                _sbrk_r
 .text.__errno  0x000000000800e840        0xc C:/ST/STM32CubeIDE_1.13.2/STM32CubeIDE/plugins/com.st.stm32cube.ide.mcu.externaltools.gnu-tools-for-stm32.11.3.rel1.win32_1.1.100.202309141235/tools/bin/../lib/gcc/arm-none-eabi/11.3.1/../../../../arm-none-eabi/lib/thumb/v7e-m+dp/hard\libc_nano.a(libc_a-errno.o)
                0x000000000800e840                __errno
 .text.__libc_init_array
                0x000000000800e84c       0x48 C:/ST/STM32CubeIDE_1.13.2/STM32CubeIDE/plugins/com.st.stm32cube.ide.mcu.externaltools.gnu-tools-for-stm32.11.3.rel1.win32_1.1.100.202309141235/tools/bin/../lib/gcc/arm-none-eabi/11.3.1/../../../../arm-none-eabi/lib/thumb/v7e-m+dp/hard\libc_nano.a(libc_a-init.o)
                0x000000000800e84c                __libc_init_array
 .text.__retarget_lock_acquire_recursive
                0x000000000800e894        0x2 C:/ST/STM32CubeIDE_1.13.2/STM32CubeIDE/plugins/com.st.stm32cube.ide.mcu.externaltools.gnu-tools-for-stm32.11.3.rel1.win32_1.1.100.202309141235/tools/bin/../lib/gcc/arm-none-eabi/11.3.1/../../../../arm-none-eabi/lib/thumb/v7e-m+dp/hard\libc_nano.a(libc_a-lock.o)
                0x000000000800e894                __retarget_lock_acquire_recursive
 .text.__retarget_lock_release_recursive
                0x000000000800e896        0x2 C:/ST/STM32CubeIDE_1.13.2/STM32CubeIDE/plugins/com.st.stm32cube.ide.mcu.externaltools.gnu-tools-for-stm32.11.3.rel1.win32_1.1.100.202309141235/tools/bin/../lib/gcc/arm-none-eabi/11.3.1/../../../../arm-none-eabi/lib/thumb/v7e-m+dp/hard\libc_nano.a(libc_a-lock.o)
                0x000000000800e896                __retarget_lock_release_recursive
 .text.memcpy   0x000000000800e898       0x1c C:/ST/STM32CubeIDE_1.13.2/STM32CubeIDE/plugins/com.st.stm32cube.ide.mcu.externaltools.gnu-tools-for-stm32.11.3.rel1.win32_1.1.100.202309141235/tools/bin/../lib/gcc/arm-none-eabi/11.3.1/../../../../arm-none-eabi/lib/thumb/v7e-m+dp/hard\libc_nano.a(libc_a-memcpy-stub.o)
                0x000000000800e898                memcpy
 .text._free_r  0x000000000800e8b4       0x98 C:/ST/STM32CubeIDE_1.13.2/STM32CubeIDE/plugins/com.st.stm32cube.ide.mcu.externaltools.gnu-tools-for-stm32.11.3.rel1.win32_1.1.100.202309141235/tools/bin/../lib/gcc/arm-none-eabi/11.3.1/../../../../arm-none-eabi/lib/thumb/v7e-m+dp/hard\libc_nano.a(libc_a-freer.o)
                0x000000000800e8b4                _free_r
 .text.__ssputs_r
                0x000000000800e94c       0xb4 C:/ST/STM32CubeIDE_1.13.2/STM32CubeIDE/plugins/com.st.stm32cube.ide.mcu.externaltools.gnu-tools-for-stm32.11.3.rel1.win32_1.1.100.202309141235/tools/bin/../lib/gcc/arm-none-eabi/11.3.1/../../../../arm-none-eabi/lib/thumb/v7e-m+dp/hard\libc_nano.a(libc_a-nano-svfprintf.o)
                0x000000000800e94c                __ssputs_r
 .text._svfprintf_r
                0x000000000800ea00      0x1fc C:/ST/STM32CubeIDE_1.13.2/STM32CubeIDE/plugins/com.st.stm32cube.ide.mcu.externaltools.gnu-tools-for-stm32.11.3.rel1.win32_1.1.100.202309141235/tools/bin/../lib/gcc/arm-none-eabi/11.3.1/../../../../arm-none-eabi/lib/thumb/v7e-m+dp/hard\libc_nano.a(libc_a-nano-svfprintf.o)
                0x000000000800ea00                _svfiprintf_r
                0x000000000800ea00                _svfprintf_r
 .text._printf_common
                0x000000000800ebfc       0xda C:/ST/STM32CubeIDE_1.13.2/STM32CubeIDE/plugins/com.st.stm32cube.ide.mcu.externaltools.gnu-tools-for-stm32.11.3.rel1.win32_1.1.100.202309141235/tools/bin/../lib/gcc/arm-none-eabi/11.3.1/../../../../arm-none-eabi/lib/thumb/v7e-m+dp/hard\libc_nano.a(libc_a-nano-vfprintf_i.o)
                0x000000000800ebfc                _printf_common
 *fill*         0x000000000800ecd6        0x2 
 .text._printf_i
                0x000000000800ecd8      0x244 C:/ST/STM32CubeIDE_1.13.2/STM32CubeIDE/plugins/com.st.stm32cube.ide.mcu.externaltools.gnu-tools-for-stm32.11.3.rel1.win32_1.1.100.202309141235/tools/bin/../lib/gcc/arm-none-eabi/11.3.1/../../../../arm-none-eabi/lib/thumb/v7e-m+dp/hard\libc_nano.a(libc_a-nano-vfprintf_i.o)
                0x000000000800ecd8                _printf_i
 .text.memmove  0x000000000800ef1c       0x34 C:/ST/STM32CubeIDE_1.13.2/STM32CubeIDE/plugins/com.st.stm32cube.ide.mcu.externaltools.gnu-tools-for-stm32.11.3.rel1.win32_1.1.100.202309141235/tools/bin/../lib/gcc/arm-none-eabi/11.3.1/../../../../arm-none-eabi/lib/thumb/v7e-m+dp/hard\libc_nano.a(libc_a-memmove.o)
                0x000000000800ef1c                memmove
 .text._realloc_r
                0x000000000800ef50       0x5e C:/ST/STM32CubeIDE_1.13.2/STM32CubeIDE/plugins/com.st.stm32cube.ide.mcu.externaltools.gnu-tools-for-stm32.11.3.rel1.win32_1.1.100.202309141235/tools/bin/../lib/gcc/arm-none-eabi/11.3.1/../../../../arm-none-eabi/lib/thumb/v7e-m+dp/hard\libc_nano.a(libc_a-reallocr.o)
                0x000000000800ef50                _realloc_r
 .text._malloc_usable_size_r
                0x000000000800efae       0x10 C:/ST/STM32CubeIDE_1.13.2/STM32CubeIDE/plugins/com.st.stm32cube.ide.mcu.externaltools.gnu-tools-for-stm32.11.3.rel1.win32_1.1.100.202309141235/tools/bin/../lib/gcc/arm-none-eabi/11.3.1/../../../../arm-none-eabi/lib/thumb/v7e-m+dp/hard\libc_nano.a(libc_a-msizer.o)
                0x000000000800efae                _malloc_usable_size_r
 *(.glue_7)
 .glue_7        0x000000000800efbe        0x0 linker stubs
 *(.glue_7t)
 .glue_7t       0x000000000800efbe        0x0 linker stubs
 *(.eh_frame)
 *fill*         0x000000000800efbe        0x2 
 .eh_frame      0x000000000800efc0        0x0 C:/ST/STM32CubeIDE_1.13.2/STM32CubeIDE/plugins/com.st.stm32cube.ide.mcu.externaltools.gnu-tools-for-stm32.11.3.rel1.win32_1.1.100.202309141235/tools/bin/../lib/gcc/arm-none-eabi/11.3.1/thumb/v7e-m+dp/hard/crtbegin.o
 *(.init)
 .init          0x000000000800efc0        0x4 C:/ST/STM32CubeIDE_1.13.2/STM32CubeIDE/plugins/com.st.stm32cube.ide.mcu.externaltools.gnu-tools-for-stm32.11.3.rel1.win32_1.1.100.202309141235/tools/bin/../lib/gcc/arm-none-eabi/11.3.1/thumb/v7e-m+dp/hard/crti.o
                0x000000000800efc0                _init
 .init          0x000000000800efc4        0x8 C:/ST/STM32CubeIDE_1.13.2/STM32CubeIDE/plugins/com.st.stm32cube.ide.mcu.externaltools.gnu-tools-for-stm32.11.3.rel1.win32_1.1.100.202309141235/tools/bin/../lib/gcc/arm-none-eabi/11.3.1/thumb/v7e-m+dp/hard/crtn.o
 *(.fini)
 .fini          0x000000000800efcc        0x4 C:/ST/STM32CubeIDE_1.13.2/STM32CubeIDE/plugins/com.st.stm32cube.ide.mcu.externaltools.gnu-tools-for-stm32.11.3.rel1.win32_1.1.100.202309141235/tools/bin/../lib/gcc/arm-none-eabi/11.3.1/thumb/v7e-m+dp/hard/crti.o
                0x000000000800efcc                _fini
 .fini          0x000000000800efd0        0x8 C:/ST/STM32CubeIDE_1.13.2/STM32CubeIDE/plugins/com.st.stm32cube.ide.mcu.externaltools.gnu-tools-for-stm32.11.3.rel1.win32_1.1.100.202309141235/tools/bin/../lib/gcc/arm-none-eabi/11.3.1/thumb/v7e-m+dp/hard/crtn.o
                0x000000000800efd8                . = ALIGN (0x4)
                0x000000000800efd8                _etext = .

.vfp11_veneer   0x000000000800efd8        0x0
 .vfp11_veneer  0x000000000800efd8        0x0 linker stubs

.v4_bx          0x000000000800efd8        0x0
 .v4_bx         0x000000000800efd8        0x0 linker stubs

.iplt           0x000000000800efd8        0x0
 .iplt          0x000000000800efd8        0x0 C:/ST/STM32CubeIDE_1.13.2/STM32CubeIDE/plugins/com.st.stm32cube.ide.mcu.externaltools.gnu-tools-for-stm32.11.3.rel1.win32_1.1.100.202309141235/tools/bin/../lib/gcc/arm-none-eabi/11.3.1/thumb/v7e-m+dp/hard/crtbegin.o

.rodata         0x000000000800efd8      0x150
                0x000000000800efd8                . = ALIGN (0x4)
 *(.rodata)
 .rodata        0x000000000800efd8       0x2e ./Core/Src/main.o
 *fill*         0x000000000800f006        0x2 
 .rodata        0x000000000800f008        0x5 ./Middlewares/Third_Party/FreeRTOS/Source/tasks.o
 *fill*         0x000000000800f00d        0x3 
 .rodata        0x000000000800f010        0xd ./Middlewares/Third_Party/FreeRTOS/Source/timers.o
 *fill*         0x000000000800f01d        0x3 
 .rodata        0x000000000800f020       0x46 ./USB_DEVICE/App/usbd_desc.o
 *(.rodata*)
 *fill*         0x000000000800f066        0x2 
 .rodata.Maquina_Estats_attributes
                0x000000000800f068       0x24 ./Core/Src/main.o
                0x000000000800f068                Maquina_Estats_attributes
 .rodata.CAN_TX_attributes
                0x000000000800f08c       0x24 ./Core/Src/main.o
                0x000000000800f08c                CAN_TX_attributes
 .rodata.USB_TASK_attributes
                0x000000000800f0b0       0x24 ./Core/Src/main.o
                0x000000000800f0b0                USB_TASK_attributes
 .rodata.AHBPrescTable
                0x000000000800f0d4       0x10 ./Core/Src/system_stm32f7xx.o
                0x000000000800f0d4                AHBPrescTable
 .rodata.APBPrescTable
                0x000000000800f0e4        0x8 ./Core/Src/system_stm32f7xx.o
                0x000000000800f0e4                APBPrescTable
 .rodata.flagBitshiftOffset.0
                0x000000000800f0ec        0x8 ./Drivers/STM32F7xx_HAL_Driver/Src/stm32f7xx_hal_dma.o
 .rodata._svfprintf_r.str1.1
                0x000000000800f0f4       0x11 C:/ST/STM32CubeIDE_1.13.2/STM32CubeIDE/plugins/com.st.stm32cube.ide.mcu.externaltools.gnu-tools-for-stm32.11.3.rel1.win32_1.1.100.202309141235/tools/bin/../lib/gcc/arm-none-eabi/11.3.1/../../../../arm-none-eabi/lib/thumb/v7e-m+dp/hard\libc_nano.a(libc_a-nano-svfprintf.o)
 .rodata._printf_i.str1.1
                0x000000000800f105       0x22 C:/ST/STM32CubeIDE_1.13.2/STM32CubeIDE/plugins/com.st.stm32cube.ide.mcu.externaltools.gnu-tools-for-stm32.11.3.rel1.win32_1.1.100.202309141235/tools/bin/../lib/gcc/arm-none-eabi/11.3.1/../../../../arm-none-eabi/lib/thumb/v7e-m+dp/hard\libc_nano.a(libc_a-nano-vfprintf_i.o)
                0x000000000800f128                . = ALIGN (0x4)
 *fill*         0x000000000800f127        0x1 

.ARM.extab      0x000000000800f128        0x0
                0x000000000800f128                . = ALIGN (0x4)
 *(.ARM.extab* .gnu.linkonce.armextab.*)
                0x000000000800f128                . = ALIGN (0x4)

.ARM            0x000000000800f128        0x8
                0x000000000800f128                . = ALIGN (0x4)
                0x000000000800f128                __exidx_start = .
 *(.ARM.exidx*)
 .ARM.exidx     0x000000000800f128        0x8 C:/ST/STM32CubeIDE_1.13.2/STM32CubeIDE/plugins/com.st.stm32cube.ide.mcu.externaltools.gnu-tools-for-stm32.11.3.rel1.win32_1.1.100.202309141235/tools/bin/../lib/gcc/arm-none-eabi/11.3.1/thumb/v7e-m+dp/hard\libgcc.a(_udivmoddi4.o)
                0x000000000800f130                __exidx_end = .
                0x000000000800f130                . = ALIGN (0x4)

.rel.dyn        0x000000000800f130        0x0
 .rel.iplt      0x000000000800f130        0x0 C:/ST/STM32CubeIDE_1.13.2/STM32CubeIDE/plugins/com.st.stm32cube.ide.mcu.externaltools.gnu-tools-for-stm32.11.3.rel1.win32_1.1.100.202309141235/tools/bin/../lib/gcc/arm-none-eabi/11.3.1/thumb/v7e-m+dp/hard/crtbegin.o

.preinit_array  0x000000000800f130        0x0
                0x000000000800f130                . = ALIGN (0x4)